[GC 33792K->6630K(125952K), 0.0137180 secs]
[GC 40422K->6850K(159744K), 0.0089380 secs]
[GC 74434K->9980K(159744K), 0.0134650 secs]
[GC 77564K->11265K(227328K), 0.0122980 secs]
Started server on port 3000
[GC 146433K->15186K(227328K), 0.0192290 secs]
[GC 150354K->15290K(222720K), 0.0161360 secs]
[GC 145338K->15343K(215040K), 0.0155570 secs]
[GC 140271K->15335K(208896K), 0.0075180 secs]
[GC 135655K->15403K(203264K), 0.0047540 secs]
[GC 131115K->15435K(199168K), 0.0025410 secs]
[GC 127051K->15443K(206336K), 0.0023050 secs]
[GC 122963K->15443K(191488K), 0.0023250 secs]
[GC 119379K->15451K(199168K), 0.0025940 secs]
[GC 115803K->15467K(184320K), 0.0023080 secs]
[GC 112235K->15467K(191488K), 0.0023070 secs]
[GC 108651K->15475K(177664K), 0.0023410 secs]
[GC 105587K->15475K(184832K), 0.0023290 secs]
[GC 102515K->15491K(171520K), 0.0025120 secs]
[GC 99459K->15491K(178176K), 0.0024020 secs]
[GC 96899K->15499K(166400K), 0.0022700 secs]
[GC 94347K->15499K(172032K), 0.0023660 secs]
[GC 91787K->15499K(161280K), 0.0024130 secs]
[GC 89227K->15515K(166912K), 0.0024380 secs]
[GC 87195K->15483K(157184K), 0.0024080 secs]
[GC 85115K->15523K(161792K), 0.0023150 secs]
[GC 83107K->15523K(153088K), 0.0023410 secs]
[GC 81059K->15523K(157184K), 0.0023270 secs]
[GC 79011K->15539K(148992K), 0.0024490 secs]
[GC 76979K->15539K(152576K), 0.0024040 secs]
[GC 75443K->15539K(145920K), 0.0024470 secs]
[GC 73907K->15555K(148992K), 0.0025000 secs]
[GC 72387K->15555K(142848K), 0.0023210 secs]
[GC 70851K->15555K(145408K), 0.0023220 secs]
[GC 69315K->15563K(139776K), 0.0023980 secs]
[GC 67787K->15531K(141312K), 0.0024120 secs]
[GC 66219K->15563K(137216K), 0.0023160 secs]
[GC 65227K->15563K(139264K), 0.0023150 secs]
[GC 64203K->15571K(135168K), 0.0025590 secs]
[GC 63187K->15571K(136704K), 0.0022860 secs]
[GC 62163K->15571K(133120K), 0.0023420 secs]
[GC 61139K->15571K(134144K), 0.0021870 secs]
[GC 60115K->15579K(131072K), 0.0022640 secs]
[GC 59099K->15579K(131584K), 0.0022550 secs]
[GC 58075K->15515K(129024K), 0.0028060 secs]
[GC 56987K->15547K(129536K), 0.0025520 secs]
[GC 55995K->15587K(126976K), 0.0023090 secs]
[GC 55011K->15587K(126976K), 0.0023890 secs]
[GC 53987K->15587K(134656K), 0.0026860 secs]
[GC 62691K->15587K(134656K), 0.0028080 secs]
[GC 61667K->15603K(132608K), 0.0026700 secs]
[GC 60659K->15571K(132608K), 0.0023980 secs]
[GC 59603K->15603K(130560K), 0.0023470 secs]
[GC 58611K->15619K(130048K), 0.0022170 secs]
[GC 57603K->15619K(128512K), 0.0023760 secs]
[GC 56579K->15619K(128000K), 0.0024020 secs]
[GC 55555K->15619K(126464K), 0.0024180 secs]
[GC 54531K->15635K(135168K), 0.0024210 secs]
[GC 62739K->15635K(133632K), 0.0023240 secs]
[GC 61715K->15635K(133120K), 0.0023030 secs]
[GC 60691K->15571K(131584K), 0.0027820 secs]
[GC 59603K->15651K(131072K), 0.0023640 secs]
[GC 58659K->15651K(129536K), 0.0022980 secs]
[GC 57635K->15651K(128512K), 0.0022410 secs]
[GC 56611K->15651K(127488K), 0.0022960 secs]
[GC 55587K->15651K(126464K), 0.0022480 secs]
[GC 54563K->15675K(125440K), 0.0023130 secs]
[GC 53563K->15675K(133120K), 0.0023610 secs]
[GC 61243K->15675K(142336K), 0.0024560 secs]
[GC 70459K->15675K(140800K), 0.0023910 secs]
[GC 68923K->15691K(139264K), 0.0023220 secs]
[GC 67403K->15691K(137728K), 0.0023110 secs]
[GC 65867K->15691K(136704K), 0.0023690 secs]
[GC 64843K->15691K(135680K), 0.0022890 secs]
[GC 63819K->15707K(134656K), 0.0023170 secs]
[GC 62811K->15707K(133632K), 0.0022600 secs]
[GC 61787K->15707K(132608K), 0.0021830 secs]
[GC 60763K->15707K(131584K), 0.0021680 secs]
[GC 59739K->15723K(130560K), 0.0023190 secs]
[GC 58731K->15723K(129536K), 0.0022840 secs]
[GC 57707K->15723K(128512K), 0.0022660 secs]
[GC 56683K->15723K(127488K), 0.0023480 secs]
[GC 55659K->15731K(126464K), 0.0022430 secs]
[GC 54643K->15731K(125440K), 0.0022800 secs]
[GC 53619K->15731K(133120K), 0.0028130 secs]
[GC 61299K->15667K(142336K), 0.0029870 secs]
[GC 70451K->15755K(140800K), 0.0022980 secs]
[GC 69003K->15723K(139264K), 0.0022850 secs]
[GC 67435K->15723K(137728K), 0.0023180 secs]
[GC 65899K->15755K(136704K), 0.0022210 secs]
[GC 64907K->15771K(135680K), 0.0022750 secs]
[GC 63899K->15771K(134656K), 0.0030460 secs]
[GC 62875K->15771K(133632K), 0.0022490 secs]
[GC 61851K->15795K(132608K), 0.0023290 secs]
[GC 60851K->15795K(131584K), 0.0024150 secs]
[GC 59827K->15795K(130560K), 0.0022460 secs]
[GC 58803K->15795K(129536K), 0.0025020 secs]
[GC 57779K->15795K(128512K), 0.0022320 secs]
[GC 56755K->15819K(127488K), 0.0023800 secs]
[GC 55755K->15819K(135680K), 0.0026610 secs]
[GC 63947K->15819K(134656K), 0.0022440 secs]
[GC 62923K->15819K(133632K), 0.0023540 secs]
[GC 61899K->15827K(132608K), 0.0023290 secs]
[GC 60883K->15827K(131584K), 0.0024170 secs]
[GC 59859K->15827K(130560K), 0.0030660 secs]
[GC 58835K->15827K(129536K), 0.0021440 secs]
[GC 57811K->15835K(128512K), 0.0022520 secs]
[GC 56795K->15835K(127488K), 0.0022880 secs]
[GC 55771K->15835K(126464K), 0.0023070 secs]
[GC 54747K->15835K(125440K), 0.0024780 secs]
[GC 53723K->15843K(124928K), 0.0019470 secs]
[GC 53219K->15843K(124416K), 0.0025320 secs]
[GC 52707K->15843K(132096K), 0.0023550 secs]
[GC 60387K->15843K(131072K), 0.0022340 secs]
[GC 59363K->15859K(139776K), 0.0026930 secs]
[GC 68083K->15859K(138240K), 0.0025610 secs]
[GC 66547K->15875K(137216K), 0.0023360 secs]
[GC 65539K->15891K(136192K), 0.0023430 secs]
[GC 64531K->15891K(135168K), 0.0020540 secs]
[GC 63507K->15859K(134144K), 0.0022770 secs]
[GC 62451K->15891K(133120K), 0.0023200 secs]
[GC 61459K->15899K(132096K), 0.0022610 secs]
[GC 60443K->15899K(131072K), 0.0025140 secs]
[GC 59419K->15867K(130048K), 0.0024770 secs]
[GC 58363K->15899K(129024K), 0.0027790 secs]
[GC 57371K->15915K(128000K), 0.0022370 secs]
[GC 56363K->15915K(126976K), 0.0024470 secs]
[GC 55339K->15883K(125952K), 0.0023550 secs]
[GC 54283K->15915K(125440K), 0.0021840 secs]
[GC 53803K->15939K(124928K), 0.0023040 secs]
[GC 53315K->15939K(124416K), 0.0022580 secs]
[GC 52803K->15939K(132096K), 0.0024980 secs]
[GC 60483K->15955K(131072K), 0.0023730 secs]
[GC 59475K->15963K(130048K), 0.0023080 secs]
[GC 58459K->15963K(129024K), 0.0023280 secs]
[GC 57435K->15931K(137728K), 0.0026350 secs]
[GC 66107K->15963K(136704K), 0.0024900 secs]
[GC 65115K->15971K(135680K), 0.0023500 secs]
[GC 64099K->15971K(134656K), 0.0024580 secs]
[GC 63075K->15939K(133632K), 0.0023110 secs]
[GC 62019K->15971K(132608K), 0.0023990 secs]
[GC 61027K->15979K(131584K), 0.0023420 secs]
[GC 60011K->15979K(130560K), 0.0023630 secs]
[GC 58987K->15979K(129536K), 0.0023770 secs]
[GC 57963K->15923K(128512K), 0.0026490 secs]
[GC 56883K->15987K(127488K), 0.0022930 secs]
[GC 55923K->15955K(126464K), 0.0024180 secs]
[GC 54867K->15955K(125440K), 0.0023120 secs]
[GC 53843K->15995K(124928K), 0.0024210 secs]
[GC 53371K->15995K(124416K), 0.0025380 secs]
[GC 52859K->15931K(123904K), 0.0025520 secs]
[GC 52283K->16003K(123392K), 0.0023610 secs]
[GC 51843K->16003K(122880K), 0.0023100 secs]
[GC 51331K->16003K(122368K), 0.0024960 secs]
[GC 50819K->15979K(121856K), 0.0023480 secs]
[GC 50283K->15979K(121344K), 0.0022850 secs]
[GC 49771K->15979K(120832K), 0.0023100 secs]
[GC 49259K->15947K(120320K), 0.0024790 secs]
[GC 48715K->15987K(119808K), 0.0036330 secs]
[GC 48243K->16019K(119296K), 0.0024870 secs]
[GC 47763K->16027K(118784K), 0.0024020 secs]
[GC 47259K->15963K(118272K), 0.0028580 secs]
[GC 46683K->16027K(117760K), 0.0024600 secs]
[GC 46235K->15995K(117248K), 0.0030080 secs]
[GC 45691K->16035K(116736K), 0.0027380 secs]
[GC 45219K->15971K(116224K), 0.0024740 secs]
[GC 44643K->16003K(115712K), 0.0023980 secs]
[GC 44163K->15971K(121344K), 0.0029950 secs]
[GC 49763K->15979K(128512K), 0.0026650 secs]
[GC 56939K->16011K(136704K), 0.0023230 secs]
[GC 65163K->16011K(135680K), 0.0025290 secs]
[GC 64139K->16051K(134656K), 0.0024550 secs]
[GC 63155K->16019K(133632K), 0.0027270 secs]
[GC 62099K->16059K(132608K), 0.0025550 secs]
[GC 61115K->16027K(131584K), 0.0024040 secs]
[GC 60059K->16027K(130560K), 0.0026190 secs]
[GC 59035K->16035K(129536K), 0.0024150 secs]
[GC 58019K->16003K(128512K), 0.0026490 secs]
[GC 56963K->16035K(127488K), 0.0024590 secs]
[GC 55971K->16075K(126464K), 0.0023490 secs]
[GC 54987K->16075K(125440K), 0.0023410 secs]
[GC 53963K->16075K(124928K), 0.0022500 secs]
[GC 53451K->16083K(124416K), 0.0023850 secs]
[GC 52947K->16083K(123904K), 0.0023660 secs]
[GC 52435K->16083K(123392K), 0.0024040 secs]
[GC 51923K->16083K(122880K), 0.0023640 secs]
[GC 51411K->16083K(122368K), 0.0024040 secs]
[GC 50899K->16059K(121856K), 0.0023480 secs]
[GC 50363K->16091K(121344K), 0.0023360 secs]
[GC 49883K->16091K(120832K), 0.0024580 secs]
[GC 49371K->16091K(120320K), 0.0022440 secs]
[GC 48859K->16107K(119808K), 0.0021450 secs]
[GC 48363K->16075K(126464K), 0.0024620 secs]
[GC 54987K->16107K(134656K), 0.0022720 secs]
[GC 63211K->16107K(133632K), 0.0023910 secs]
[GC 62187K->16123K(132608K), 0.0026730 secs]
[GC 61179K->16091K(131584K), 0.0028830 secs]
[GC 60123K->16123K(130560K), 0.0026730 secs]
[GC 59131K->16123K(129536K), 0.0024640 secs]
[GC 58107K->16139K(128512K), 0.0023450 secs]
[GC 57099K->16139K(127488K), 0.0022890 secs]
[GC 56075K->16139K(126464K), 0.0022890 secs]
[GC 55051K->16139K(125440K), 0.0022570 secs]
[GC 54027K->16139K(124928K), 0.0023340 secs]
[GC 53515K->16155K(124416K), 0.0023020 secs]
[GC 53019K->16155K(132096K), 0.0024790 secs]
[GC 60699K->16123K(141312K), 0.0025730 secs]
[GC 69883K->16059K(152064K), 0.0051270 secs]
[GC 80571K->16179K(165376K), 0.0023210 secs]
[GC 94003K->16179K(162816K), 0.0023090 secs]
[GC 91443K->16179K(160256K), 0.0023720 secs]
[GC 88883K->16187K(158208K), 0.0021520 secs]
[GC 86843K->16187K(156160K), 0.0024080 secs]
[GC 84795K->16195K(154112K), 0.0022690 secs]
[GC 82755K->16195K(152064K), 0.0022950 secs]
[GC 80707K->16203K(150016K), 0.0022440 secs]
[GC 78667K->16203K(148480K), 0.0024510 secs]
[GC 77131K->16203K(146944K), 0.0024210 secs]
[GC 75595K->16219K(145408K), 0.0023370 secs]
[GC 74075K->16235K(143872K), 0.0023840 secs]
[GC 72555K->16243K(142336K), 0.0023080 secs]
[GC 71027K->16243K(140800K), 0.0025240 secs]
[GC 69491K->16219K(139264K), 0.0023300 secs]
[GC 67931K->16195K(137728K), 0.0023790 secs]
[GC 66371K->16259K(136704K), 0.0023020 secs]
[GC 65411K->16259K(135680K), 0.0023800 secs]
[GC 64387K->16259K(134656K), 0.0024960 secs]
[GC 63363K->16283K(133632K), 0.0023690 secs]
[GC 62363K->16283K(132608K), 0.0026660 secs]
[GC 61339K->16283K(131584K), 0.0033890 secs]
[GC 60315K->16291K(130560K), 0.0023330 secs]
[GC 59299K->16291K(129536K), 0.0022830 secs]
[GC 58275K->16307K(128512K), 0.0024080 secs]
[GC 57267K->16307K(127488K), 0.0022000 secs]
[GC 56243K->16307K(126464K), 0.0025470 secs]
[GC 55219K->16275K(125440K), 0.0021440 secs]
[GC 54163K->16331K(124928K), 0.0022140 secs]
[GC 53707K->16331K(124416K), 0.0023510 secs]
[GC 53195K->16331K(123904K), 0.0023440 secs]
[GC 52683K->16331K(131584K), 0.0024660 secs]
[GC 60363K->16347K(130560K), 0.0023060 secs]
[GC 59355K->16363K(129536K), 0.0023160 secs]
[GC 58347K->16363K(138240K), 0.0023880 secs]
[GC 67051K->16363K(137216K), 0.0023250 secs]
[GC 66027K->16363K(136192K), 0.0022600 secs]
[GC 65003K->16371K(135168K), 0.0023280 secs]
[GC 63987K->16387K(134144K), 0.0023500 secs]
[GC 62979K->16387K(133120K), 0.0023220 secs]
[GC 61955K->16387K(132096K), 0.0023430 secs]
[GC 60931K->16395K(131072K), 0.0022640 secs]
[GC 59915K->16395K(130048K), 0.0022610 secs]
[GC 58891K->16395K(129024K), 0.0022920 secs]
[GC 57867K->16395K(128000K), 0.0022350 secs]
[GC 56843K->16403K(126976K), 0.0022980 secs]
[GC 55827K->16403K(125952K), 0.0022740 secs]
[GC 54803K->16419K(133632K), 0.0022420 secs]
[GC 62499K->16419K(132608K), 0.0022860 secs]
[GC 61475K->16419K(131584K), 0.0022620 secs]
[GC 60451K->16443K(130560K), 0.0022780 secs]
[GC 59451K->16443K(129536K), 0.0024710 secs]
[GC 58427K->16459K(128512K), 0.0022930 secs]
[GC 57419K->16459K(136704K), 0.0024340 secs]
[GC 65611K->16475K(135680K), 0.0022590 secs]
[GC 64603K->16475K(134656K), 0.0022880 secs]
[GC 63579K->16475K(133632K), 0.0023200 secs]
[GC 62555K->16411K(132608K), 0.0029630 secs]
[GC 61467K->16491K(131584K), 0.0024730 secs]
[GC 60523K->16491K(130560K), 0.0022390 secs]
[GC 59499K->16491K(129536K), 0.0023550 secs]
[GC 58474K->16491K(128512K), 0.0023250 secs]
[GC 57451K->16475K(127488K), 0.0022850 secs]
[GC 56411K->16475K(126464K), 0.0025270 secs]
[GC 55387K->16507K(134656K), 0.0023420 secs]
[GC 63611K->16507K(133632K), 0.0023590 secs]
[GC 62587K->16507K(132608K), 0.0023350 secs]
[GC 61563K->16523K(131584K), 0.0022790 secs]
[GC 60555K->16523K(130560K), 0.0023440 secs]
[GC 59531K->16523K(129536K), 0.0022990 secs]
[GC 58507K->16523K(128512K), 0.0023460 secs]
[GC 57483K->16539K(127488K), 0.0023020 secs]
[GC 56475K->16539K(126464K), 0.0022140 secs]
[GC 55451K->16539K(134656K), 0.0023300 secs]
[GC 63643K->16539K(133632K), 0.0024560 secs]
[GC 62619K->16555K(132608K), 0.0023860 secs]
[GC 61611K->16523K(131584K), 0.0023500 secs]
[GC 60555K->16555K(130560K), 0.0024490 secs]
[GC 59563K->16555K(129536K), 0.0023340 secs]
[GC 58539K->16531K(138240K), 0.0026420 secs]
[GC 67219K->16579K(137216K), 0.0023390 secs]
[GC 66243K->16579K(136192K), 0.0024500 secs]
[GC 65219K->16579K(135168K), 0.0022960 secs]
[GC 64195K->16587K(134144K), 0.0022750 secs]
[GC 63179K->16595K(133120K), 0.0023680 secs]
[GC 62163K->16595K(132096K), 0.0024500 secs]
[GC 61139K->16595K(131072K), 0.0021550 secs]
[GC 60115K->16595K(130048K), 0.0023380 secs]
[GC 59091K->16603K(129024K), 0.0024230 secs]
[GC 58075K->16603K(128000K), 0.0024150 secs]
[GC 57051K->16603K(126976K), 0.0023070 secs]
[GC 56027K->16603K(135168K), 0.0023160 secs]
[GC 64219K->16611K(134144K), 0.0022450 secs]
[GC 63203K->16579K(133120K), 0.0024790 secs]
[GC 62147K->16611K(132096K), 0.0022580 secs]
[GC 61155K->16611K(131072K), 0.0022640 secs]
[GC 60131K->16619K(130048K), 0.0022990 secs]
[GC 59115K->16619K(129024K), 0.0023270 secs]
[GC 58091K->16619K(128000K), 0.0022620 secs]
[GC 57067K->16619K(126976K), 0.0022980 secs]
[GC 56043K->16587K(125952K), 0.0025430 secs]
[GC 54987K->16643K(125440K), 0.0022990 secs]
[GC 54531K->16643K(124928K), 0.0021990 secs]
[GC 54019K->16643K(132608K), 0.0022510 secs]
[GC 61699K->16643K(131584K), 0.0023110 secs]
[GC 60675K->16651K(130560K), 0.0022720 secs]
[GC 59659K->16651K(129536K), 0.0022690 secs]
[GC 58635K->16651K(128512K), 0.0022810 secs]
[GC 57611K->16651K(127488K), 0.0022560 secs]
[GC 56587K->16651K(135680K), 0.0024090 secs]
[GC 64779K->16675K(134656K), 0.0023780 secs]
[GC 63779K->16691K(133632K), 0.0022710 secs]
[GC 62771K->16691K(132608K), 0.0022120 secs]
[GC 61747K->16691K(131584K), 0.0022690 secs]
[GC 60723K->16699K(130560K), 0.0022730 secs]
[GC 59707K->16707K(129536K), 0.0023680 secs]
[GC 58691K->16707K(128512K), 0.0023850 secs]
[GC 57667K->16643K(136704K), 0.0039560 secs]
[GC 65795K->16683K(146944K), 0.0023960 secs]
[GC 76075K->16715K(145408K), 0.0022530 secs]
[GC 74571K->16715K(143872K), 0.0023430 secs]
[GC 73035K->16715K(142336K), 0.0026360 secs]
[GC 71499K->16731K(140800K), 0.0022530 secs]
[GC 69979K->16731K(139264K), 0.0022540 secs]
[GC 68443K->16731K(137728K), 0.0026620 secs]
[GC 66907K->16739K(136704K), 0.0023370 secs]
[GC 65891K->16739K(135680K), 0.0024270 secs]
[GC 64867K->16739K(134656K), 0.0022320 secs]
[GC 63843K->16739K(133632K), 0.0022520 secs]
[GC 62819K->16755K(132608K), 0.0023350 secs]
[GC 61811K->16755K(131584K), 0.0022780 secs]
[GC 60787K->16755K(130560K), 0.0022770 secs]
[GC 59763K->16755K(129536K), 0.0023330 secs]
[GC 58739K->16763K(128512K), 0.0022550 secs]
[GC 57723K->16763K(127488K), 0.0022860 secs]
[GC 56699K->16763K(126464K), 0.0024050 secs]
[GC 55675K->16763K(134656K), 0.0024110 secs]
[GC 63867K->16763K(133632K), 0.0024250 secs]
[GC 62843K->16771K(132608K), 0.0022740 secs]
[GC 61827K->16771K(131584K), 0.0023630 secs]
[GC 60803K->16739K(140800K), 0.0028990 secs]
[GC 69987K->16771K(139264K), 0.0023450 secs]
[GC 68483K->16787K(137728K), 0.0023930 secs]
[GC 66963K->16787K(136704K), 0.0024580 secs]
[GC 65939K->16787K(135680K), 0.0023700 secs]
[GC 64915K->16795K(134656K), 0.0023970 secs]
[GC 63899K->16795K(133632K), 0.0021940 secs]
[GC 62875K->16795K(132608K), 0.0023070 secs]
[GC 61851K->16795K(131584K), 0.0022620 secs]
[GC 60827K->16811K(130560K), 0.0022620 secs]
[GC 59819K->16811K(129536K), 0.0024830 secs]
[GC 58795K->16779K(128512K), 0.0023230 secs]
[GC 57739K->16811K(127488K), 0.0022500 secs]
[GC 56747K->16811K(126464K), 0.0022880 secs]
[GC 55723K->16827K(134656K), 0.0023270 secs]
[GC 63931K->16827K(133632K), 0.0023190 secs]
[GC 62907K->16827K(132608K), 0.0023000 secs]
[GC 61883K->16827K(131584K), 0.0022620 secs]
[GC 60859K->16835K(130560K), 0.0024410 secs]
[GC 59843K->16835K(129536K), 0.0023510 secs]
[GC 58819K->16835K(128512K), 0.0023030 secs]
[GC 57795K->16835K(127488K), 0.0022730 secs]
[GC 56771K->16835K(135680K), 0.0024090 secs]
[GC 64963K->16811K(145408K), 0.0027590 secs]
[GC 74667K->16843K(143872K), 0.0023230 secs]
[GC 73163K->16843K(142336K), 0.0022330 secs]
[GC 71627K->16859K(140800K), 0.0021660 secs]
[GC 70107K->16859K(139264K), 0.0023330 secs]
[GC 68571K->16859K(137728K), 0.0023520 secs]
[GC 67035K->16859K(136704K), 0.0021910 secs]
[GC 66011K->16867K(135680K), 0.0024880 secs]
[GC 64995K->16867K(134656K), 0.0023320 secs]
[GC 63971K->16883K(133632K), 0.0022860 secs]
[GC 62963K->16883K(132608K), 0.0022470 secs]
[GC 61939K->16891K(131584K), 0.0026040 secs]
[GC 60923K->16891K(130560K), 0.0023380 secs]
[GC 59899K->16891K(129536K), 0.0023480 secs]
[GC 58875K->16899K(128512K), 0.0022830 secs]
[GC 57859K->16923K(127488K), 0.0023080 secs]
[GC 56859K->16923K(126464K), 0.0022700 secs]
[GC 55835K->16923K(134656K), 0.0023410 secs]
[GC 64027K->16923K(144384K), 0.0032410 secs]
[GC 73755K->16923K(142848K), 0.0024640 secs]
[GC 72219K->16939K(141312K), 0.0023470 secs]
[GC 70699K->16939K(139776K), 0.0022120 secs]
[GC 69163K->16939K(138240K), 0.0022420 secs]
[GC 67627K->16947K(137216K), 0.0024950 secs]
[GC 66611K->16947K(136192K), 0.0022920 secs]
[GC 65584K->16915K(135168K), 0.0024130 secs]
[GC 64531K->16963K(134144K), 0.0023100 secs]
[GC 63555K->16971K(133120K), 0.0022900 secs]
[GC 62539K->16971K(132096K), 0.0022970 secs]
[GC 61515K->16987K(131072K), 0.0022500 secs]
[GC 60507K->16987K(130048K), 0.0023150 secs]
[GC 59483K->16971K(129024K), 0.0023330 secs]
[GC 58440K->17003K(128000K), 0.0023030 secs]
[GC 57451K->17003K(126976K), 0.0022510 secs]
[GC 56427K->17003K(125952K), 0.0022620 secs]
[GC 55403K->17003K(133632K), 0.0022870 secs]
[GC 63083K->17011K(132608K), 0.0023170 secs]
[GC 62067K->17011K(131584K), 0.0022800 secs]
[GC 61043K->17019K(130560K), 0.0023400 secs]
[GC 60027K->17019K(129536K), 0.0022890 secs]
[GC 59003K->17027K(128512K), 0.0023090 secs]
[GC 57987K->17027K(136704K), 0.0024480 secs]
[GC 66179K->17027K(135680K), 0.0024280 secs]
[GC 65155K->17003K(134656K), 0.0022580 secs]
[GC 64107K->17051K(133632K), 0.0024400 secs]
[GC 63131K->17059K(132608K), 0.0022790 secs]
[GC 62115K->17059K(131584K), 0.0023270 secs]
[GC 61091K->17059K(130560K), 0.0022920 secs]
[GC 60067K->17059K(129536K), 0.0024910 secs]
[GC 59043K->17075K(128512K), 0.0022770 secs]
[GC 58035K->17075K(127488K), 0.0022690 secs]
[GC 57011K->17075K(135680K), 0.0025220 secs]
[GC 65203K->17075K(134656K), 0.0021200 secs]
[GC 64179K->17083K(133632K), 0.0022770 secs]
[GC 63163K->17083K(132608K), 0.0023500 secs]
[GC 62139K->17099K(131584K), 0.0022760 secs]
[GC 61131K->17107K(130560K), 0.0022820 secs]
[GC 60115K->17115K(129536K), 0.0022850 secs]
[GC 59099K->17115K(128512K), 0.0022780 secs]
[GC 58075K->17115K(127488K), 0.0023210 secs]
[GC 57051K->17083K(135680K), 0.0033050 secs]
[GC 65211K->17083K(145408K), 0.0029500 secs]
[GC 74939K->17123K(143872K), 0.0023420 secs]
[GC 73443K->17123K(142336K), 0.0023180 secs]
[GC 71907K->17123K(140800K), 0.0023180 secs]
[GC 70371K->17107K(139264K), 0.0025670 secs]
[GC 68819K->17139K(137728K), 0.0024210 secs]
[GC 67315K->17139K(136704K), 0.0023150 secs]
[GC 66291K->17139K(135680K), 0.0023470 secs]
[GC 65267K->17147K(134656K), 0.0022760 secs]
[GC 64251K->17147K(133632K), 0.0022770 secs]
[GC 63227K->17147K(132608K), 0.0022770 secs]
[GC 62203K->17147K(131584K), 0.0023500 secs]
[GC 61179K->17155K(130560K), 0.0026550 secs]
[GC 60163K->17155K(129536K), 0.0021660 secs]
[GC 59139K->17155K(128512K), 0.0023990 secs]
[GC 58115K->17163K(127488K), 0.0022470 secs]
[GC 57099K->17179K(126464K), 0.0022030 secs]
[GC 56091K->17179K(125440K), 0.0022400 secs]
[GC 55067K->17187K(133120K), 0.0023090 secs]
[GC 62755K->17187K(142336K), 0.0022810 secs]
[GC 71971K->17187K(140800K), 0.0023140 secs]
[GC 70435K->17195K(139264K), 0.0023200 secs]
[GC 68907K->17171K(137728K), 0.0022060 secs]
[GC 67347K->17139K(136704K), 0.0027100 secs]
[GC 66291K->17211K(135680K), 0.0023800 secs]
[GC 65339K->17211K(134656K), 0.0022660 secs]
[GC 64315K->17211K(133632K), 0.0023060 secs]
[GC 63291K->17211K(132608K), 0.0021900 secs]
[GC 62267K->17227K(131584K), 0.0022810 secs]
[GC 61259K->17227K(130560K), 0.0024740 secs]
[GC 60235K->17227K(129536K), 0.0023550 secs]
[GC 59211K->17227K(128512K), 0.0023010 secs]
[GC 58187K->17227K(127488K), 0.0022930 secs]
[GC 57163K->17235K(126464K), 0.0024780 secs]
[GC 56147K->17235K(125440K), 0.0022720 secs]
[GC 55123K->17235K(124928K), 0.0020730 secs]
[GC 54611K->17235K(124416K), 0.0023550 secs]
[GC 54099K->17259K(123904K), 0.0023050 secs]
[GC 53611K->17259K(131584K), 0.0022890 secs]
[GC 61291K->17227K(140800K), 0.0024890 secs]
[GC 70475K->17195K(139264K), 0.0028000 secs]
[GC 68907K->17267K(137728K), 0.0022510 secs]
[GC 67443K->17267K(136704K), 0.0022490 secs]
[GC 66419K->17267K(135680K), 0.0022910 secs]
[GC 65395K->17267K(134656K), 0.0023380 secs]
[GC 64371K->17275K(133632K), 0.0023190 secs]
[GC 63355K->17283K(132608K), 0.0022820 secs]
[GC 62339K->17283K(131584K), 0.0023310 secs]
[GC 61315K->17283K(130560K), 0.0022880 secs]
[GC 60291K->17299K(129536K), 0.0023170 secs]
[GC 59283K->17299K(128512K), 0.0021890 secs]
[GC 58259K->17299K(127488K), 0.0023720 secs]
[GC 57235K->17299K(135680K), 0.0023640 secs]
[GC 65427K->17299K(134656K), 0.0021590 secs]
[GC 64403K->17283K(133632K), 0.0024300 secs]
[GC 63363K->17315K(132608K), 0.0023510 secs]
[GC 62371K->17315K(131584K), 0.0023500 secs]
[GC 61347K->17315K(130560K), 0.0022990 secs]
[GC 60323K->17331K(129536K), 0.0024360 secs]
[GC 59315K->17331K(128512K), 0.0021680 secs]
[GC 58291K->17331K(127488K), 0.0023580 secs]
[GC 57267K->17339K(135680K), 0.0022900 secs]
[GC 65467K->17363K(134656K), 0.0022680 secs]
[GC 64467K->17363K(133632K), 0.0023010 secs]
[GC 63443K->17363K(132608K), 0.0023570 secs]
[GC 62416K->17363K(131584K), 0.0022720 secs]
[GC 61395K->17363K(130560K), 0.0022390 secs]
[GC 60371K->17371K(129536K), 0.0023620 secs]
[GC 59355K->17371K(128512K), 0.0022460 secs]
[GC 58331K->17371K(127488K), 0.0022750 secs]
[GC 57307K->17371K(135680K), 0.0023380 secs]
[GC 65499K->17387K(134656K), 0.0023250 secs]
[GC 64491K->17387K(133632K), 0.0023300 secs]
[GC 63467K->17355K(132608K), 0.0024480 secs]
[GC 62411K->17387K(131584K), 0.0023210 secs]
[GC 61419K->17395K(130560K), 0.0022910 secs]
[GC 60403K->17395K(129536K), 0.0022930 secs]
[GC 59379K->17395K(128512K), 0.0022750 secs]
[GC 58355K->17395K(127488K), 0.0023470 secs]
[GC 57331K->17395K(135680K), 0.0023870 secs]
[GC 65523K->17411K(134656K), 0.0022360 secs]
[GC 64515K->17411K(133632K), 0.0022550 secs]
[GC 63491K->17411K(132608K), 0.0022600 secs]
[GC 62467K->17347K(131584K), 0.0027450 secs]
[GC 61379K->17427K(130560K), 0.0023900 secs]
[GC 60435K->17427K(129536K), 0.0022440 secs]
[GC 59411K->17427K(128512K), 0.0022870 secs]
[GC 58387K->17427K(127488K), 0.0024580 secs]
[GC 57363K->17451K(135680K), 0.0023240 secs]
[GC 65579K->17459K(134656K), 0.0023670 secs]
[GC 64563K->17459K(133632K), 0.0022260 secs]
[GC 63539K->17459K(132608K), 0.0023420 secs]
[GC 62515K->17459K(131584K), 0.0023230 secs]
[GC 61491K->17467K(130560K), 0.0022130 secs]
[GC 60475K->17467K(129536K), 0.0023020 secs]
[GC 59451K->17467K(128512K), 0.0023360 secs]
[GC 58427K->17467K(127488K), 0.0022900 secs]
[GC 57403K->17483K(135680K), 0.0022870 secs]
[GC 65611K->17483K(134656K), 0.0022390 secs]
[GC 64587K->17483K(133632K), 0.0023180 secs]
[GC 63563K->17483K(132608K), 0.0023280 secs]
[GC 62539K->17499K(131584K), 0.0023520 secs]
[GC 61531K->17499K(130560K), 0.0022660 secs]
[GC 60507K->17499K(129536K), 0.0023010 secs]
[GC 59483K->17499K(128512K), 0.0023190 secs]
[GC 58459K->17467K(136704K), 0.0024290 secs]
[GC 66619K->17523K(135680K), 0.0023570 secs]
[GC 65651K->17523K(134656K), 0.0023780 secs]
[GC 64627K->17523K(133632K), 0.0023490 secs]
[GC 63603K->17523K(132608K), 0.0023070 secs]
[GC 62579K->17531K(131584K), 0.0023510 secs]
[GC 61563K->17531K(130560K), 0.0023760 secs]
[GC 60539K->17547K(129536K), 0.0023380 secs]
[GC 59531K->17547K(128512K), 0.0023080 secs]
[GC 58507K->17555K(127488K), 0.0024150 secs]
[GC 57491K->17555K(135680K), 0.0022820 secs]
[GC 65683K->17555K(134656K), 0.0024040 secs]
[GC 64659K->17555K(133632K), 0.0022520 secs]
[GC 63635K->17555K(132608K), 0.0022790 secs]
[GC 62611K->17563K(131584K), 0.0022960 secs]
[GC 61595K->17563K(130560K), 0.0023210 secs]
[GC 60571K->17563K(129536K), 0.0022230 secs]
[GC 59547K->17579K(128512K), 0.0022680 secs]
[GC 58539K->17587K(127488K), 0.0022830 secs]
[GC 57520K->17587K(135680K), 0.0023310 secs]
[GC 65715K->17587K(134656K), 0.0022320 secs]
[GC 64691K->17587K(133632K), 0.0024980 secs]
[GC 63667K->17603K(132608K), 0.0023560 secs]
[GC 62659K->17603K(131584K), 0.0022590 secs]
[GC 61635K->17619K(130560K), 0.0023330 secs]
[GC 60627K->17619K(129536K), 0.0022630 secs]
[GC 59603K->17635K(128512K), 0.0023050 secs]
[GC 58595K->17635K(127488K), 0.0022640 secs]
[GC 57571K->17635K(126464K), 0.0022910 secs]
[GC 56547K->17635K(134656K), 0.0022560 secs]
[GC 64739K->17603K(144384K), 0.0026670 secs]
[GC 74435K->17651K(142848K), 0.0022560 secs]
[GC 72947K->17651K(141312K), 0.0023140 secs]
[GC 71411K->17651K(139776K), 0.0021850 secs]
[GC 69875K->17651K(138240K), 0.0022440 secs]
[GC 68339K->17667K(137216K), 0.0023530 secs]
[GC 67331K->17667K(136192K), 0.0023050 secs]
[GC 66307K->17667K(135168K), 0.0022180 secs]
[GC 65283K->17667K(134144K), 0.0022400 secs]
[GC 64259K->17675K(133120K), 0.0022560 secs]
[GC 63243K->17675K(132096K), 0.0022320 secs]
[GC 62219K->17675K(131072K), 0.0023130 secs]
[GC 61195K->17683K(130048K), 0.0021880 secs]
[GC 60179K->17699K(129024K), 0.0022730 secs]
[GC 59171K->17699K(128000K), 0.0022370 secs]
[GC 58147K->17699K(126976K), 0.0022430 secs]
[GC 57123K->17699K(125952K), 0.0022950 secs]
[GC 56099K->17715K(133632K), 0.0021780 secs]
[GC 63795K->17715K(132608K), 0.0022640 secs]
[GC 62771K->17715K(131584K), 0.0022750 secs]
[GC 61747K->17715K(130560K), 0.0023130 secs]
[GC 60723K->17715K(129536K), 0.0023070 secs]
[GC 59699K->17723K(138240K), 0.0025630 secs]
[GC 68411K->17723K(137216K), 0.0024870 secs]
[GC 67387K->17723K(136192K), 0.0023080 secs]
[GC 66363K->17723K(135168K), 0.0023120 secs]
[GC 65339K->17747K(134144K), 0.0023650 secs]
[GC 64339K->17747K(133120K), 0.0023330 secs]
[GC 63315K->17747K(132096K), 0.0022840 secs]
[GC 62291K->17747K(131072K), 0.0025780 secs]
[GC 61267K->17763K(130048K), 0.0023690 secs]
[GC 60259K->17763K(129024K), 0.0023270 secs]
[GC 59235K->17763K(128000K), 0.0022960 secs]
[GC 58211K->17763K(126976K), 0.0024760 secs]
[GC 57187K->17731K(125952K), 0.0024600 secs]
[GC 56131K->17779K(125440K), 0.0022780 secs]
[GC 55667K->17779K(133120K), 0.0022560 secs]
[GC 63347K->17779K(132096K), 0.0022540 secs]
[GC 62323K->17779K(131072K), 0.0022300 secs]
[GC 61299K->17795K(130048K), 0.0022960 secs]
[GC 60291K->17795K(129024K), 0.0024030 secs]
[GC 59267K->17763K(137728K), 0.0023690 secs]
[GC 67939K->17795K(136704K), 0.0023070 secs]
[GC 66947K->17803K(135680K), 0.0022310 secs]
[GC 65931K->17803K(134656K), 0.0024420 secs]
[GC 64907K->17803K(133632K), 0.0023570 secs]
[GC 63883K->17803K(132608K), 0.0022430 secs]
[GC 62859K->17811K(131584K), 0.0023250 secs]
[GC 61843K->17747K(130560K), 0.0025740 secs]
[GC 60755K->17811K(129536K), 0.0023010 secs]
[GC 59795K->17811K(128512K), 0.0022780 secs]
[GC 58771K->17779K(136704K), 0.0025840 secs]
[GC 66931K->17819K(135680K), 0.0022470 secs]
[GC 65947K->17819K(134656K), 0.0023010 secs]
[GC 64923K->17819K(133632K), 0.0025860 secs]
[GC 63899K->17827K(132608K), 0.0023240 secs]
[GC 62882K->17843K(131584K), 0.0023920 secs]
[GC 61875K->17843K(130560K), 0.0022090 secs]
[GC 60851K->17843K(129536K), 0.0022700 secs]
[GC 59827K->17843K(128512K), 0.0022570 secs]
[GC 58803K->17851K(127488K), 0.0023610 secs]
[GC 57787K->17851K(126464K), 0.0022500 secs]
[GC 56763K->17851K(134656K), 0.0023830 secs]
[GC 64955K->17851K(133632K), 0.0023640 secs]
[GC 63931K->17867K(132608K), 0.0022620 secs]
[GC 62923K->17875K(131584K), 0.0022470 secs]
[GC 61907K->17875K(130560K), 0.0022110 secs]
[GC 60883K->17875K(129536K), 0.0023740 secs]
[GC 59859K->17875K(128512K), 0.0022840 secs]
[GC 58835K->17883K(136704K), 0.0025070 secs]
[GC 67035K->17851K(135680K), 0.0022300 secs]
[GC 65979K->17883K(134656K), 0.0026490 secs]
[GC 64987K->17851K(144384K), 0.0047190 secs]
[GC 74683K->17891K(156160K), 0.0022660 secs]
[GC 86499K->17907K(154112K), 0.0022680 secs]
[GC 84467K->17875K(152064K), 0.0023990 secs]
[GC 82387K->17915K(150016K), 0.0025020 secs]
[GC 80379K->17915K(148480K), 0.0022440 secs]
[GC 78843K->17923K(146944K), 0.0022950 secs]
[GC 77315K->17931K(145408K), 0.0023760 secs]
[GC 75787K->17931K(143872K), 0.0022150 secs]
[GC 74251K->17931K(142336K), 0.0023110 secs]
[GC 72715K->17955K(140800K), 0.0023410 secs]
[GC 71203K->17955K(139264K), 0.0022720 secs]
[GC 69667K->17955K(137728K), 0.0022950 secs]
[GC 68131K->17955K(136704K), 0.0022820 secs]
[GC 67107K->17963K(135680K), 0.0023050 secs]
[GC 66091K->17963K(134656K), 0.0025170 secs]
[GC 65067K->17963K(133632K), 0.0022830 secs]
[GC 64043K->17963K(132608K), 0.0023640 secs]
[GC 63019K->17987K(131584K), 0.0022880 secs]
[GC 62019K->17987K(130560K), 0.0023190 secs]
[GC 60995K->17987K(129536K), 0.0022660 secs]
[GC 59971K->17987K(128512K), 0.0023000 secs]
[GC 58947K->18011K(127488K), 0.0022980 secs]
[GC 57947K->18011K(135680K), 0.0023570 secs]
[GC 66139K->18011K(134656K), 0.0023010 secs]
[GC 65115K->18011K(133632K), 0.0023040 secs]
[GC 64091K->18011K(132608K), 0.0023490 secs]
[GC 63067K->18019K(131584K), 0.0022800 secs]
[GC 62051K->18019K(130560K), 0.0023270 secs]
[GC 61027K->18019K(129536K), 0.0022550 secs]
[GC 60003K->18019K(128512K), 0.0022770 secs]
[GC 58979K->18027K(127488K), 0.0022600 secs]
[GC 57963K->18027K(126464K), 0.0023390 secs]
[GC 56939K->18027K(134656K), 0.0022830 secs]
[GC 65131K->18027K(133632K), 0.0024350 secs]
[GC 64107K->18043K(132608K), 0.0023200 secs]
[GC 63099K->18043K(131584K), 0.0022660 secs]
[GC 62075K->18043K(130560K), 0.0024610 secs]
[GC 61051K->18043K(129536K), 0.0021200 secs]
[GC 60027K->18043K(128512K), 0.0021920 secs]
[GC 59003K->18067K(127488K), 0.0022630 secs]
[GC 58003K->18067K(126464K), 0.0022360 secs]
[GC 56979K->18067K(134656K), 0.0022700 secs]
[GC 65171K->18035K(133632K), 0.0026230 secs]
[GC 64115K->18083K(132608K), 0.0024680 secs]
[GC 63139K->18083K(131584K), 0.0022470 secs]
[GC 62115K->18051K(130560K), 0.0023860 secs]
[GC 61059K->18083K(129536K), 0.0022650 secs]
[GC 60067K->18091K(128512K), 0.0023370 secs]
[GC 59051K->18091K(136704K), 0.0026510 secs]
[GC 67243K->18091K(135680K), 0.0022820 secs]
[GC 66219K->18091K(134656K), 0.0023030 secs]
[GC 65195K->18091K(133632K), 0.0022980 secs]
[GC 64171K->18107K(132608K), 0.0023400 secs]
[GC 63163K->18107K(131584K), 0.0021570 secs]
[GC 62138K->18107K(130560K), 0.0024000 secs]
[GC 61115K->18075K(129536K), 0.0024530 secs]
[GC 60059K->18115K(138240K), 0.0024960 secs]
[GC 68803K->18115K(137216K), 0.0022450 secs]
[GC 67779K->18115K(136192K), 0.0022900 secs]
[GC 66755K->18115K(135168K), 0.0023570 secs]
[GC 65731K->18139K(134144K), 0.0023840 secs]
[GC 64731K->18139K(133120K), 0.0023240 secs]
[GC 63707K->18139K(132096K), 0.0023440 secs]
[GC 62683K->18139K(131072K), 0.0023770 secs]
[GC 61659K->18147K(130048K), 0.0022130 secs]
[GC 60643K->18147K(129024K), 0.0023510 secs]
[GC 59619K->18147K(128000K), 0.0022530 secs]
[GC 58592K->18163K(126976K), 0.0023070 secs]
[GC 57587K->18171K(125952K), 0.0023740 secs]
[GC 56571K->18171K(125440K), 0.0022070 secs]
[GC 56059K->18139K(133120K), 0.0023660 secs]
[GC 63707K->18171K(142336K), 0.0023260 secs]
[GC 72955K->18187K(140800K), 0.0023110 secs]
[GC 71435K->18203K(139264K), 0.0022620 secs]
[GC 69915K->18203K(137728K), 0.0024560 secs]
[GC 68379K->18203K(136704K), 0.0023190 secs]
[GC 67355K->18203K(135680K), 0.0023950 secs]
[GC 66331K->18211K(134656K), 0.0022660 secs]
[GC 65315K->18211K(133632K), 0.0022680 secs]
[GC 64291K->18211K(132608K), 0.0022810 secs]
[GC 63267K->18211K(131584K), 0.0022830 secs]
[GC 62243K->18227K(130560K), 0.0022870 secs]
[GC 61235K->18227K(129536K), 0.0022590 secs]
[GC 60211K->18227K(128512K), 0.0023930 secs]
[GC 59187K->18195K(127488K), 0.0027830 secs]
[GC 58131K->18235K(126464K), 0.0022850 secs]
[GC 57147K->18211K(134656K), 0.0026400 secs]
[GC 65315K->18243K(133632K), 0.0023850 secs]
[GC 64323K->18243K(132608K), 0.0026040 secs]
[GC 63299K->18259K(131584K), 0.0022880 secs]
[GC 62291K->18275K(130560K), 0.0023160 secs]
[GC 61283K->18275K(129536K), 0.0022970 secs]
[GC 60259K->18275K(128512K), 0.0023060 secs]
[GC 59235K->18283K(127488K), 0.0022690 secs]
[GC 58219K->18283K(135680K), 0.0022600 secs]
[GC 66411K->18283K(134656K), 0.0022680 secs]
[GC 65387K->18283K(133632K), 0.0023050 secs]
[GC 64363K->18283K(132608K), 0.0022880 secs]
[GC 63339K->18299K(131584K), 0.0023770 secs]
[GC 62331K->18299K(130560K), 0.0023700 secs]
[GC 61305K->18299K(129536K), 0.0022040 secs]
[GC 60283K->18299K(128512K), 0.0024020 secs]
[GC 59259K->18315K(127488K), 0.0022930 secs]
[GC 58251K->18315K(135680K), 0.0022890 secs]
[GC 66441K->18315K(134656K), 0.0022530 secs]
[GC 65419K->18315K(133632K), 0.0023050 secs]
[GC 64395K->18315K(132608K), 0.0022910 secs]
[GC 63371K->18291K(131584K), 0.0026050 secs]
[GC 62323K->18323K(130560K), 0.0023090 secs]
[GC 61331K->18323K(139264K), 0.0025470 secs]
[GC 70035K->18323K(137728K), 0.0023190 secs]
[GC 68499K->18347K(136704K), 0.0022470 secs]
[GC 67499K->18347K(135680K), 0.0022800 secs]
[GC 66475K->18347K(134656K), 0.0023000 secs]
[GC 65451K->18347K(133632K), 0.0022560 secs]
[GC 64427K->18355K(132608K), 0.0023150 secs]
[GC 63411K->18355K(131584K), 0.0023010 secs]
[GC 62387K->18355K(130560K), 0.0022240 secs]
[GC 61363K->18355K(129536K), 0.0023230 secs]
[GC 60339K->18371K(128512K), 0.0022950 secs]
[GC 59331K->18379K(127488K), 0.0023100 secs]
[GC 58315K->18379K(135680K), 0.0023680 secs]
[GC 66507K->18379K(134656K), 0.0023230 secs]
[GC 65483K->18387K(133632K), 0.0023610 secs]
[GC 64467K->18363K(132608K), 0.0022980 secs]
[GC 63419K->18395K(131584K), 0.0022850 secs]
[GC 62427K->18395K(130560K), 0.0025820 secs]
[GC 61403K->18371K(129536K), 0.0028020 secs]
[GC 60355K->18411K(128512K), 0.0022610 secs]
[GC 59371K->18411K(127488K), 0.0022670 secs]
[GC 58347K->18411K(126464K), 0.0023100 secs]
[GC 57323K->18411K(134656K), 0.0023390 secs]
[GC 65515K->18419K(133632K), 0.0022720 secs]
[GC 64499K->18427K(132608K), 0.0023480 secs]
[GC 63483K->18427K(131584K), 0.0023310 secs]
[GC 62459K->18427K(130560K), 0.0022500 secs]
[GC 61435K->18443K(129536K), 0.0023530 secs]
[GC 60426K->18443K(128512K), 0.0023360 secs]
[GC 59403K->18451K(127488K), 0.0022960 secs]
[GC 58387K->18451K(135680K), 0.0023150 secs]
[GC 66579K->18419K(134656K), 0.0024320 secs]
[GC 65523K->18459K(133632K), 0.0023000 secs]
[GC 64539K->18459K(132608K), 0.0022840 secs]
[GC 63515K->18459K(131584K), 0.0022470 secs]
[GC 62491K->18395K(130560K), 0.0026930 secs]
[GC 61403K->18467K(129536K), 0.0021500 secs]
[GC 60451K->18467K(128512K), 0.0022440 secs]
[GC 59427K->18483K(127488K), 0.0022820 secs]
[GC 58419K->18483K(135680K), 0.0022400 secs]
[GC 66611K->18483K(134656K), 0.0023760 secs]
[GC 65586K->18491K(133632K), 0.0023230 secs]
[GC 64571K->18491K(132608K), 0.0023090 secs]
[GC 63547K->18491K(131584K), 0.0022980 secs]
[GC 62523K->18491K(130560K), 0.0022740 secs]
[GC 61499K->18499K(129536K), 0.0023690 secs]
[GC 60483K->18499K(128512K), 0.0022980 secs]
[GC 59459K->18467K(127488K), 0.0023860 secs]
[GC 58403K->18515K(135680K), 0.0022890 secs]
[GC 66643K->18531K(134656K), 0.0024200 secs]
[GC 65635K->18531K(133632K), 0.0023210 secs]
[GC 64611K->18531K(132608K), 0.0022490 secs]
[GC 63587K->18531K(131584K), 0.0024910 secs]
[GC 62563K->18531K(130560K), 0.0024740 secs]
[GC 61539K->18555K(129536K), 0.0022210 secs]
[GC 60539K->18555K(128512K), 0.0023240 secs]
[GC 59515K->18555K(127488K), 0.0022950 secs]
[GC 58491K->18555K(135680K), 0.0021830 secs]
[GC 66683K->18571K(134656K), 0.0023400 secs]
[GC 65675K->18571K(133632K), 0.0022730 secs]
[GC 64651K->18587K(132608K), 0.0023330 secs]
[GC 63643K->18587K(131584K), 0.0025010 secs]
[GC 62619K->18595K(130560K), 0.0022940 secs]
[GC 61603K->18595K(129536K), 0.0024180 secs]
[GC 60579K->18595K(128512K), 0.0024210 secs]
[GC 59555K->18563K(127488K), 0.0022380 secs]
[GC 58499K->18603K(126464K), 0.0022770 secs]
[GC 57515K->18603K(134656K), 0.0022520 secs]
[GC 65707K->18603K(133632K), 0.0023200 secs]
[GC 64683K->18603K(132608K), 0.0022750 secs]
[GC 63659K->18603K(131584K), 0.0023880 secs]
[GC 62635K->18627K(130560K), 0.0022440 secs]
[GC 61633K->18627K(129536K), 0.0023830 secs]
[GC 60611K->18627K(128512K), 0.0023270 secs]
[GC 59587K->18627K(127488K), 0.0022290 secs]
[GC 58563K->18635K(135680K), 0.0023730 secs]
[GC 66763K->18603K(134656K), 0.0023350 secs]
[GC 65707K->18635K(133632K), 0.0022760 secs]
[GC 64715K->18635K(132608K), 0.0023250 secs]
[GC 63691K->18635K(131584K), 0.0023500 secs]
[GC 62667K->18651K(130560K), 0.0023050 secs]
[GC 61659K->18651K(129536K), 0.0022940 secs]
[GC 60635K->18651K(128512K), 0.0023280 secs]
[GC 59611K->18659K(127488K), 0.0023690 secs]
[GC 58595K->18667K(135680K), 0.0023190 secs]
[GC 66795K->18683K(134656K), 0.0023150 secs]
[GC 65787K->18683K(133632K), 0.0023290 secs]
[GC 64763K->18691K(132608K), 0.0022650 secs]
[GC 63747K->18707K(131584K), 0.0023220 secs]
[GC 62739K->18715K(130560K), 0.0024150 secs]
[GC 61723K->18715K(129536K), 0.0022810 secs]
[GC 60699K->18715K(128512K), 0.0022450 secs]
[GC 59675K->18715K(127488K), 0.0022920 secs]
[GC 58651K->18723K(135680K), 0.0022490 secs]
[GC 66851K->18723K(134656K), 0.0024090 secs]
[GC 65827K->18723K(133632K), 0.0023150 secs]
[GC 64803K->18723K(132608K), 0.0022340 secs]
[GC 63779K->18731K(131584K), 0.0023300 secs]
[GC 62763K->18731K(130560K), 0.0022970 secs]
[GC 61739K->18731K(129536K), 0.0023880 secs]
[GC 60715K->18731K(128512K), 0.0022630 secs]
[GC 59691K->18739K(127488K), 0.0023300 secs]
[GC 58675K->18739K(135680K), 0.0023040 secs]
[GC 66867K->18739K(145408K), 0.0027030 secs]
[GC 76595K->18675K(143872K), 0.0028040 secs]
[GC 74995K->18747K(142336K), 0.0026030 secs]
[GC 73531K->18715K(140800K), 0.0024040 secs]
[GC 71963K->18747K(139264K), 0.0023430 secs]
[GC 70459K->18747K(137728K), 0.0021980 secs]
[GC 68923K->18763K(136704K), 0.0022970 secs]
[GC 67915K->18763K(135680K), 0.0022320 secs]
[GC 66891K->18763K(134656K), 0.0023370 secs]
[GC 65867K->18763K(133632K), 0.0022890 secs]
[GC 64843K->18771K(132608K), 0.0023250 secs]
[GC 63827K->18771K(131584K), 0.0024710 secs]
[GC 62803K->18771K(130560K), 0.0023180 secs]
[GC 61779K->18787K(129536K), 0.0022880 secs]
[GC 60771K->18795K(128512K), 0.0022560 secs]
[GC 59755K->18795K(127488K), 0.0022650 secs]
[GC 58731K->18795K(126464K), 0.0022880 secs]
[GC 57707K->18795K(125440K), 0.0022410 secs]
[GC 56683K->18771K(133120K), 0.0023470 secs]
[GC 64339K->18819K(142336K), 0.0023380 secs]
[GC 73603K->18819K(140800K), 0.0024060 secs]
[GC 72067K->18819K(139264K), 0.0022750 secs]
[GC 70531K->18835K(137728K), 0.0024420 secs]
[GC 69011K->18851K(136704K), 0.0022300 secs]
[GC 68003K->18851K(135680K), 0.0023620 secs]
[GC 66979K->18851K(134656K), 0.0022750 secs]
[GC 65955K->18859K(133632K), 0.0023000 secs]
[GC 64939K->18859K(132608K), 0.0023700 secs]
[GC 63915K->18859K(131584K), 0.0023870 secs]
[GC 62891K->18859K(130560K), 0.0022700 secs]
[GC 61867K->18859K(129536K), 0.0023010 secs]
[GC 60843K->18867K(128512K), 0.0022310 secs]
[GC 59827K->18867K(127488K), 0.0022680 secs]
[GC 58803K->18867K(126464K), 0.0024930 secs]
[GC 57779K->18867K(134656K), 0.0028650 secs]
[GC 65971K->18883K(133632K), 0.0022490 secs]
[GC 64963K->18883K(132608K), 0.0023030 secs]
[GC 63939K->18883K(131584K), 0.0024620 secs]
[GC 62915K->18891K(130560K), 0.0022970 secs]
[GC 61899K->18915K(129536K), 0.0022910 secs]
[GC 60899K->18915K(128512K), 0.0024510 secs]
[GC 59875K->18915K(127488K), 0.0023230 secs]
[GC 58851K->18883K(126464K), 0.0027510 secs]
[GC 57795K->18923K(125440K), 0.0024830 secs]
[GC 56811K->18923K(124928K), 0.0023340 secs]
[GC 56299K->18923K(132608K), 0.0022520 secs]
[GC 63979K->18923K(141824K), 0.0022660 secs]
[GC 73195K->18923K(140288K), 0.0023800 secs]
[GC 71659K->18939K(138752K), 0.0022630 secs]
[GC 70139K->18939K(137216K), 0.0024490 secs]
[GC 68603K->18939K(136192K), 0.0022460 secs]
[GC 67579K->18947K(135168K), 0.0024000 secs]
[GC 66563K->18947K(134144K), 0.0022820 secs]
[GC 65539K->18947K(133120K), 0.0023710 secs]
[GC 64515K->18883K(132096K), 0.0023440 secs]
[GC 63427K->18963K(131072K), 0.0024600 secs]
[GC 62483K->18899K(130048K), 0.0026690 secs]
[GC 61395K->18963K(129024K), 0.0023550 secs]
[GC 60435K->18971K(128000K), 0.0026020 secs]
[GC 59419K->18971K(126976K), 0.0024630 secs]
[GC 58395K->18987K(125952K), 0.0023960 secs]
[GC 57387K->18987K(125440K), 0.0023460 secs]
[GC 56875K->18987K(124928K), 0.0023300 secs]
[GC 56363K->18987K(124416K), 0.0023450 secs]
[GC 55851K->18987K(123904K), 0.0022950 secs]
[GC 55339K->19003K(131584K), 0.0023860 secs]
[GC 63035K->19011K(140800K), 0.0023190 secs]
[GC 72259K->19011K(139264K), 0.0023530 secs]
[GC 70723K->19011K(137728K), 0.0025280 secs]
[GC 69187K->19019K(136704K), 0.0023000 secs]
[GC 68171K->19019K(135680K), 0.0022590 secs]
[GC 67147K->19019K(134656K), 0.0022630 secs]
[GC 66123K->18987K(133632K), 0.0023980 secs]
[GC 65067K->19043K(132608K), 0.0024170 secs]
[GC 64099K->19043K(131584K), 0.0023200 secs]
[GC 63075K->19043K(130560K), 0.0023960 secs]
[GC 62051K->19043K(129536K), 0.0023980 secs]
[GC 61027K->19051K(128512K), 0.0024010 secs]
[GC 60011K->19051K(127488K), 0.0023130 secs]
[GC 58987K->19051K(126464K), 0.0023840 secs]
[GC 57963K->18987K(134656K), 0.0029780 secs]
[GC 66091K->19051K(133632K), 0.0023910 secs]
[GC 65131K->19067K(132608K), 0.0023270 secs]
[GC 64123K->19035K(131584K), 0.0025460 secs]
[GC 63067K->19067K(130560K), 0.0028250 secs]
[GC 62075K->19043K(129536K), 0.0030410 secs]
[GC 61027K->19075K(128512K), 0.0024280 secs]
[GC 60035K->19075K(127488K), 0.0024020 secs]
[GC 59011K->19091K(126464K), 0.0022780 secs]
[GC 58003K->19091K(125440K), 0.0022710 secs]
[GC 56979K->19059K(124928K), 0.0027910 secs]
[GC 56435K->19091K(124416K), 0.0022400 secs]
[GC 55955K->19059K(132096K), 0.0027780 secs]
[GC 63603K->19099K(141312K), 0.0023980 secs]
[GC 72859K->19099K(139776K), 0.0023550 secs]
[GC 71323K->19099K(138240K), 0.0022580 secs]
[GC 69787K->19107K(137216K), 0.0023720 secs]
[GC 68771K->19115K(136192K), 0.0023780 secs]
[GC 67755K->19083K(135168K), 0.0025550 secs]
[GC 66699K->19115K(134144K), 0.0023120 secs]
[GC 65707K->19131K(133120K), 0.0025980 secs]
[GC 64699K->19131K(132096K), 0.0023620 secs]
[GC 63675K->19131K(131072K), 0.0023740 secs]
[GC 62651K->19131K(130048K), 0.0023140 secs]
[GC 61627K->19155K(129024K), 0.0023590 secs]
[GC 60627K->19155K(128000K), 0.0021630 secs]
[GC 59603K->19155K(126976K), 0.0023890 secs]
[GC 58579K->19155K(135168K), 0.0022830 secs]
[GC 66771K->19155K(134144K), 0.0022860 secs]
[GC 65747K->19171K(133120K), 0.0024750 secs]
[GC 64739K->19171K(132096K), 0.0023840 secs]
[GC 63715K->19171K(141312K), 0.0027490 secs]
[GC 72931K->19179K(139776K), 0.0025100 secs]
[GC 71403K->19187K(138240K), 0.0021810 secs]
[GC 69875K->19187K(137216K), 0.0026890 secs]
[GC 68851K->19187K(136192K), 0.0023760 secs]
[GC 67827K->19203K(135168K), 0.0022740 secs]
[GC 66819K->19203K(134144K), 0.0022630 secs]
[GC 65795K->19219K(133120K), 0.0023410 secs]
[GC 64787K->19155K(132096K), 0.0027040 secs]
[GC 63699K->19235K(131072K), 0.0022470 secs]
[GC 62755K->19235K(130048K), 0.0023550 secs]
[GC 61731K->19235K(129024K), 0.0023630 secs]
[GC 60707K->19235K(128000K), 0.0025490 secs]
[GC 59683K->19251K(126976K), 0.0023260 secs]
[GC 58675K->19251K(135168K), 0.0021910 secs]
[GC 66867K->19251K(134144K), 0.0023230 secs]
[GC 65843K->19251K(133120K), 0.0023680 secs]
[GC 64819K->19251K(132096K), 0.0023100 secs]
[GC 63795K->19259K(131072K), 0.0023010 secs]
[GC 62779K->19259K(130048K), 0.0023040 secs]
[GC 61755K->19259K(129024K), 0.0023980 secs]
[GC 60731K->19259K(128000K), 0.0022780 secs]
[GC 59707K->19267K(126976K), 0.0022750 secs]
[GC 58691K->19267K(135168K), 0.0023630 secs]
[GC 66883K->19267K(134144K), 0.0022690 secs]
[GC 65859K->19267K(133120K), 0.0022370 secs]
[GC 64835K->19275K(132096K), 0.0023690 secs]
[GC 63819K->19275K(131072K), 0.0022040 secs]
[GC 62795K->19275K(130048K), 0.0023440 secs]
[GC 61771K->19275K(129024K), 0.0025340 secs]
[GC 60747K->19275K(128000K), 0.0023370 secs]
[GC 59723K->19299K(126976K), 0.0023050 secs]
[GC 58723K->19299K(125952K), 0.0022200 secs]
[GC 57696K->19299K(125440K), 0.0024850 secs]
[GC 57187K->19299K(124928K), 0.0023070 secs]
[GC 56675K->19315K(124416K), 0.0023940 secs]
[GC 56179K->19315K(123904K), 0.0021750 secs]
[GC 55667K->19283K(131584K), 0.0032360 secs]
[GC 63315K->19315K(140800K), 0.0022830 secs]
[GC 72563K->19323K(139264K), 0.0024560 secs]
[GC 71035K->19331K(137728K), 0.0023340 secs]
[GC 69506K->19331K(136704K), 0.0023130 secs]
[GC 68483K->19331K(135680K), 0.0022420 secs]
[GC 67459K->19339K(134656K), 0.0025040 secs]
[GC 66443K->19339K(133632K), 0.0022950 secs]
[GC 65419K->19339K(132608K), 0.0032580 secs]
[GC 64395K->19339K(131584K), 0.0023410 secs]
[GC 63371K->19315K(140800K), 0.0041300 secs]
[GC 72563K->19347K(151552K), 0.0023020 secs]
[GC 83347K->19347K(149504K), 0.0026630 secs]
[GC 81299K->19363K(147968K), 0.0023590 secs]
[GC 79779K->19363K(146432K), 0.0023570 secs]
[GC 78243K->19363K(144896K), 0.0023390 secs]
[GC 76707K->19379K(143360K), 0.0022800 secs]
[GC 75187K->19379K(141824K), 0.0023250 secs]
[GC 73651K->19379K(140288K), 0.0023400 secs]
[GC 72114K->19403K(138752K), 0.0022990 secs]
[GC 70603K->19403K(137216K), 0.0023520 secs]
[GC 69067K->19403K(136192K), 0.0023280 secs]
[GC 68043K->19419K(135168K), 0.0022710 secs]
[GC 67035K->19419K(134144K), 0.0023300 secs]
[GC 66011K->19419K(133120K), 0.0022970 secs]
[GC 64987K->19387K(132096K), 0.0025170 secs]
[GC 63931K->19435K(131072K), 0.0026710 secs]
[GC 62955K->19435K(130048K), 0.0023840 secs]
[GC 61931K->19435K(129024K), 0.0024490 secs]
[GC 60907K->19411K(128000K), 0.0026460 secs]
[GC 59859K->19443K(126976K), 0.0022970 secs]
[GC 58867K->19443K(125952K), 0.0022270 secs]
[GC 57843K->19443K(125440K), 0.0023730 secs]
[GC 57331K->19443K(133120K), 0.0023970 secs]
[GC 65011K->19451K(132096K), 0.0025180 secs]
[GC 63995K->19451K(131072K), 0.0024110 secs]
[GC 62971K->19451K(130048K), 0.0022770 secs]
[GC 61947K->19451K(129024K), 0.0021980 secs]
[GC 60923K->19467K(128000K), 0.0023720 secs]
[GC 59915K->19467K(126976K), 0.0023460 secs]
[GC 58891K->19467K(135168K), 0.0023890 secs]
[GC 67083K->19435K(134144K), 0.0025350 secs]
[GC 66027K->19491K(133120K), 0.0023050 secs]
[GC 65059K->19491K(132096K), 0.0026180 secs]
[GC 64035K->19491K(131072K), 0.0033090 secs]
[GC 63011K->19467K(130048K), 0.0024720 secs]
[GC 61963K->19499K(129024K), 0.0023950 secs]
[GC 60971K->19467K(128000K), 0.0024190 secs]
[GC 59915K->19499K(126976K), 0.0025180 secs]
[GC 58923K->19475K(125952K), 0.0025740 secs]
[GC 57875K->19475K(125440K), 0.0027260 secs]
[GC 57363K->19443K(124928K), 0.0026930 secs]
[GC 56819K->19483K(124416K), 0.0025140 secs]
[GC 56347K->19515K(123904K), 0.0024990 secs]
[GC 55867K->19515K(123392K), 0.0023060 secs]
[GC 55355K->19531K(122880K), 0.0026810 secs]
[GC 54859K->19499K(122368K), 0.0034790 secs]
[GC 54315K->19467K(121856K), 0.0026800 secs]
[GC 53771K->19507K(121344K), 0.0026590 secs]
[GC 53299K->19507K(120832K), 0.0024400 secs]
[GC 52787K->19539K(120320K), 0.0022650 secs]
[GC 52307K->19547K(119808K), 0.0026790 secs]
[GC 51803K->19515K(119296K), 0.0038520 secs]
[GC 51259K->19547K(125952K), 0.0022670 secs]
[GC 57947K->19555K(133632K), 0.0023100 secs]
[GC 65635K->19555K(132608K), 0.0022940 secs]
[GC 64611K->19555K(131584K), 0.0022810 secs]
[GC 63587K->19555K(130560K), 0.0022900 secs]
[GC 62563K->19555K(129536K), 0.0023230 secs]
[GC 61539K->19579K(128512K), 0.0022750 secs]
[GC 60535K->19579K(127488K), 0.0022830 secs]
[GC 59515K->19579K(126464K), 0.0023870 secs]
[GC 58491K->19579K(134656K), 0.0023930 secs]
[GC 66683K->19587K(144384K), 0.0023550 secs]
[GC 76419K->19587K(142848K), 0.0023060 secs]
[GC 74880K->19587K(141312K), 0.0022840 secs]
[GC 73347K->19587K(139776K), 0.0023390 secs]
[GC 71811K->19595K(138240K), 0.0022810 secs]
[GC 70283K->19563K(137216K), 0.0026290 secs]
[GC 69227K->19595K(136192K), 0.0022930 secs]
[GC 68235K->19595K(135168K), 0.0022760 secs]
[GC 67211K->19603K(134144K), 0.0023460 secs]
[GC 66195K->19571K(133120K), 0.0027560 secs]
[GC 65139K->19571K(132096K), 0.0024590 secs]
[GC 64115K->19619K(131072K), 0.0023020 secs]
[GC 63139K->19555K(130048K), 0.0029600 secs]
[GC 62051K->19619K(129024K), 0.0022850 secs]
[GC 61091K->19627K(128000K), 0.0023980 secs]
[GC 60075K->19595K(126976K), 0.0025410 secs]
[GC 59019K->19627K(125952K), 0.0022320 secs]
[GC 58027K->19627K(125440K), 0.0024790 secs]
[GC 57515K->19595K(133120K), 0.0023470 secs]
[GC 65163K->19643K(132096K), 0.0022900 secs]
[GC 64187K->19643K(131072K), 0.0023240 secs]
[GC 63163K->19643K(130048K), 0.0024920 secs]
[GC 62139K->19643K(129024K), 0.0022510 secs]
[GC 61115K->19651K(128000K), 0.0023080 secs]
[GC 60099K->19595K(136192K), 0.0054180 secs]
[GC 68235K->19659K(145920K), 0.0022690 secs]
[GC 78027K->19659K(157696K), 0.0024390 secs]
[GC 89803K->19683K(155648K), 0.0024750 secs]
[GC 87779K->19683K(153600K), 0.0023440 secs]
[GC 85731K->19691K(151552K), 0.0031000 secs]
[GC 83691K->19691K(149504K), 0.0023930 secs]
[GC 81643K->19691K(147968K), 0.0023330 secs]
[GC 80107K->19667K(146432K), 0.0025500 secs]
[GC 78547K->19699K(144896K), 0.0023900 secs]
[GC 77043K->19699K(143360K), 0.0023570 secs]
[GC 75507K->19723K(141824K), 0.0024440 secs]
[GC 73995K->19723K(140288K), 0.0022720 secs]
[GC 72459K->19723K(138752K), 0.0022760 secs]
[GC 70923K->19731K(137216K), 0.0024430 secs]
[GC 69395K->19739K(136192K), 0.0026920 secs]
[GC 68378K->19739K(135168K), 0.0023040 secs]
[GC 67355K->19739K(134144K), 0.0022520 secs]
[GC 66331K->19739K(133120K), 0.0023440 secs]
[GC 65307K->19755K(132096K), 0.0022500 secs]
[GC 64299K->19755K(131072K), 0.0022960 secs]
[GC 63275K->19723K(130048K), 0.0029250 secs]
[GC 62219K->19723K(129024K), 0.0025120 secs]
[GC 61193K->19739K(128000K), 0.0025410 secs]
[GC 60187K->19771K(126976K), 0.0024090 secs]
[GC 59195K->19771K(125952K), 0.0023270 secs]
[GC 58171K->19747K(133632K), 0.0025090 secs]
[GC 65827K->19795K(142848K), 0.0023440 secs]
[GC 75091K->19795K(141312K), 0.0022410 secs]
[GC 73555K->19795K(139776K), 0.0024570 secs]
[GC 72019K->19795K(138240K), 0.0022580 secs]
[GC 70483K->19819K(137216K), 0.0024600 secs]
[GC 69483K->19819K(136192K), 0.0022390 secs]
[GC 68459K->19819K(135168K), 0.0022490 secs]
[GC 67435K->19819K(134144K), 0.0022700 secs]
[GC 66411K->19827K(133120K), 0.0022830 secs]
[GC 65395K->19795K(132096K), 0.0023830 secs]
[GC 64339K->19827K(131072K), 0.0022930 secs]
[GC 63347K->19827K(130048K), 0.0026570 secs]
[GC 62323K->19835K(129024K), 0.0023340 secs]
[GC 61304K->19835K(128000K), 0.0022860 secs]
[GC 60283K->19803K(136192K), 0.0025790 secs]
[GC 68443K->19835K(135168K), 0.0022560 secs]
[GC 67451K->19851K(134144K), 0.0025310 secs]
[GC 66443K->19851K(133120K), 0.0022980 secs]
[GC 65419K->19851K(132096K), 0.0025110 secs]
[GC 64395K->19851K(131072K), 0.0023470 secs]
[GC 63371K->19867K(130048K), 0.0022870 secs]
[GC 62363K->19835K(129024K), 0.0027040 secs]
[GC 61307K->19867K(128000K), 0.0023010 secs]
[GC 60315K->19803K(136192K), 0.0031230 secs]
[GC 68443K->19891K(145920K), 0.0021990 secs]
[GC 78259K->19891K(144384K), 0.0023320 secs]
[GC 76723K->19891K(142848K), 0.0023030 secs]
[GC 75187K->19891K(141312K), 0.0023260 secs]
[GC 73651K->19867K(139776K), 0.0025660 secs]
[GC 72091K->19899K(138240K), 0.0022840 secs]
[GC 70587K->19899K(137216K), 0.0023010 secs]
[GC 69563K->19915K(136192K), 0.0021990 secs]
[GC 68555K->19915K(135168K), 0.0022960 secs]
[GC 67531K->19851K(134144K), 0.0025800 secs]
[GC 66443K->19915K(133120K), 0.0026360 secs]
[GC 65483K->19923K(132096K), 0.0022580 secs]
[GC 64467K->19923K(131072K), 0.0022930 secs]
[GC 63443K->19947K(130048K), 0.0023670 secs]
[GC 62443K->19915K(129024K), 0.0025300 secs]
[GC 61387K->19971K(128000K), 0.0023110 secs]
[GC 60419K->19971K(126976K), 0.0023370 secs]
[GC 59395K->19971K(125952K), 0.0023630 secs]
[GC 58371K->19971K(133632K), 0.0023040 secs]
[GC 66051K->19971K(132608K), 0.0022890 secs]
[GC 65027K->19987K(131584K), 0.0023410 secs]
[GC 64019K->19987K(130560K), 0.0023390 secs]
[GC 62995K->19987K(129536K), 0.0023300 secs]
[GC 61971K->19987K(138240K), 0.0029440 secs]
[GC 70675K->19995K(137216K), 0.0025820 secs]
[GC 69659K->20011K(136192K), 0.0025780 secs]
[GC 68651K->20011K(135168K), 0.0022820 secs]
[GC 67627K->19979K(134144K), 0.0024400 secs]
[GC 66571K->20027K(133120K), 0.0022940 secs]
[GC 65595K->20027K(132096K), 0.0023300 secs]
[GC 64571K->20027K(131072K), 0.0023180 secs]
[GC 63547K->20035K(130048K), 0.0022880 secs]
[GC 62531K->20043K(129024K), 0.0023270 secs]
[GC 61515K->20043K(128000K), 0.0022610 secs]
[GC 60491K->20043K(126976K), 0.0022460 secs]
[GC 59467K->20051K(125952K), 0.0021960 secs]
[GC 58451K->20067K(133632K), 0.0023610 secs]
[GC 66147K->20067K(132608K), 0.0022990 secs]
[GC 65123K->20067K(131584K), 0.0022670 secs]
[GC 64099K->20067K(130560K), 0.0022820 secs]
[GC 63075K->20075K(129536K), 0.0022970 secs]
[GC 62059K->20091K(128512K), 0.0023050 secs]
[GC 61051K->20091K(127488K), 0.0020730 secs]
[GC 60027K->20091K(126464K), 0.0023000 secs]
[GC 59003K->20091K(125440K), 0.0021140 secs]
[GC 57979K->20099K(133120K), 0.0023810 secs]
[GC 65667K->20099K(142336K), 0.0024630 secs]
[GC 74883K->20099K(140800K), 0.0023810 secs]
[GC 73347K->20099K(139264K), 0.0022970 secs]
[GC 71811K->20043K(137728K), 0.0026660 secs]
[GC 70219K->20107K(136704K), 0.0023050 secs]
[GC 69259K->20107K(135680K), 0.0024490 secs]
[GC 68235K->20075K(134656K), 0.0025700 secs]
[GC 67179K->20115K(133632K), 0.0023210 secs]
[GC 66195K->20115K(132608K), 0.0023530 secs]
[GC 65171K->20115K(131584K), 0.0022930 secs]
[GC 64147K->20115K(130560K), 0.0023530 secs]
[GC 63123K->20131K(129536K), 0.0023000 secs]
[GC 62115K->20131K(128512K), 0.0023520 secs]
[GC 61091K->20131K(127488K), 0.0023160 secs]
[GC 60067K->20139K(126464K), 0.0022650 secs]
[GC 59051K->20163K(134656K), 0.0022280 secs]
[GC 67267K->20163K(133632K), 0.0022660 secs]
[GC 66243K->20163K(132608K), 0.0022680 secs]
[GC 65219K->20131K(131584K), 0.0023740 secs]
[GC 64163K->20163K(130560K), 0.0022850 secs]
[GC 63171K->20171K(129536K), 0.0024310 secs]
[GC 62155K->20171K(128512K), 0.0023030 secs]
[GC 61131K->20171K(136704K), 0.0022790 secs]
[GC 69323K->20171K(135680K), 0.0024200 secs]
[GC 68299K->20187K(134656K), 0.0023360 secs]
[GC 67291K->20187K(133632K), 0.0024230 secs]
[GC 66267K->20187K(132608K), 0.0023500 secs]
[GC 65243K->20187K(131584K), 0.0022830 secs]
[GC 64219K->20163K(130560K), 0.0023550 secs]
[GC 63171K->20195K(129536K), 0.0025090 secs]
[GC 62179K->20211K(128512K), 0.0022870 secs]
[GC 61171K->20211K(136704K), 0.0023670 secs]
[GC 69363K->20211K(135680K), 0.0023350 secs]
[GC 68339K->20235K(134656K), 0.0023830 secs]
[GC 67339K->20243K(133632K), 0.0023690 secs]
[GC 66323K->20243K(132608K), 0.0023580 secs]
[GC 65299K->20243K(131584K), 0.0022740 secs]
[GC 64275K->20251K(130560K), 0.0026300 secs]
[GC 63259K->20251K(129536K), 0.0022730 secs]
[GC 62235K->20251K(128512K), 0.0023560 secs]
[GC 61211K->20251K(127488K), 0.0022200 secs]
[GC 60183K->20267K(135680K), 0.0022910 secs]
[GC 68395K->20267K(134656K), 0.0021960 secs]
[GC 67371K->20267K(133632K), 0.0022870 secs]
[GC 66347K->20275K(132608K), 0.0022590 secs]
[GC 65331K->20275K(131584K), 0.0022720 secs]
[GC 64307K->20219K(130560K), 0.0025100 secs]
[GC 63227K->20283K(129536K), 0.0023850 secs]
[GC 62267K->20251K(138240K), 0.0032470 secs]
[GC 70939K->20251K(137216K), 0.0025150 secs]
[GC 69915K->20291K(136192K), 0.0022820 secs]
[GC 68931K->20291K(135168K), 0.0023620 secs]
[GC 67907K->20291K(134144K), 0.0022790 secs]
[GC 66883K->20299K(133120K), 0.0021770 secs]
[GC 65867K->20299K(132096K), 0.0023550 secs]
[GC 64843K->20267K(131072K), 0.0029250 secs]
[GC 63787K->20299K(130048K), 0.0021440 secs]
[GC 62795K->20307K(129024K), 0.0026680 secs]
[GC 61779K->20307K(128000K), 0.0033430 secs]
[GC 60755K->20307K(126976K), 0.0025040 secs]
[GC 59731K->20315K(125952K), 0.0024520 secs]
[GC 58715K->20315K(125440K), 0.0022760 secs]
[GC 58203K->20315K(124928K), 0.0023780 secs]
[GC 57691K->20315K(132608K), 0.0025500 secs]
[GC 65371K->20323K(141824K), 0.0023090 secs]
[GC 74595K->20323K(140288K), 0.0023910 secs]
[GC 73059K->20291K(138752K), 0.0024820 secs]
[GC 71491K->20323K(137216K), 0.0023420 secs]
[GC 69987K->20339K(136192K), 0.0023550 secs]
[GC 68979K->20307K(135168K), 0.0024040 secs]
[GC 67923K->20339K(134144K), 0.0023630 secs]
[GC 66931K->20347K(133120K), 0.0022740 secs]
[GC 65915K->20347K(132096K), 0.0025300 secs]
[GC 64891K->20347K(131072K), 0.0023810 secs]
[GC 63867K->20323K(130048K), 0.0024800 secs]
[GC 62819K->20355K(129024K), 0.0024850 secs]
[GC 61827K->20355K(128000K), 0.0029840 secs]
[GC 60803K->20363K(126976K), 0.0027020 secs]
[GC 59787K->20363K(125952K), 0.0022670 secs]
[GC 58763K->20363K(125440K), 0.0022840 secs]
[GC 58251K->20379K(124928K), 0.0041400 secs]
[GC 57755K->20379K(124416K), 0.0023140 secs]
[GC 57243K->20347K(123904K), 0.0024500 secs]
[GC 56699K->20379K(123392K), 0.0023270 secs]
[GC 56219K->20387K(122880K), 0.0024650 secs]
[GC 55715K->20387K(122368K), 0.0022920 secs]
[GC 55203K->20387K(129536K), 0.0023790 secs]
[GC 62371K->20387K(138240K), 0.0022350 secs]
[GC 71075K->20411K(137216K), 0.0023100 secs]
[GC 70075K->20411K(136192K), 0.0024190 secs]
[GC 69051K->20411K(135168K), 0.0023290 secs]
[GC 68027K->20411K(134144K), 0.0022400 secs]
[GC 67003K->20427K(133120K), 0.0023150 secs]
[GC 65995K->20427K(132096K), 0.0022440 secs]
[GC 64971K->20395K(131072K), 0.0023900 secs]
[GC 63915K->20427K(130048K), 0.0024270 secs]
[GC 62923K->20435K(129024K), 0.0022760 secs]
[GC 61907K->20435K(128000K), 0.0028410 secs]
[GC 60883K->20435K(136192K), 0.0024320 secs]
[GC 69075K->20435K(135168K), 0.0024670 secs]
[GC 68051K->20451K(134144K), 0.0024010 secs]
[GC 67043K->20451K(133120K), 0.0023090 secs]
[GC 66019K->20451K(132096K), 0.0023080 secs]
[GC 64995K->20451K(131072K), 0.0022770 secs]
[GC 63971K->20467K(130048K), 0.0022350 secs]
[GC 62963K->20467K(129024K), 0.0026130 secs]
[GC 61939K->20467K(128000K), 0.0021900 secs]
[GC 60915K->20467K(126976K), 0.0023060 secs]
[GC 59891K->20467K(125952K), 0.0022680 secs]
[GC 58867K->20491K(133632K), 0.0022790 secs]
[GC 66571K->20491K(132608K), 0.0023010 secs]
[GC 65547K->20491K(131584K), 0.0022740 secs]
[GC 64523K->20491K(130560K), 0.0022900 secs]
[GC 63499K->20499K(129536K), 0.0022440 secs]
[GC 62483K->20499K(128512K), 0.0027880 secs]
[GC 61459K->20499K(136704K), 0.0024690 secs]
[GC 69651K->20499K(135680K), 0.0022900 secs]
[GC 68627K->20507K(134656K), 0.0031440 secs]
[GC 67611K->20507K(133632K), 0.0027330 secs]
[GC 66587K->20507K(132608K), 0.0022290 secs]
[GC 65563K->20507K(131584K), 0.0023440 secs]
[GC 64539K->20531K(130560K), 0.0026700 secs]
[GC 63539K->20531K(129536K), 0.0022390 secs]
[GC 62515K->20499K(128512K), 0.0024160 secs]
[GC 61459K->20531K(127488K), 0.0023390 secs]
[GC 60467K->20539K(126464K), 0.0022710 secs]
[GC 59451K->20539K(125440K), 0.0023080 secs]
[GC 58427K->20539K(133120K), 0.0028870 secs]
[GC 66107K->20507K(132096K), 0.0024020 secs]
[GC 65051K->20555K(131072K), 0.0023960 secs]
[GC 64075K->20555K(130048K), 0.0023340 secs]
[GC 63051K->20523K(129024K), 0.0025940 secs]
[GC 61995K->20563K(128000K), 0.0022240 secs]
[GC 61011K->20563K(126976K), 0.0022350 secs]
[GC 59987K->20563K(125952K), 0.0030360 secs]
[GC 58963K->20563K(125440K), 0.0023010 secs]
[GC 58451K->20579K(124928K), 0.0022380 secs]
[GC 57955K->20579K(124416K), 0.0024650 secs]
[GC 57443K->20579K(123904K), 0.0022090 secs]
[GC 56931K->20547K(131584K), 0.0028050 secs]
[GC 64579K->20587K(140800K), 0.0023750 secs]
[GC 73835K->20587K(139264K), 0.0023840 secs]
[GC 72299K->20587K(137728K), 0.0023790 secs]
[GC 70763K->20587K(136704K), 0.0023640 secs]
[GC 69739K->20603K(135680K), 0.0023510 secs]
[GC 68731K->20603K(134656K), 0.0023310 secs]
[GC 67707K->20571K(133632K), 0.0025190 secs]
[GC 66651K->20611K(132608K), 0.0028650 secs]
[GC 65667K->20611K(131584K), 0.0023770 secs]
[GC 64643K->20611K(130560K), 0.0024580 secs]
[GC 63619K->20611K(129536K), 0.0022710 secs]
[GC 62595K->20619K(128512K), 0.0023410 secs]
[GC 61579K->20587K(127488K), 0.0030690 secs]
[GC 60523K->20619K(126464K), 0.0024870 secs]
[GC 59531K->20619K(125440K), 0.0022940 secs]
[GC 58507K->20635K(124928K), 0.0030900 secs]
[GC 58011K->20635K(124416K), 0.0024860 secs]
[GC 57499K->20635K(123904K), 0.0026990 secs]
[GC 56987K->20611K(123392K), 0.0024690 secs]
[GC 56451K->20643K(122880K), 0.0024910 secs]
[GC 55971K->20643K(122368K), 0.0024300 secs]
[GC 55459K->20643K(121856K), 0.0024150 secs]
[GC 54947K->20659K(121344K), 0.0023520 secs]
[GC 54451K->20627K(128512K), 0.0032530 secs]
[GC 61587K->20659K(136704K), 0.0023130 secs]
[GC 69811K->20659K(135680K), 0.0023220 secs]
[GC 68787K->20683K(134656K), 0.0023570 secs]
[GC 67787K->20683K(133632K), 0.0024160 secs]
[GC 66763K->20651K(132608K), 0.0025070 secs]
[GC 65707K->20683K(131584K), 0.0022970 secs]
[GC 64715K->20691K(130560K), 0.0023130 secs]
[GC 63699K->20691K(129536K), 0.0023490 secs]
[GC 62675K->20691K(128512K), 0.0023080 secs]
[GC 61651K->20691K(127488K), 0.0023190 secs]
[GC 60627K->20667K(135680K), 0.0028860 secs]
[GC 68795K->20699K(134656K), 0.0023830 secs]
[GC 67803K->20699K(133632K), 0.0023170 secs]
[GC 66779K->20699K(132608K), 0.0022050 secs]
[GC 65755K->20675K(131584K), 0.0032090 secs]
[GC 64707K->20643K(140800K), 0.0031000 secs]
[GC 73891K->20707K(139264K), 0.0027060 secs]
[GC 72419K->20723K(137728K), 0.0022920 secs]
[GC 70899K->20731K(136704K), 0.0022780 secs]
[GC 69883K->20731K(135680K), 0.0023330 secs]
[GC 68859K->20731K(134656K), 0.0023090 secs]
[GC 67835K->20715K(133632K), 0.0025330 secs]
[GC 66795K->20747K(132608K), 0.0023480 secs]
[GC 65803K->20747K(131584K), 0.0023990 secs]
[GC 64779K->20747K(130560K), 0.0022810 secs]
[GC 63755K->20771K(129536K), 0.0023690 secs]
[GC 62755K->20771K(128512K), 0.0022940 secs]
[GC 61731K->20787K(127488K), 0.0023450 secs]
[GC 60723K->20787K(126464K), 0.0023270 secs]
[GC 59699K->20787K(125440K), 0.0022900 secs]
[GC 58675K->20795K(133120K), 0.0023140 secs]
[GC 66363K->20763K(142336K), 0.0023730 secs]
[GC 75547K->20795K(140800K), 0.0022720 secs]
[GC 74043K->20795K(139264K), 0.0023800 secs]
[GC 72507K->20811K(137728K), 0.0023410 secs]
[GC 70987K->20827K(136704K), 0.0023070 secs]
[GC 69979K->20827K(135680K), 0.0026990 secs]
[GC 68955K->20843K(134656K), 0.0022890 secs]
[GC 67947K->20843K(133632K), 0.0022670 secs]
[GC 66923K->20859K(132608K), 0.0024760 secs]
[GC 65915K->20859K(131584K), 0.0023210 secs]
[GC 64891K->20867K(130560K), 0.0023790 secs]
[GC 63872K->20867K(129536K), 0.0023470 secs]
[GC 62851K->20867K(128512K), 0.0024370 secs]
[GC 61827K->20867K(127488K), 0.0023270 secs]
[GC 60803K->20867K(135680K), 0.0025710 secs]
[GC 68995K->20843K(134656K), 0.0024710 secs]
[GC 67943K->20875K(133632K), 0.0024380 secs]
[GC 66955K->20875K(132608K), 0.0023850 secs]
[GC 65931K->20843K(131584K), 0.0025370 secs]
[GC 64875K->20891K(130560K), 0.0023170 secs]
[GC 63899K->20899K(129536K), 0.0026570 secs]
[GC 62883K->20899K(128512K), 0.0023400 secs]
[GC 61859K->20835K(127488K), 0.0027220 secs]
[GC 60771K->20907K(126464K), 0.0023460 secs]
[GC 59819K->20907K(125440K), 0.0025760 secs]
[GC 58795K->20907K(124928K), 0.0024180 secs]
[GC 58283K->20851K(124416K), 0.0027360 secs]
[GC 57715K->20915K(123904K), 0.0030660 secs]
[GC 57267K->20923K(123392K), 0.0034960 secs]
[GC 56763K->20931K(122880K), 0.0026680 secs]
[GC 56259K->20867K(122368K), 0.0026360 secs]
[GC 55683K->20931K(121856K), 0.0025240 secs]
[GC 55235K->20939K(129024K), 0.0023470 secs]
[GC 62411K->20939K(128000K), 0.0024150 secs]
[GC 61387K->20939K(126976K), 0.0021990 secs]
[GC 60363K->20939K(125952K), 0.0023170 secs]
[GC 59339K->20939K(133632K), 0.0023960 secs]
[GC 67018K->20915K(132608K), 0.0025130 secs]
[GC 65971K->20947K(131584K), 0.0024250 secs]
[GC 64979K->20947K(130560K), 0.0023670 secs]
[GC 63955K->20947K(129536K), 0.0025610 secs]
[GC 62931K->20955K(128512K), 0.0025330 secs]
[GC 61915K->20955K(127488K), 0.0023570 secs]
[GC 60891K->20955K(126464K), 0.0023660 secs]
[GC 59867K->20923K(125440K), 0.0024400 secs]
[GC 58811K->20931K(124928K), 0.0025850 secs]
[GC 58307K->20963K(124416K), 0.0021410 secs]
[GC 57827K->20971K(123904K), 0.0028710 secs]
[GC 57323K->20939K(123392K), 0.0026350 secs]
[GC 56779K->20987K(122880K), 0.0033540 secs]
[GC 56315K->20987K(122368K), 0.0023970 secs]
[GC 55803K->20987K(121856K), 0.0022830 secs]
[GC 55291K->20995K(121344K), 0.0027170 secs]
[GC 54787K->21003K(120832K), 0.0024700 secs]
[GC 54283K->21003K(120320K), 0.0022460 secs]
[GC 53771K->21003K(119808K), 0.0023630 secs]
[GC 53259K->21003K(126464K), 0.0023220 secs]
[GC 59915K->21011K(125440K), 0.0023030 secs]
[GC 58899K->21027K(133120K), 0.0023890 secs]
[GC 66595K->21027K(142336K), 0.0027270 secs]
[GC 75811K->21027K(140800K), 0.0022960 secs]
[GC 74275K->21051K(139264K), 0.0022650 secs]
[GC 72763K->21051K(137728K), 0.0023720 secs]
[GC 71227K->21019K(136704K), 0.0027990 secs]
[GC 70171K->21059K(135680K), 0.0031990 secs]
[GC 69187K->21059K(134656K), 0.0026820 secs]
[GC 68163K->21003K(133632K), 0.0030640 secs]
[GC 67083K->21035K(132608K), 0.0054560 secs]
[GC 66091K->21067K(131584K), 0.0026760 secs]
[GC 65099K->21075K(130560K), 0.0028800 secs]
[GC 64083K->21043K(129536K), 0.0027600 secs]
[GC 63027K->21075K(128512K), 0.0052130 secs]
[GC 62035K->21051K(127488K), 0.0032420 secs]
[GC 60987K->21083K(126464K), 0.0024900 secs]
[GC 59995K->21091K(125440K), 0.0024450 secs]
[GC 58979K->21091K(124928K), 0.0022520 secs]
[GC 58467K->21091K(124416K), 0.0023750 secs]
[GC 57955K->21091K(123904K), 0.0023150 secs]
[GC 57443K->21107K(131584K), 0.0031100 secs]
[GC 65139K->21091K(130560K), 0.0025720 secs]
[GC 64097K->21123K(129536K), 0.0022590 secs]
[GC 63107K->21091K(128512K), 0.0024620 secs]
[GC 62051K->21131K(136704K), 0.0027310 secs]
[GC 70283K->21067K(135680K), 0.0031020 secs]
[GC 69195K->21147K(134656K), 0.0028550 secs]
[GC 68251K->21155K(133632K), 0.0032450 secs]
[GC 67235K->21131K(132608K), 0.0044310 secs]
[GC 66187K->21163K(131584K), 0.0025320 secs]
[GC 65195K->21171K(130560K), 0.0025520 secs]
[GC 64179K->21171K(129536K), 0.0025170 secs]
[GC 63155K->21187K(128512K), 0.0024440 secs]
[GC 62147K->21187K(127488K), 0.0023450 secs]
[GC 61123K->21155K(126464K), 0.0026520 secs]
[GC 60067K->21187K(125440K), 0.0022390 secs]
[GC 59075K->21195K(124928K), 0.0026880 secs]
[GC 58571K->21195K(124416K), 0.0027760 secs]
[GC 58059K->21195K(132096K), 0.0026270 secs]
[GC 65739K->21163K(131072K), 0.0025430 secs]
[GC 64683K->21203K(130048K), 0.0024360 secs]
[GC 63699K->21203K(129024K), 0.0022530 secs]
[GC 62675K->21171K(128000K), 0.0035320 secs]
[GC 61619K->21219K(126976K), 0.0024900 secs]
[GC 60643K->21235K(125952K), 0.0021770 secs]
[GC 59635K->21203K(125440K), 0.0022500 secs]
[GC 59091K->21251K(124928K), 0.0024440 secs]
[GC 58627K->21251K(124416K), 0.0024550 secs]
[GC 58115K->21251K(123904K), 0.0029280 secs]
[GC 57603K->21187K(131584K), 0.0059250 secs]
[GC 65219K->21259K(140800K), 0.0024470 secs]
[GC 74507K->21275K(139264K), 0.0026850 secs]
[GC 72987K->21243K(137728K), 0.0035580 secs]
[GC 71419K->21283K(136704K), 0.0023180 secs]
[GC 70435K->21251K(135680K), 0.0031000 secs]
[GC 69379K->21283K(134656K), 0.0024770 secs]
[GC 68387K->21299K(133632K), 0.0022840 secs]
[GC 67379K->21299K(132608K), 0.0027100 secs]
[GC 66355K->21299K(131584K), 0.0024150 secs]
[GC 65331K->21299K(130560K), 0.0023280 secs]
[GC 64307K->21315K(129536K), 0.0023760 secs]
[GC 63299K->21315K(128512K), 0.0023430 secs]
[GC 62275K->21283K(127488K), 0.0024160 secs]
[GC 61219K->21315K(126464K), 0.0024010 secs]
[GC 60227K->21339K(125440K), 0.0023650 secs]
[GC 59227K->21339K(124928K), 0.0023880 secs]
[GC 58715K->21339K(132608K), 0.0023240 secs]
[GC 66395K->21339K(131584K), 0.0022660 secs]
[GC 65371K->21339K(130560K), 0.0023140 secs]
[GC 64347K->21347K(129536K), 0.0023300 secs]
[GC 63331K->21363K(128512K), 0.0023710 secs]
[GC 62323K->21363K(127488K), 0.0024040 secs]
[GC 61299K->21363K(126464K), 0.0023590 secs]
[GC 60275K->21379K(125440K), 0.0022480 secs]
[GC 59267K->21347K(124928K), 0.0024360 secs]
[GC 58723K->21379K(132608K), 0.0022700 secs]
[GC 66435K->21379K(131584K), 0.0025700 secs]
[GC 65411K->21355K(130560K), 0.0027020 secs]
[GC 64363K->21395K(129536K), 0.0025810 secs]
[GC 63379K->21395K(128512K), 0.0022820 secs]
[GC 62355K->21395K(127488K), 0.0022280 secs]
[GC 61331K->21403K(126464K), 0.0025020 secs]
[GC 60315K->21403K(125440K), 0.0023560 secs]
[GC 59291K->21403K(133120K), 0.0022290 secs]
[GC 66971K->21403K(142336K), 0.0026360 secs]
[GC 76185K->21427K(140800K), 0.0021980 secs]
[GC 74675K->21427K(139264K), 0.0022920 secs]
[GC 73139K->21427K(137728K), 0.0023640 secs]
[GC 71603K->21427K(136704K), 0.0023080 secs]
[GC 70579K->21443K(135680K), 0.0023180 secs]
[GC 69571K->21443K(134656K), 0.0024480 secs]
[GC 68547K->21443K(133632K), 0.0024840 secs]
[GC 67523K->21443K(132608K), 0.0024420 secs]
[GC 66499K->21451K(131584K), 0.0025770 secs]
[GC 65483K->21451K(130560K), 0.0023960 secs]
[GC 64459K->21451K(129536K), 0.0022620 secs]
[GC 63435K->21451K(128512K), 0.0022220 secs]
[GC 62411K->21467K(127488K), 0.0023110 secs]
[GC 61403K->21467K(126464K), 0.0022550 secs]
[GC 60379K->21467K(125440K), 0.0023360 secs]
[GC 59355K->21467K(133120K), 0.0024910 secs]
[GC 67035K->21475K(132096K), 0.0023960 secs]
[GC 66019K->21475K(131072K), 0.0024370 secs]
[GC 64995K->21475K(130048K), 0.0023340 secs]
[GC 63971K->21475K(129024K), 0.0022960 secs]
[GC 62947K->21491K(128000K), 0.0022670 secs]
[GC 61939K->21491K(126976K), 0.0023300 secs]
[GC 60915K->21491K(125952K), 0.0022680 secs]
[GC 59891K->21491K(133632K), 0.0025840 secs]
[GC 67571K->21491K(132608K), 0.0023140 secs]
[GC 66547K->21499K(131584K), 0.0022680 secs]
[GC 65531K->21499K(130560K), 0.0022630 secs]
[GC 64507K->21507K(129536K), 0.0023690 secs]
[GC 63491K->21515K(128512K), 0.0025440 secs]
[GC 62475K->21523K(127488K), 0.0023560 secs]
[GC 61456K->21523K(126464K), 0.0023620 secs]
[GC 60435K->21523K(125440K), 0.0023260 secs]
[GC 59411K->21459K(133120K), 0.0029220 secs]
[GC 67027K->21531K(132096K), 0.0025200 secs]
[GC 66075K->21531K(131072K), 0.0027490 secs]
[GC 65051K->21531K(130048K), 0.0022250 secs]
[GC 64027K->21531K(129024K), 0.0022870 secs]
[GC 63003K->21523K(128000K), 0.0024190 secs]
[GC 61971K->21555K(126976K), 0.0022120 secs]
[GC 60979K->21555K(125952K), 0.0023640 secs]
[GC 59955K->21555K(125440K), 0.0025270 secs]
[GC 59443K->21563K(133120K), 0.0023230 secs]
[GC 67131K->21563K(132096K), 0.0022190 secs]
[GC 66107K->21563K(131072K), 0.0023480 secs]
[GC 65083K->21531K(130048K), 0.0026070 secs]
[GC 64027K->21571K(129024K), 0.0024560 secs]
[GC 63043K->21571K(128000K), 0.0023100 secs]
[GC 62019K->21539K(126976K), 0.0025590 secs]
[GC 60963K->21571K(125952K), 0.0023690 secs]
[GC 59971K->21571K(125440K), 0.0023180 secs]
[GC 59459K->21579K(133120K), 0.0025270 secs]
[GC 67147K->21547K(142336K), 0.0036900 secs]
[GC 76331K->21579K(140800K), 0.0023340 secs]
[GC 74827K->21587K(139264K), 0.0022260 secs]
[GC 73299K->21587K(137728K), 0.0023400 secs]
[GC 71763K->21587K(136704K), 0.0025320 secs]
[GC 70739K->21587K(135680K), 0.0023390 secs]
[GC 69715K->21571K(134656K), 0.0026900 secs]
[GC 68675K->21603K(133632K), 0.0023080 secs]
[GC 67683K->21619K(132608K), 0.0024120 secs]
[GC 66675K->21587K(131584K), 0.0024720 secs]
[GC 65619K->21627K(130560K), 0.0025910 secs]
[GC 64635K->21595K(129536K), 0.0024060 secs]
[GC 63579K->21635K(128512K), 0.0027710 secs]
[GC 62595K->21643K(127488K), 0.0024770 secs]
[GC 61579K->21643K(126464K), 0.0026140 secs]
[GC 60555K->21643K(125440K), 0.0023440 secs]
[GC 59531K->21659K(124928K), 0.0023230 secs]
[GC 59035K->21595K(132608K), 0.0029100 secs]
[GC 66651K->21627K(131584K), 0.0027970 secs]
[GC 65659K->21595K(130560K), 0.0030040 secs]
[GC 64603K->21667K(129536K), 0.0023400 secs]
[GC 63651K->21667K(128512K), 0.0022950 secs]
[GC 62627K->21667K(127488K), 0.0022280 secs]
[GC 61603K->21667K(126464K), 0.0019070 secs]
[GC 60579K->21675K(125440K), 0.0024780 secs]
[GC 59563K->21675K(124928K), 0.0023020 secs]
[GC 59051K->21675K(124416K), 0.0021590 secs]
[GC 58539K->21683K(123904K), 0.0024620 secs]
[GC 58035K->21683K(123392K), 0.0024540 secs]
[GC 57523K->21683K(130560K), 0.0023410 secs]
[GC 64691K->21683K(129536K), 0.0023400 secs]
[GC 63667K->21683K(128512K), 0.0022750 secs]
[GC 62643K->21691K(127488K), 0.0024420 secs]
[GC 61627K->21691K(126464K), 0.0024100 secs]
[GC 60603K->21691K(125440K), 0.0023370 secs]
[GC 59579K->21691K(124928K), 0.0024000 secs]
[GC 59067K->21699K(132608K), 0.0034460 secs]
[GC 66755K->21699K(131584K), 0.0023460 secs]
[GC 65731K->21699K(130560K), 0.0023980 secs]
[GC 64707K->21715K(129536K), 0.0021920 secs]
[GC 63699K->21683K(128512K), 0.0024980 secs]
[GC 62643K->21715K(127488K), 0.0024090 secs]
[GC 61651K->21715K(126464K), 0.0023280 secs]
[GC 60627K->21659K(125440K), 0.0028810 secs]
[GC 59547K->21723K(124928K), 0.0023530 secs]
[GC 59099K->21723K(132608K), 0.0024400 secs]
[GC 66779K->21723K(131584K), 0.0021850 secs]
[GC 65755K->21699K(130560K), 0.0026510 secs]
[GC 64707K->21731K(129536K), 0.0023710 secs]
[GC 63715K->21731K(128512K), 0.0023740 secs]
[GC 62691K->21731K(127488K), 0.0024530 secs]
[GC 61667K->21715K(135680K), 0.0025930 secs]
[GC 69843K->21747K(134656K), 0.0022670 secs]
[GC 68851K->21747K(133632K), 0.0022570 secs]
[GC 67827K->21747K(132608K), 0.0023330 secs]
[GC 66803K->21763K(131584K), 0.0029290 secs]
[GC 65795K->21779K(130560K), 0.0025500 secs]
[GC 64787K->21747K(129536K), 0.0026590 secs]
[GC 63731K->21715K(128512K), 0.0028060 secs]
[GC 62675K->21787K(127488K), 0.0023800 secs]
[GC 61723K->21787K(126464K), 0.0025510 secs]
[GC 60699K->21755K(134656K), 0.0024090 secs]
[GC 68859K->21787K(133632K), 0.0022580 secs]
[GC 67867K->21795K(132608K), 0.0023510 secs]
[GC 66851K->21795K(131584K), 0.0023500 secs]
[GC 65827K->21795K(140800K), 0.0031930 secs]
[GC 75043K->21795K(139264K), 0.0022770 secs]
[GC 73507K->21803K(137728K), 0.0023020 secs]
[GC 71979K->21771K(136704K), 0.0026230 secs]
[GC 70923K->21771K(135680K), 0.0024210 secs]
[GC 69899K->21803K(134656K), 0.0023490 secs]
[GC 68907K->21827K(133632K), 0.0024490 secs]
[GC 67907K->21827K(132608K), 0.0023360 secs]
[GC 66883K->21827K(131584K), 0.0023840 secs]
[GC 65859K->21835K(130560K), 0.0023150 secs]
[GC 64843K->21835K(129536K), 0.0024020 secs]
[GC 63819K->21835K(128512K), 0.0023600 secs]
[GC 62795K->21835K(127488K), 0.0023340 secs]
[GC 61770K->21835K(126464K), 0.0023060 secs]
[GC 60747K->21843K(125440K), 0.0023410 secs]
[GC 59731K->21843K(133120K), 0.0025290 secs]
[GC 67411K->21843K(132096K), 0.0023270 secs]
[GC 66387K->21843K(131072K), 0.0023860 secs]
[GC 65363K->21851K(130048K), 0.0023710 secs]
[GC 64347K->21851K(129024K), 0.0023410 secs]
[GC 63323K->21851K(128000K), 0.0023320 secs]
[GC 62299K->21851K(126976K), 0.0023480 secs]
[GC 61275K->21867K(125952K), 0.0023610 secs]
[GC 60267K->21867K(133632K), 0.0026060 secs]
[GC 67947K->21803K(142848K), 0.0028670 secs]
[GC 77099K->21883K(141312K), 0.0023720 secs]
[GC 75643K->21891K(139776K), 0.0023000 secs]
[GC 74115K->21827K(138240K), 0.0027230 secs]
[GC 72515K->21891K(137216K), 0.0022960 secs]
[GC 71555K->21891K(136192K), 0.0025520 secs]
[GC 70531K->21899K(135168K), 0.0024500 secs]
[GC 69515K->21867K(134144K), 0.0023660 secs]
[GC 68459K->21899K(133120K), 0.0025850 secs]
[GC 67467K->21907K(132096K), 0.0026130 secs]
[GC 66451K->21907K(131072K), 0.0023030 secs]
[GC 65427K->21907K(130048K), 0.0023480 secs]
[GC 64403K->21907K(129024K), 0.0023670 secs]
[GC 63379K->21915K(128000K), 0.0026570 secs]
[GC 62363K->21915K(126976K), 0.0023830 secs]
[GC 61339K->21915K(125952K), 0.0022320 secs]
[GC 60315K->21915K(125440K), 0.0022680 secs]
[GC 59803K->21915K(124928K), 0.0024140 secs]
[GC 59291K->21931K(132608K), 0.0023010 secs]
[GC 66987K->21931K(131584K), 0.0023320 secs]
[GC 65963K->21931K(130560K), 0.0023130 secs]
[GC 64939K->21899K(129536K), 0.0024850 secs]
[GC 63883K->21947K(128512K), 0.0024410 secs]
[GC 62907K->21947K(127488K), 0.0024620 secs]
[GC 61883K->21947K(126464K), 0.0023230 secs]
[GC 60859K->21947K(134656K), 0.0023490 secs]
[GC 69051K->21955K(133632K), 0.0024300 secs]
[GC 68035K->21955K(132608K), 0.0023560 secs]
[GC 67011K->21963K(131584K), 0.0023160 secs]
[GC 65995K->21963K(130560K), 0.0023170 secs]
[GC 64971K->21987K(129536K), 0.0021430 secs]
[GC 63971K->21987K(128512K), 0.0024050 secs]
[GC 62945K->21987K(127488K), 0.0023000 secs]
[GC 61923K->21987K(126464K), 0.0023360 secs]
[GC 60899K->21987K(125440K), 0.0025050 secs]
[GC 59875K->22011K(124928K), 0.0022780 secs]
[GC 59387K->22011K(124416K), 0.0023010 secs]
[GC 58875K->22011K(123904K), 0.0023810 secs]
[GC 58363K->22011K(123392K), 0.0023880 secs]
[GC 57851K->21987K(130560K), 0.0025590 secs]
[GC 64995K->21987K(129536K), 0.0028720 secs]
[GC 63971K->22019K(128512K), 0.0027340 secs]
[GC 62979K->22027K(127488K), 0.0023350 secs]
[GC 61963K->22027K(126464K), 0.0024780 secs]
[GC 60939K->22027K(125440K), 0.0026030 secs]
[GC 59915K->22027K(124928K), 0.0026740 secs]
[GC 59403K->22035K(124416K), 0.0024660 secs]
[GC 58899K->22035K(132096K), 0.0023340 secs]
[GC 66579K->21971K(141312K), 0.0079220 secs]
[GC 75731K->22035K(152064K), 0.0022690 secs]
[GC 86547K->22059K(150016K), 0.0025140 secs]
[GC 84523K->22059K(148480K), 0.0022760 secs]
[GC 82987K->22083K(146944K), 0.0023750 secs]
[GC 81475K->22083K(145408K), 0.0023540 secs]
[GC 79939K->22083K(143872K), 0.0023440 secs]
[GC 78403K->22091K(142336K), 0.0023410 secs]
[GC 76875K->22091K(140800K), 0.0023140 secs]
[GC 75339K->22091K(139264K), 0.0029460 secs]
[GC 73803K->22107K(137728K), 0.0025090 secs]
[GC 72283K->22115K(136704K), 0.0025250 secs]
[GC 71267K->22131K(135680K), 0.0023060 secs]
[GC 70259K->22131K(134656K), 0.0022000 secs]
[GC 69235K->22131K(133632K), 0.0021750 secs]
[GC 68211K->22139K(132608K), 0.0025620 secs]
[GC 67195K->22155K(131584K), 0.0022490 secs]
[GC 66187K->22155K(130560K), 0.0023000 secs]
[GC 65160K->22155K(129536K), 0.0024800 secs]
[GC 64139K->22163K(128512K), 0.0023560 secs]
[GC 63123K->22163K(127488K), 0.0022760 secs]
[GC 62099K->22163K(126464K), 0.0025320 secs]
[GC 61075K->22163K(134656K), 0.0023840 secs]
[GC 69267K->22179K(133632K), 0.0023140 secs]
[GC 68259K->22179K(132608K), 0.0024990 secs]
[GC 67235K->22179K(131584K), 0.0022440 secs]
[GC 66211K->22179K(130560K), 0.0023540 secs]
[GC 65187K->22187K(129536K), 0.0023180 secs]
[GC 64171K->22187K(128512K), 0.0022920 secs]
[GC 63147K->22187K(127488K), 0.0024540 secs]
[GC 62123K->22187K(126464K), 0.0023100 secs]
[GC 61099K->22195K(134656K), 0.0025220 secs]
[GC 69299K->22195K(133632K), 0.0023310 secs]
[GC 68275K->22195K(132608K), 0.0022250 secs]
[GC 67251K->22195K(131584K), 0.0022760 secs]
[GC 66227K->22195K(130560K), 0.0023600 secs]
[GC 65203K->22203K(129536K), 0.0023100 secs]
[GC 64187K->22203K(128512K), 0.0022970 secs]
[GC 63163K->22203K(127488K), 0.0024800 secs]
[GC 62139K->22203K(126464K), 0.0025880 secs]
[GC 61115K->22219K(125440K), 0.0023210 secs]
[GC 60107K->22219K(124928K), 0.0023630 secs]
[GC 59595K->22219K(124416K), 0.0024650 secs]
[GC 59083K->22187K(123904K), 0.0025730 secs]
[GC 58539K->22227K(131584K), 0.0023680 secs]
[GC 66259K->22195K(140800K), 0.0024780 secs]
[GC 75443K->22227K(139264K), 0.0022980 secs]
[GC 73939K->22227K(137728K), 0.0024360 secs]
[GC 72403K->22235K(136704K), 0.0022590 secs]
[GC 71387K->22203K(135680K), 0.0024540 secs]
[GC 70331K->22235K(134656K), 0.0023440 secs]
[GC 69339K->22235K(133632K), 0.0023130 secs]
[GC 68315K->22243K(132608K), 0.0023010 secs]
[GC 67299K->22243K(131584K), 0.0022980 secs]
[GC 66275K->22243K(130560K), 0.0027750 secs]
[GC 65251K->22259K(129536K), 0.0025540 secs]
[GC 64242K->22259K(128512K), 0.0022340 secs]
[GC 63219K->22259K(127488K), 0.0024130 secs]
[GC 62195K->22259K(126464K), 0.0023200 secs]
[GC 61171K->22259K(125440K), 0.0022530 secs]
[GC 60147K->22275K(124928K), 0.0022330 secs]
[GC 59651K->22275K(132608K), 0.0024600 secs]
[GC 67331K->22275K(141824K), 0.0023330 secs]
[GC 76547K->22275K(140288K), 0.0023000 secs]
[GC 75011K->22283K(138752K), 0.0024770 secs]
[GC 73483K->22219K(137216K), 0.0028060 secs]
[GC 71883K->22283K(136192K), 0.0024050 secs]
[GC 70923K->22299K(135168K), 0.0022930 secs]
[GC 69915K->22315K(134144K), 0.0025420 secs]
[GC 68907K->22315K(133120K), 0.0023900 secs]
[GC 67883K->22323K(132096K), 0.0023130 secs]
[GC 66867K->22323K(131072K), 0.0022980 secs]
[GC 65843K->22323K(130048K), 0.0024220 secs]
[GC 64819K->22323K(129024K), 0.0026180 secs]
[GC 63795K->22339K(128000K), 0.0022530 secs]
[GC 62787K->22339K(126976K), 0.0024040 secs]
[GC 61763K->22339K(125952K), 0.0023430 secs]
[GC 60739K->22339K(133632K), 0.0025660 secs]
[GC 68419K->22275K(132608K), 0.0028140 secs]
[GC 67331K->22347K(131584K), 0.0023080 secs]
[GC 66379K->22347K(130560K), 0.0023520 secs]
[GC 65355K->22347K(129536K), 0.0024120 secs]
[GC 64331K->22347K(128512K), 0.0024330 secs]
[GC 63307K->22363K(127488K), 0.0023470 secs]
[GC 62299K->22363K(126464K), 0.0025590 secs]
[GC 61275K->22363K(125440K), 0.0023090 secs]
[GC 60251K->22363K(133120K), 0.0024300 secs]
[GC 67931K->22371K(142336K), 0.0023030 secs]
[GC 77155K->22339K(140800K), 0.0028000 secs]
[GC 75587K->22371K(139264K), 0.0023100 secs]
[GC 74083K->22339K(137728K), 0.0024780 secs]
[GC 72515K->22315K(136704K), 0.0033510 secs]
[GC 71467K->22395K(135680K), 0.0022980 secs]
[GC 70523K->22395K(134656K), 0.0022520 secs]
[GC 69499K->22403K(133632K), 0.0024190 secs]
[GC 68483K->22403K(132608K), 0.0022630 secs]
[GC 67459K->22371K(131584K), 0.0028840 secs]
[GC 66401K->22411K(130560K), 0.0023670 secs]
[GC 65419K->22411K(129536K), 0.0023600 secs]
[GC 64395K->22411K(128512K), 0.0023940 secs]
[GC 63371K->22379K(127488K), 0.0025550 secs]
[GC 62315K->22411K(126464K), 0.0024740 secs]
[GC 61323K->22419K(125440K), 0.0023280 secs]
[GC 60307K->22419K(133120K), 0.0026430 secs]
[GC 67987K->22419K(142336K), 0.0023300 secs]
[GC 77203K->22419K(140800K), 0.0022900 secs]
[GC 75667K->22427K(139264K), 0.0024670 secs]
[GC 74139K->22435K(137728K), 0.0024170 secs]
[GC 72611K->22435K(136704K), 0.0022830 secs]
[GC 71587K->22451K(135680K), 0.0023310 secs]
[GC 70579K->22451K(134656K), 0.0022730 secs]
[GC 69555K->22451K(133632K), 0.0023310 secs]
[GC 68531K->22467K(132608K), 0.0023980 secs]
[GC 67523K->22475K(131584K), 0.0022730 secs]
[GC 66507K->22411K(130560K), 0.0030490 secs]
[GC 65419K->22475K(129536K), 0.0023810 secs]
[GC 64459K->22411K(128512K), 0.0032370 secs]
[GC 63371K->22459K(127488K), 0.0026320 secs]
[GC 62395K->22491K(135680K), 0.0023870 secs]
[GC 70619K->22491K(134656K), 0.0024400 secs]
[GC 69595K->22491K(133632K), 0.0022500 secs]
[GC 68571K->22499K(132608K), 0.0022580 secs]
[GC 67555K->22499K(131584K), 0.0023260 secs]
[GC 66531K->22499K(130560K), 0.0024100 secs]
[GC 65507K->22507K(129536K), 0.0023710 secs]
[GC 64491K->22507K(128512K), 0.0022940 secs]
[GC 63467K->22515K(127488K), 0.0022890 secs]
[GC 62451K->22483K(135680K), 0.0027740 secs]
[GC 70611K->22515K(145408K), 0.0023620 secs]
[GC 80371K->22515K(143872K), 0.0023850 secs]
[GC 78835K->22531K(142336K), 0.0023150 secs]
[GC 77315K->22531K(140800K), 0.0024900 secs]
[GC 75779K->22467K(139264K), 0.0026430 secs]
[GC 74179K->22555K(137728K), 0.0022910 secs]
[GC 72731K->22555K(136704K), 0.0023090 secs]
[GC 71707K->22563K(135680K), 0.0022490 secs]
[GC 70691K->22563K(134656K), 0.0023840 secs]
[GC 69667K->22571K(133632K), 0.0023110 secs]
[GC 68651K->22571K(132608K), 0.0022440 secs]
[GC 67627K->22571K(131584K), 0.0022770 secs]
[GC 66603K->22587K(130560K), 0.0023030 secs]
[GC 65595K->22603K(129536K), 0.0022670 secs]
[GC 64587K->22571K(128512K), 0.0025290 secs]
[GC 63531K->22603K(127488K), 0.0023390 secs]
[GC 62539K->22603K(126464K), 0.0022820 secs]
[GC 61515K->22603K(134656K), 0.0022920 secs]
[GC 69707K->22627K(133632K), 0.0022720 secs]
[GC 68707K->22627K(132608K), 0.0024100 secs]
[GC 67683K->22627K(131584K), 0.0022570 secs]
[GC 66659K->22627K(130560K), 0.0023460 secs]
[GC 65635K->22635K(129536K), 0.0023210 secs]
[GC 64619K->22635K(128512K), 0.0023330 secs]
[GC 63592K->22635K(127488K), 0.0023260 secs]
[GC 62571K->22603K(135680K), 0.0025430 secs]
[GC 70731K->22643K(134656K), 0.0022870 secs]
[GC 69747K->22643K(133632K), 0.0023230 secs]
[GC 68723K->22643K(132608K), 0.0022860 secs]
[GC 67699K->22611K(131584K), 0.0023900 secs]
[GC 66642K->22659K(130560K), 0.0023330 secs]
[GC 65667K->22667K(129536K), 0.0024130 secs]
[GC 64651K->22667K(128512K), 0.0023390 secs]
[GC 63627K->22667K(127488K), 0.0023040 secs]
[GC 62603K->22683K(126464K), 0.0023250 secs]
[GC 61595K->22683K(125440K), 0.0022950 secs]
[GC 60571K->22683K(133120K), 0.0022780 secs]
[GC 68251K->22691K(132096K), 0.0023310 secs]
[GC 67235K->22691K(131072K), 0.0024090 secs]
[GC 66211K->22707K(130048K), 0.0023140 secs]
[GC 65203K->22707K(138752K), 0.0026210 secs]
[GC 73907K->22707K(137216K), 0.0022720 secs]
[GC 72371K->22715K(136192K), 0.0023220 secs]
[GC 71355K->22731K(135168K), 0.0022430 secs]
[GC 70347K->22731K(134144K), 0.0021900 secs]
[GC 69323K->22731K(133120K), 0.0022170 secs]
[GC 68299K->22747K(132096K), 0.0023940 secs]
[GC 67291K->22715K(131072K), 0.0024820 secs]
[GC 66235K->22747K(130048K), 0.0023370 secs]
[GC 65243K->22747K(129024K), 0.0023940 secs]
[GC 64219K->22747K(128000K), 0.0023840 secs]
[GC 63195K->22755K(126976K), 0.0024490 secs]
[GC 62179K->22755K(125952K), 0.0023420 secs]
[GC 61155K->22755K(125440K), 0.0022970 secs]
[GC 60643K->22763K(124928K), 0.0022460 secs]
[GC 60139K->22763K(124416K), 0.0023170 secs]
[GC 59627K->22763K(132096K), 0.0031290 secs]
[GC 67307K->22763K(131072K), 0.0024610 secs]
[GC 66283K->22763K(130048K), 0.0023550 secs]
[GC 65259K->22779K(129024K), 0.0021140 secs]
[GC 64251K->22747K(128000K), 0.0024660 secs]
[GC 63195K->22787K(126976K), 0.0022820 secs]
[GC 62211K->22787K(125952K), 0.0025240 secs]
[GC 61187K->22811K(125440K), 0.0021450 secs]
[GC 60699K->22811K(124928K), 0.0023810 secs]
[GC 60187K->22819K(124416K), 0.0026980 secs]
[GC 59683K->22819K(123904K), 0.0025650 secs]
[GC 59171K->22827K(131584K), 0.0023220 secs]
[GC 66859K->22827K(140800K), 0.0024920 secs]
[GC 76075K->22763K(139264K), 0.0027060 secs]
[GC 74475K->22843K(137728K), 0.0025070 secs]
[GC 73019K->22859K(136704K), 0.0023330 secs]
[GC 72011K->22859K(135680K), 0.0024920 secs]
[GC 70987K->22859K(134656K), 0.0022830 secs]
[GC 69963K->22867K(133632K), 0.0023210 secs]
[GC 68947K->22867K(132608K), 0.0023320 secs]
[GC 67923K->22867K(131584K), 0.0024400 secs]
[GC 66899K->22867K(130560K), 0.0023220 secs]
[GC 65875K->22883K(129536K), 0.0023080 secs]
[GC 64867K->22883K(128512K), 0.0023660 secs]
[GC 63843K->22883K(127488K), 0.0022670 secs]
[GC 62819K->22883K(126464K), 0.0023580 secs]
[GC 61795K->22883K(125440K), 0.0022380 secs]
[GC 60771K->22891K(133120K), 0.0023310 secs]
[GC 68459K->22891K(132096K), 0.0024290 secs]
[GC 67435K->22891K(131072K), 0.0023200 secs]
[GC 66411K->22891K(130048K), 0.0023870 secs]
[GC 65387K->22899K(138752K), 0.0026360 secs]
[GC 74099K->22899K(137216K), 0.0023050 secs]
[GC 72563K->22899K(136192K), 0.0023170 secs]
[GC 71539K->22899K(135168K), 0.0023190 secs]
[GC 70515K->22915K(134144K), 0.0022790 secs]
[GC 69507K->22931K(133120K), 0.0023660 secs]
[GC 68499K->22931K(132096K), 0.0022830 secs]
[GC 67475K->22931K(131072K), 0.0022150 secs]
[GC 66451K->22955K(130048K), 0.0023690 secs]
[GC 65451K->22955K(129024K), 0.0023390 secs]
[GC 64427K->22971K(128000K), 0.0023190 secs]
[GC 63419K->22971K(126976K), 0.0025970 secs]
[GC 62395K->22995K(125952K), 0.0024370 secs]
[GC 61395K->22995K(133632K), 0.0022870 secs]
[GC 69075K->22995K(132608K), 0.0024250 secs]
[GC 68051K->22995K(131584K), 0.0024510 secs]
[GC 67027K->23003K(130560K), 0.0023280 secs]
[GC 66011K->23003K(129536K), 0.0025940 secs]
[GC 64987K->23003K(128512K), 0.0023890 secs]
[GC 63963K->23003K(127488K), 0.0023700 secs]
[GC 62939K->23003K(135680K), 0.0025760 secs]
[GC 71131K->22979K(145408K), 0.0024400 secs]
[GC 80835K->23011K(143872K), 0.0024010 secs]
[GC 79331K->22947K(142336K), 0.0031700 secs]
[GC 77731K->23019K(140800K), 0.0022820 secs]
[GC 76267K->23019K(139264K), 0.0022240 secs]
[GC 74731K->23019K(137728K), 0.0024780 secs]
[GC 73195K->23027K(136704K), 0.0023080 secs]
[GC 72179K->22995K(135680K), 0.0027450 secs]
[GC 71123K->23027K(134656K), 0.0023780 secs]
[GC 70131K->23027K(133632K), 0.0022850 secs]
[GC 69107K->23043K(132608K), 0.0023430 secs]
[GC 68099K->23043K(131584K), 0.0023300 secs]
[GC 67075K->23043K(130560K), 0.0023080 secs]
[GC 66051K->23011K(129536K), 0.0024800 secs]
[GC 64995K->23059K(128512K), 0.0023790 secs]
[GC 64019K->23067K(127488K), 0.0024080 secs]
[GC 63003K->23067K(126464K), 0.0024800 secs]
[GC 61979K->23067K(125440K), 0.0026830 secs]
[GC 60955K->23075K(124928K), 0.0026780 secs]
[GC 60451K->23043K(132608K), 0.0024180 secs]
[GC 68099K->23075K(131584K), 0.0023430 secs]
[GC 67107K->23083K(130560K), 0.0025570 secs]
[GC 66091K->23059K(139264K), 0.0031100 secs]
[GC 74771K->23091K(150016K), 0.0029430 secs]
[GC 85555K->23059K(148480K), 0.0035450 secs]
[GC 83987K->23099K(146944K), 0.0023820 secs]
[GC 82491K->23115K(145408K), 0.0023860 secs]
[GC 80971K->23115K(143872K), 0.0023640 secs]
[GC 79435K->23131K(142336K), 0.0024350 secs]
[GC 77915K->23131K(140800K), 0.0023090 secs]
[GC 76379K->23139K(139264K), 0.0023100 secs]
[GC 74851K->23115K(137728K), 0.0023300 secs]
[GC 73291K->23147K(136704K), 0.0024010 secs]
[GC 72299K->23147K(135680K), 0.0022420 secs]
[GC 71275K->23147K(134656K), 0.0023310 secs]
[GC 70251K->23155K(133632K), 0.0023820 secs]
[GC 69235K->23155K(132608K), 0.0022060 secs]
[GC 68211K->23155K(131584K), 0.0022820 secs]
[GC 67187K->23123K(130560K), 0.0028620 secs]
[GC 66131K->23163K(129536K), 0.0023660 secs]
[GC 65147K->23163K(128512K), 0.0023390 secs]
[GC 64123K->23163K(127488K), 0.0023960 secs]
[GC 63099K->23131K(135680K), 0.0025000 secs]
[GC 71259K->23179K(134656K), 0.0024330 secs]
[GC 70283K->23179K(133632K), 0.0023680 secs]
[GC 69259K->23179K(132608K), 0.0023600 secs]
[GC 68235K->23179K(131584K), 0.0022940 secs]
[GC 67211K->23187K(130560K), 0.0023330 secs]
[GC 66195K->23195K(129536K), 0.0022750 secs]
[GC 65179K->23163K(128512K), 0.0024250 secs]
[GC 64123K->23195K(127488K), 0.0023340 secs]
[GC 63131K->23211K(126464K), 0.0024740 secs]
[GC 62123K->23211K(125440K), 0.0023570 secs]
[GC 61099K->23179K(133120K), 0.0028240 secs]
[GC 68747K->23179K(132096K), 0.0023400 secs]
[GC 67723K->23219K(131072K), 0.0036240 secs]
[GC 66737K->23187K(130048K), 0.0024340 secs]
[GC 65683K->23155K(129024K), 0.0030710 secs]
[GC 64627K->23163K(128000K), 0.0024960 secs]
[GC 63611K->23163K(126976K), 0.0022340 secs]
[GC 62587K->23195K(125952K), 0.0025470 secs]
[GC 61595K->23235K(125440K), 0.0023590 secs]
[GC 61123K->23235K(124928K), 0.0026080 secs]
[GC 60611K->23235K(124416K), 0.0023380 secs]
[GC 60099K->23251K(123904K), 0.0023150 secs]
[GC 59603K->23251K(123392K), 0.0023030 secs]
[GC 59091K->23251K(122880K), 0.0022610 secs]
[GC 58579K->23251K(130048K), 0.0024040 secs]
[GC 65747K->23219K(138752K), 0.0023980 secs]
[GC 74419K->23227K(137216K), 0.0023200 secs]
[GC 72891K->23259K(136192K), 0.0023410 secs]
[GC 71899K->23259K(135168K), 0.0023830 secs]
[GC 70875K->23267K(134144K), 0.0026510 secs]
[GC 69859K->23275K(133120K), 0.0023240 secs]
[GC 68843K->23275K(132096K), 0.0023010 secs]
[GC 67819K->23275K(131072K), 0.0024070 secs]
[GC 66795K->23275K(130048K), 0.0023160 secs]
[GC 65771K->23283K(129024K), 0.0023280 secs]
[GC 64755K->23283K(128000K), 0.0024620 secs]
[GC 63731K->23283K(126976K), 0.0023390 secs]
[GC 62707K->23283K(135168K), 0.0023580 secs]
[GC 70899K->23291K(134144K), 0.0022920 secs]
[GC 69883K->23291K(133120K), 0.0023430 secs]
[GC 68859K->23291K(132096K), 0.0023090 secs]
[GC 67835K->23291K(131072K), 0.0022930 secs]
[GC 66811K->23307K(130048K), 0.0023670 secs]
[GC 65803K->23307K(129024K), 0.0030950 secs]
[GC 64779K->23307K(128000K), 0.0023670 secs]
[GC 63755K->23307K(126976K), 0.0022330 secs]
[GC 62731K->23315K(125952K), 0.0022810 secs]
[GC 61715K->23315K(133632K), 0.0023960 secs]
[GC 69395K->23315K(132608K), 0.0023950 secs]
[GC 68371K->23315K(131584K), 0.0023610 secs]
[GC 67347K->23315K(130560K), 0.0022630 secs]
[GC 66323K->23331K(129536K), 0.0023790 secs]
[GC 65315K->23331K(128512K), 0.0024690 secs]
[GC 64289K->23347K(136704K), 0.0023320 secs]
[GC 72499K->23347K(135680K), 0.0022520 secs]
[GC 71474K->23323K(134656K), 0.0025030 secs]
[GC 70427K->23355K(133632K), 0.0024250 secs]
[GC 69435K->23355K(132608K), 0.0023100 secs]
[GC 68411K->23355K(131584K), 0.0022920 secs]
[GC 67387K->23371K(130560K), 0.0022610 secs]
[GC 66379K->23371K(129536K), 0.0023590 secs]
[GC 65355K->23371K(128512K), 0.0023700 secs]
[GC 64331K->23371K(127488K), 0.0023420 secs]
[GC 63307K->23379K(135680K), 0.0024280 secs]
[GC 71507K->23379K(134656K), 0.0024510 secs]
[GC 70483K->23379K(133632K), 0.0024250 secs]
[GC 69459K->23395K(132608K), 0.0023360 secs]
[GC 68451K->23403K(131584K), 0.0024370 secs]
[GC 67435K->23339K(130560K), 0.0030450 secs]
[GC 66347K->23411K(129536K), 0.0023230 secs]
[GC 65395K->23347K(128512K), 0.0027000 secs]
[GC 64307K->23387K(127488K), 0.0025460 secs]
[GC 63323K->23419K(126464K), 0.0021820 secs]
[GC 62331K->23395K(125440K), 0.0027830 secs]
[GC 61283K->23427K(124928K), 0.0025540 secs]
[GC 60803K->23395K(124416K), 0.0031970 secs]
[GC 60259K->23435K(123904K), 0.0023380 secs]
[GC 59787K->23435K(123392K), 0.0022430 secs]
[GC 59275K->23435K(122880K), 0.0023820 secs]
[GC 58763K->23435K(130048K), 0.0024410 secs]
[GC 65931K->23435K(129024K), 0.0023100 secs]
[GC 64907K->23443K(128000K), 0.0022610 secs]
[GC 63891K->23443K(126976K), 0.0022950 secs]
[GC 62867K->23443K(135168K), 0.0023310 secs]
[GC 71059K->23443K(134144K), 0.0023770 secs]
[GC 70035K->23451K(133120K), 0.0024010 secs]
[GC 69019K->23451K(132096K), 0.0024020 secs]
[GC 67995K->23451K(131072K), 0.0024120 secs]
[GC 66971K->23427K(130048K), 0.0025290 secs]
[GC 65923K->23435K(138752K), 0.0036190 secs]
[GC 74635K->23467K(137216K), 0.0026120 secs]
[GC 73131K->23435K(136192K), 0.0023360 secs]
[GC 72075K->23483K(135168K), 0.0023120 secs]
[GC 71099K->23499K(134144K), 0.0023830 secs]
[GC 70091K->23499K(133120K), 0.0023270 secs]
[GC 69064K->23499K(132096K), 0.0023890 secs]
[GC 68043K->23507K(131072K), 0.0026910 secs]
[GC 67027K->23507K(130048K), 0.0023100 secs]
[GC 66003K->23507K(129024K), 0.0023930 secs]
[GC 64979K->23507K(128000K), 0.0023200 secs]
[GC 63955K->23523K(126976K), 0.0024180 secs]
[GC 62947K->23523K(125952K), 0.0024220 secs]
[GC 61923K->23523K(125440K), 0.0022630 secs]
[GC 61411K->23523K(133120K), 0.0024010 secs]
[GC 69089K->23531K(132096K), 0.0024100 secs]
[GC 68075K->23531K(131072K), 0.0023410 secs]
[GC 67051K->23531K(130048K), 0.0022970 secs]
[GC 66027K->23467K(138752K), 0.0032190 secs]
[GC 74667K->23547K(137216K), 0.0023040 secs]
[GC 73211K->23547K(136192K), 0.0022940 secs]
[GC 72187K->23547K(135168K), 0.0025560 secs]
[GC 71163K->23515K(134144K), 0.0024140 secs]
[GC 70107K->23555K(133120K), 0.0025510 secs]
[GC 69123K->23555K(132096K), 0.0024010 secs]
[GC 68099K->23555K(131072K), 0.0023050 secs]
[GC 67075K->23555K(130048K), 0.0023180 secs]
[GC 66051K->23531K(129024K), 0.0033600 secs]
[GC 65003K->23563K(128000K), 0.0023230 secs]
[GC 64011K->23563K(126976K), 0.0023160 secs]
[GC 62987K->23563K(135168K), 0.0023170 secs]
[GC 71179K->23571K(134144K), 0.0022570 secs]
[GC 70163K->23571K(133120K), 0.0023450 secs]
[GC 69139K->23571K(132096K), 0.0024030 secs]
[GC 68115K->23571K(131072K), 0.0023560 secs]
[GC 67091K->23587K(130048K), 0.0019980 secs]
[GC 66083K->23587K(129024K), 0.0021520 secs]
[GC 65059K->23587K(128000K), 0.0024110 secs]
[GC 64035K->23587K(126976K), 0.0023290 secs]
[GC 63011K->23595K(125952K), 0.0023030 secs]
[GC 61995K->23595K(125440K), 0.0023580 secs]
[GC 61480K->23563K(124928K), 0.0024630 secs]
[GC 60939K->23611K(124416K), 0.0023280 secs]
[GC 60475K->23635K(123904K), 0.0022480 secs]
[GC 59987K->23651K(123392K), 0.0023940 secs]
[GC 59491K->23651K(130560K), 0.0023570 secs]
[GC 66659K->23659K(139264K), 0.0022790 secs]
[GC 75371K->23659K(137728K), 0.0023200 secs]
[GC 73835K->23683K(136704K), 0.0021550 secs]
[GC 72835K->23683K(135680K), 0.0025300 secs]
[GC 71811K->23683K(134656K), 0.0024650 secs]
[GC 70787K->23619K(133632K), 0.0027080 secs]
[GC 69699K->23691K(132608K), 0.0026610 secs]
[GC 68747K->23691K(131584K), 0.0023710 secs]
[GC 67723K->23691K(130560K), 0.0023980 secs]
[GC 66699K->23699K(129536K), 0.0023700 secs]
[GC 65683K->23699K(128512K), 0.0023910 secs]
[GC 64659K->23699K(127488K), 0.0023190 secs]
[GC 63635K->23667K(126464K), 0.0027320 secs]
[GC 62579K->23699K(125440K), 0.0023770 secs]
[GC 61587K->23707K(124928K), 0.0023240 secs]
[GC 61083K->23707K(132608K), 0.0024060 secs]
[GC 68763K->23707K(141824K), 0.0023410 secs]
[GC 77979K->23675K(140288K), 0.0025660 secs]
[GC 76411K->23723K(138752K), 0.0023570 secs]
[GC 74923K->23723K(137216K), 0.0024390 secs]
[GC 73387K->23723K(136192K), 0.0021460 secs]
[GC 72363K->23739K(135168K), 0.0024070 secs]
[GC 71355K->23683K(134144K), 0.0030140 secs]
[GC 70275K->23747K(133120K), 0.0023210 secs]
[GC 69315K->23715K(132096K), 0.0025720 secs]
[GC 68259K->23739K(131072K), 0.0025970 secs]
[GC 67259K->23771K(130048K), 0.0023890 secs]
[GC 66267K->23779K(129024K), 0.0025770 secs]
[GC 65251K->23779K(128000K), 0.0024660 secs]
[GC 64227K->23795K(126976K), 0.0023300 secs]
[GC 63219K->23795K(125952K), 0.0023560 secs]
[GC 62195K->23795K(125440K), 0.0023480 secs]
[GC 61683K->23795K(124928K), 0.0028330 secs]
[GC 61171K->23795K(124416K), 0.0023920 secs]
[GC 60659K->23803K(123904K), 0.0023190 secs]
[GC 60155K->23803K(131584K), 0.0023950 secs]
[GC 67835K->23739K(140800K), 0.0027360 secs]
[GC 76987K->23803K(139264K), 0.0023690 secs]
[GC 75515K->23827K(137728K), 0.0024500 secs]
[GC 74003K->23843K(136704K), 0.0028510 secs]
[GC 72995K->23843K(135680K), 0.0023880 secs]
[GC 71971K->23843K(134656K), 0.0024110 secs]
[GC 70947K->23851K(133632K), 0.0023860 secs]
[GC 69931K->23851K(132608K), 0.0023910 secs]
[GC 68907K->23851K(131584K), 0.0023100 secs]
[GC 67883K->23851K(130560K), 0.0023380 secs]
[GC 66859K->23859K(129536K), 0.0023830 secs]
[GC 65843K->23827K(138240K), 0.0038120 secs]
[GC 74515K->23867K(137216K), 0.0037740 secs]
[GC 73531K->23875K(136192K), 0.0025190 secs]
[GC 72515K->23875K(135168K), 0.0024130 secs]
[GC 71491K->23875K(134144K), 0.0023370 secs]
[GC 70467K->23875K(133120K), 0.0022910 secs]
[GC 69443K->23899K(132096K), 0.0022770 secs]
[GC 68443K->23899K(131072K), 0.0027060 secs]
[GC 67419K->23867K(130048K), 0.0026640 secs]
[GC 66363K->23907K(129024K), 0.0021940 secs]
[GC 65379K->23907K(128000K), 0.0024010 secs]
[GC 64355K->23907K(126976K), 0.0026620 secs]
[GC 63328K->23843K(125952K), 0.0028190 secs]
[GC 62243K->23923K(125440K), 0.0024240 secs]
[GC 61811K->23923K(124928K), 0.0023350 secs]
[GC 61299K->23923K(124416K), 0.0023390 secs]
[GC 60787K->23923K(132096K), 0.0024720 secs]
[GC 68467K->23867K(141312K), 0.0039840 secs]
[GC 77627K->23931K(152064K), 0.0024430 secs]
[GC 88443K->23931K(150016K), 0.0024240 secs]
[GC 86395K->23899K(148480K), 0.0023180 secs]
[GC 84827K->23939K(146944K), 0.0026370 secs]
[GC 83331K->23939K(145408K), 0.0023130 secs]
[GC 81795K->23955K(143872K), 0.0023850 secs]
[GC 80275K->23979K(142336K), 0.0023670 secs]
[GC 78763K->23979K(140800K), 0.0023350 secs]
[GC 77227K->23979K(139264K), 0.0024160 secs]
[GC 75691K->23995K(137728K), 0.0023680 secs]
[GC 74168K->23995K(136704K), 0.0024390 secs]
[GC 73147K->23963K(135680K), 0.0025410 secs]
[GC 72091K->23971K(134656K), 0.0023660 secs]
[GC 71075K->23971K(133632K), 0.0026250 secs]
[GC 70051K->24003K(132608K), 0.0023270 secs]
[GC 69059K->24003K(131584K), 0.0030510 secs]
[GC 68035K->24019K(130560K), 0.0023940 secs]
[GC 67027K->24019K(129536K), 0.0023970 secs]
[GC 66003K->23987K(128512K), 0.0023500 secs]
[GC 64947K->24019K(127488K), 0.0023470 secs]
[GC 63955K->24019K(126464K), 0.0023480 secs]
[GC 62931K->24035K(134656K), 0.0022920 secs]
[GC 71139K->24035K(133632K), 0.0024100 secs]
[GC 70115K->24035K(132608K), 0.0023200 secs]
[GC 69090K->24035K(131584K), 0.0024100 secs]
[GC 68067K->24043K(130560K), 0.0023300 secs]
[GC 67051K->24043K(129536K), 0.0023920 secs]
[GC 66027K->24011K(128512K), 0.0022530 secs]
[GC 64971K->24043K(136704K), 0.0024550 secs]
[GC 73195K->24067K(135680K), 0.0023240 secs]
[GC 72195K->24043K(134656K), 0.0023660 secs]
[GC 71147K->24075K(133632K), 0.0021530 secs]
[GC 70155K->24075K(132608K), 0.0026090 secs]
[GC 69131K->24051K(131584K), 0.0025200 secs]
[GC 68083K->24083K(130560K), 0.0023320 secs]
[GC 67091K->24083K(129536K), 0.0023630 secs]
[GC 66067K->24083K(128512K), 0.0023820 secs]
[GC 65043K->24099K(127488K), 0.0022690 secs]
[GC 64035K->24099K(126464K), 0.0023180 secs]
[GC 63011K->24099K(125440K), 0.0022550 secs]
[GC 61987K->24067K(133120K), 0.0034690 secs]
[GC 69635K->24067K(132096K), 0.0022980 secs]
[GC 68611K->24107K(131072K), 0.0024700 secs]
[GC 67627K->24107K(130048K), 0.0023280 secs]
[GC 66603K->24115K(129024K), 0.0025560 secs]
[GC 65587K->24115K(128000K), 0.0029030 secs]
[GC 64563K->24115K(126976K), 0.0023050 secs]
[GC 63539K->24123K(125952K), 0.0022890 secs]
[GC 62523K->24139K(125440K), 0.0022980 secs]
[GC 62027K->24139K(124928K), 0.0022390 secs]
[GC 61515K->24139K(132608K), 0.0023340 secs]
[GC 69195K->24139K(141824K), 0.0023480 secs]
[GC 78411K->24155K(140288K), 0.0022710 secs]
[GC 76891K->24171K(138752K), 0.0023430 secs]
[GC 75371K->24171K(137216K), 0.0022480 secs]
[GC 73835K->24171K(136192K), 0.0025380 secs]
[GC 72811K->24179K(135168K), 0.0023250 secs]
[GC 71795K->24179K(134144K), 0.0022550 secs]
[GC 70771K->24179K(133120K), 0.0022560 secs]
[GC 69747K->24179K(132096K), 0.0022650 secs]
[GC 68723K->24195K(131072K), 0.0023940 secs]
[GC 67715K->24195K(130048K), 0.0023650 secs]
[GC 66691K->24195K(129024K), 0.0023670 secs]
[GC 65667K->24195K(128000K), 0.0023990 secs]
[GC 64643K->24203K(126976K), 0.0023130 secs]
[GC 63627K->24203K(125952K), 0.0023060 secs]
[GC 62603K->24203K(133632K), 0.0023390 secs]
[GC 70281K->24219K(132608K), 0.0023710 secs]
[GC 69275K->24203K(131584K), 0.0022930 secs]
[GC 68235K->24235K(130560K), 0.0025280 secs]
[GC 67243K->24235K(129536K), 0.0024530 secs]
[GC 66219K->24235K(128512K), 0.0023510 secs]
[GC 65194K->24235K(127488K), 0.0023560 secs]
[GC 64171K->24243K(135680K), 0.0024290 secs]
[GC 72371K->24243K(134656K), 0.0023210 secs]
[GC 71347K->24243K(133632K), 0.0023230 secs]
[GC 70323K->24243K(132608K), 0.0023460 secs]
[GC 69299K->24251K(131584K), 0.0023670 secs]
[GC 68283K->24251K(130560K), 0.0024440 secs]
[GC 67259K->24251K(129536K), 0.0021700 secs]
[GC 66235K->24251K(128512K), 0.0023210 secs]
[GC 65211K->24259K(127488K), 0.0023130 secs]
[GC 64195K->24259K(126464K), 0.0023770 secs]
[GC 63171K->24259K(125440K), 0.0023820 secs]
[GC 62147K->24259K(133120K), 0.0026680 secs]
[GC 69827K->24267K(142336K), 0.0024370 secs]
[GC 79051K->24283K(140800K), 0.0024990 secs]
[GC 77531K->24283K(139264K), 0.0022920 secs]
[GC 75994K->24283K(137728K), 0.0023400 secs]
[GC 74459K->24291K(136704K), 0.0022940 secs]
[GC 73443K->24291K(135680K), 0.0023790 secs]
[GC 72419K->24291K(134656K), 0.0022990 secs]
[GC 71395K->24291K(133632K), 0.0023460 secs]
[GC 70371K->24299K(132608K), 0.0024580 secs]
[GC 69352K->24299K(131584K), 0.0022850 secs]
[GC 68331K->24315K(130560K), 0.0023550 secs]
[GC 67323K->24283K(129536K), 0.0028090 secs]
[GC 66267K->24331K(128512K), 0.0023620 secs]
[GC 65291K->24339K(127488K), 0.0023720 secs]
[GC 64275K->24339K(126464K), 0.0023760 secs]
