[GC 33792K->6610K(125952K), 0.0147690 secs]
[GC 40402K->6834K(159744K), 0.0138100 secs]
[GC 74418K->9965K(159744K), 0.0161320 secs]
[GC 77549K->11257K(227328K), 0.0111900 secs]
Started server on port 3000
[GC 146425K->15220K(227328K), 0.0210160 secs]
[GC 150388K->15288K(222720K), 0.0153660 secs]
[GC 145336K->15337K(215040K), 0.0168120 secs]
[GC 140265K->15372K(208896K), 0.0082320 secs]
[GC 135692K->15429K(203264K), 0.0045410 secs]
[GC 131141K->15405K(199168K), 0.0026990 secs]
[GC 127021K->15437K(206336K), 0.0025790 secs]
[GC 122957K->15437K(191488K), 0.0023790 secs]
[GC 119373K->15413K(199168K), 0.0025190 secs]
[GC 115765K->15445K(184320K), 0.0021810 secs]
[GC 112213K->15445K(191488K), 0.0027150 secs]
[GC 108629K->15453K(177664K), 0.0023320 secs]
[GC 105565K->15453K(184832K), 0.0025050 secs]
[GC 102493K->15469K(171520K), 0.0024020 secs]
[GC 99437K->15469K(178176K), 0.0022510 secs]
[GC 96877K->15493K(166400K), 0.0023950 secs]
[GC 94341K->15493K(172032K), 0.0023890 secs]
[GC 91781K->15501K(161280K), 0.0023530 secs]
[GC 89229K->15501K(166912K), 0.0023780 secs]
[GC 87181K->15517K(157184K), 0.0024210 secs]
[GC 85149K->15485K(161792K), 0.0024070 secs]
[GC 83069K->15525K(153088K), 0.0025080 secs]
[GC 81061K->15525K(157184K), 0.0023450 secs]
[GC 79013K->15533K(148992K), 0.0025300 secs]
[GC 76973K->15533K(152576K), 0.0023390 secs]
[GC 75437K->15509K(145920K), 0.0025950 secs]
[GC 73877K->15541K(148992K), 0.0024340 secs]
[GC 72373K->15557K(142848K), 0.0024460 secs]
[GC 70853K->15557K(145408K), 0.0024600 secs]
[GC 69317K->15557K(139776K), 0.0024540 secs]
[GC 67781K->15565K(141312K), 0.0024450 secs]
[GC 66253K->15565K(137216K), 0.0024530 secs]
[GC 65229K->15541K(139264K), 0.0023390 secs]
[GC 64181K->15573K(135168K), 0.0022630 secs]
[GC 63189K->15573K(136704K), 0.0023330 secs]
[GC 62165K->15589K(133120K), 0.0023710 secs]
[GC 61157K->15589K(134144K), 0.0022400 secs]
[GC 60133K->15597K(131072K), 0.0026200 secs]
[GC 59117K->15597K(131584K), 0.0025610 secs]
[GC 58093K->15565K(129024K), 0.0027910 secs]
[GC 57037K->15613K(129536K), 0.0023240 secs]
[GC 56061K->15613K(126976K), 0.0023580 secs]
[GC 55037K->15613K(126976K), 0.0021170 secs]
[GC 54013K->15581K(125440K), 0.0025480 secs]
[GC 53469K->15629K(125952K), 0.0024680 secs]
[GC 53005K->15597K(124416K), 0.0022500 secs]
[GC 52461K->15597K(124928K), 0.0025100 secs]
[GC 51949K->15629K(123392K), 0.0025430 secs]
[GC 51469K->15573K(123392K), 0.0027610 secs]
[GC 50901K->15605K(122368K), 0.0026680 secs]
[GC 50421K->15605K(122368K), 0.0026540 secs]
[GC 49909K->15581K(121344K), 0.0025300 secs]
[GC 49373K->15645K(121344K), 0.0023690 secs]
[GC 48925K->15661K(120320K), 0.0023800 secs]
[GC 48429K->15637K(120320K), 0.0026510 secs]
[GC 47893K->15605K(119296K), 0.0041400 secs]
[GC 47349K->15605K(119296K), 0.0025040 secs]
[GC 46837K->15677K(118272K), 0.0028030 secs]
[GC 46397K->15613K(117760K), 0.0028100 secs]
[GC 45821K->15645K(117248K), 0.0024110 secs]
[GC 45339K->15685K(116736K), 0.0022920 secs]
[GC 44869K->15685K(122880K), 0.0025520 secs]
[GC 51013K->15685K(130048K), 0.0023400 secs]
[GC 58180K->15653K(129024K), 0.0028460 secs]
[GC 57125K->15693K(128000K), 0.0024150 secs]
[GC 56141K->15693K(126976K), 0.0025970 secs]
[GC 55117K->15629K(125952K), 0.0022350 secs]
[GC 54029K->15693K(125440K), 0.0023780 secs]
[GC 53581K->15717K(124928K), 0.0023410 secs]
[GC 53093K->15653K(124416K), 0.0070600 secs]
[GC 52517K->15693K(123904K), 0.0051230 secs]
[GC 52045K->15725K(123392K), 0.0025310 secs]
[GC 51565K->15669K(122880K), 0.0030210 secs]
[GC 50997K->15701K(122368K), 0.0026360 secs]
[GC 50517K->15701K(121856K), 0.0024990 secs]
[GC 50005K->15717K(121344K), 0.0030000 secs]
[GC 49509K->15685K(120832K), 0.0025000 secs]
[GC 48965K->15717K(120320K), 0.0027590 secs]
[GC 48485K->15733K(119808K), 0.0043200 secs]
[GC 47989K->15733K(119296K), 0.0027990 secs]
[GC 47477K->15765K(118784K), 0.0029390 secs]
[GC 46997K->15773K(118272K), 0.0024490 secs]
[GC 46493K->15789K(117760K), 0.0022730 secs]
[GC 45997K->15757K(117248K), 0.0025150 secs]
[GC 45453K->15797K(123392K), 0.0024750 secs]
[GC 51637K->15765K(130560K), 0.0029890 secs]
[GC 58772K->15797K(129536K), 0.0023940 secs]
[GC 57781K->15797K(128512K), 0.0024630 secs]
[GC 56757K->15805K(127488K), 0.0024470 secs]
[GC 55741K->15805K(126464K), 0.0023620 secs]
[GC 54717K->15805K(125440K), 0.0027360 secs]
[GC 53693K->15805K(124928K), 0.0023500 secs]
[GC 53181K->15821K(124416K), 0.0024910 secs]
[GC 52685K->15821K(123904K), 0.0024010 secs]
[GC 52173K->15821K(123392K), 0.0023070 secs]
[GC 51661K->15829K(122880K), 0.0024650 secs]
[GC 51157K->15829K(122368K), 0.0023600 secs]
[GC 50645K->15829K(121856K), 0.0023580 secs]
[GC 50133K->15829K(121344K), 0.0022380 secs]
[GC 49621K->15829K(120832K), 0.0025990 secs]
[GC 49109K->15837K(120320K), 0.0024400 secs]
[GC 48605K->15837K(126976K), 0.0023510 secs]
[GC 55261K->15837K(125952K), 0.0024100 secs]
[GC 54237K->15837K(125440K), 0.0022720 secs]
[GC 53725K->15853K(124928K), 0.0027010 secs]
[GC 53229K->15853K(124416K), 0.0023670 secs]
[GC 52717K->15853K(123904K), 0.0023910 secs]
[GC 52205K->15837K(123392K), 0.0021810 secs]
[GC 51677K->15805K(122880K), 0.0024200 secs]
[GC 51133K->15869K(122368K), 0.0024290 secs]
[GC 50685K->15885K(121856K), 0.0024360 secs]
[GC 50189K->15885K(121344K), 0.0023360 secs]
[GC 49677K->15885K(120832K), 0.0023680 secs]
[GC 49165K->15861K(120320K), 0.0024560 secs]
[GC 48629K->15893K(119808K), 0.0023140 secs]
[GC 48149K->15893K(119296K), 0.0022500 secs]
[GC 47637K->15893K(118784K), 0.0025160 secs]
[GC 47125K->15909K(118272K), 0.0022750 secs]
[GC 46629K->15909K(117760K), 0.0022820 secs]
[GC 46117K->15909K(123904K), 0.0022820 secs]
[GC 52261K->15909K(131584K), 0.0026970 secs]
[GC 59941K->15933K(140800K), 0.0022490 secs]
[GC 69181K->15933K(139264K), 0.0025390 secs]
[GC 67645K->15933K(137728K), 0.0023130 secs]
[GC 66109K->15933K(136704K), 0.0024180 secs]
[GC 65085K->15957K(135680K), 0.0024530 secs]
[GC 64085K->15957K(134656K), 0.0024260 secs]
[GC 63061K->15957K(133632K), 0.0023780 secs]
[GC 62037K->15981K(132608K), 0.0021340 secs]
[GC 61034K->15981K(131584K), 0.0023680 secs]
[GC 60013K->15981K(130560K), 0.0023660 secs]
[GC 58989K->15981K(129536K), 0.0025250 secs]
[GC 57965K->15885K(128512K), 0.0043280 secs]
[GC 56845K->15997K(127488K), 0.0026790 secs]
[GC 55933K->15933K(126464K), 0.0028580 secs]
[GC 54845K->16013K(125440K), 0.0022330 secs]
[GC 53901K->16013K(124928K), 0.0023360 secs]
[GC 53389K->15917K(124416K), 0.0029710 secs]
[GC 52781K->16013K(123904K), 0.0023510 secs]
[GC 52361K->15957K(123392K), 0.0026340 secs]
[GC 51797K->16021K(122880K), 0.0023150 secs]
[GC 51349K->16021K(122368K), 0.0023490 secs]
[GC 50837K->16037K(121856K), 0.0023510 secs]
[GC 50341K->16037K(121344K), 0.0023330 secs]
[GC 49829K->16037K(120832K), 0.0023270 secs]
[GC 49317K->16045K(127488K), 0.0023120 secs]
[GC 55981K->16045K(135680K), 0.0023300 secs]
[GC 64173K->16061K(134656K), 0.0023230 secs]
[GC 63165K->16061K(133632K), 0.0023120 secs]
[GC 62141K->16061K(132608K), 0.0022700 secs]
[GC 61117K->16029K(131584K), 0.0026460 secs]
[GC 60061K->16069K(130560K), 0.0024480 secs]
[GC 59077K->16069K(129536K), 0.0022720 secs]
[GC 58053K->16069K(128512K), 0.0023950 secs]
[GC 57029K->16069K(127488K), 0.0023870 secs]
[GC 56005K->16077K(126464K), 0.0023760 secs]
[GC 54989K->16077K(125440K), 0.0023660 secs]
[GC 53965K->16077K(124928K), 0.0022660 secs]
[GC 53453K->16077K(124416K), 0.0023210 secs]
[GC 52941K->16093K(123904K), 0.0022780 secs]
[GC 52445K->16093K(123392K), 0.0021590 secs]
[GC 51933K->16093K(122880K), 0.0023560 secs]
[GC 51421K->16093K(122368K), 0.0023850 secs]
[GC 50909K->16093K(121856K), 0.0022920 secs]
[GC 50397K->16101K(121344K), 0.0022430 secs]
[GC 49893K->16101K(128512K), 0.0023220 secs]
[GC 57061K->16101K(136704K), 0.0025250 secs]
[GC 65253K->16101K(135680K), 0.0023200 secs]
[GC 64229K->16117K(134656K), 0.0023310 secs]
[GC 63221K->16117K(133632K), 0.0023060 secs]
[GC 62197K->16117K(132608K), 0.0023160 secs]
[GC 61173K->16117K(131584K), 0.0024230 secs]
[GC 60149K->16125K(130560K), 0.0026050 secs]
[GC 59133K->16133K(129536K), 0.0022930 secs]
[GC 58117K->16133K(128512K), 0.0023050 secs]
[GC 57093K->16133K(127488K), 0.0023560 secs]
[GC 56069K->16141K(126464K), 0.0024160 secs]
[GC 55053K->16141K(125440K), 0.0024760 secs]
[GC 54029K->16141K(124928K), 0.0023270 secs]
[GC 53517K->16141K(124416K), 0.0023600 secs]
[GC 53005K->16149K(132096K), 0.0022790 secs]
[GC 60693K->16149K(131072K), 0.0026300 secs]
[GC 59669K->16149K(130048K), 0.0022920 secs]
[GC 58645K->16149K(129024K), 0.0024830 secs]
[GC 57621K->16157K(128000K), 0.0021320 secs]
[GC 56605K->16157K(126976K), 0.0024870 secs]
[GC 55581K->16157K(125952K), 0.0024700 secs]
[GC 54555K->16157K(125440K), 0.0022670 secs]
[GC 54045K->16181K(124928K), 0.0024620 secs]
[GC 53557K->16181K(124416K), 0.0023560 secs]
[GC 53045K->16181K(132096K), 0.0022540 secs]
[GC 60725K->16149K(131072K), 0.0024160 secs]
[GC 59669K->16181K(130048K), 0.0024300 secs]
[GC 58677K->16205K(129024K), 0.0024720 secs]
[GC 57677K->16213K(128000K), 0.0023060 secs]
[GC 56661K->16213K(126976K), 0.0022650 secs]
[GC 55637K->16213K(125952K), 0.0025370 secs]
[GC 54613K->16221K(125440K), 0.0023300 secs]
[GC 54109K->16221K(133120K), 0.0023410 secs]
[GC 61789K->16221K(132096K), 0.0023790 secs]
[GC 60765K->16221K(131072K), 0.0023130 secs]
[GC 59741K->16237K(130048K), 0.0025530 secs]
[GC 58733K->16237K(129024K), 0.0023250 secs]
[GC 57709K->16237K(128000K), 0.0022550 secs]
[GC 56685K->16237K(126976K), 0.0025150 secs]
[GC 55661K->16253K(125952K), 0.0022830 secs]
[GC 54653K->16253K(125440K), 0.0023370 secs]
[GC 54141K->16253K(124928K), 0.0023070 secs]
[GC 53629K->16253K(132608K), 0.0029150 secs]
[GC 61309K->16253K(131584K), 0.0023300 secs]
[GC 60285K->16261K(140800K), 0.0027770 secs]
[GC 69509K->16261K(139264K), 0.0023070 secs]
[GC 67973K->16261K(137728K), 0.0022230 secs]
[GC 66437K->16277K(136704K), 0.0023230 secs]
[GC 65429K->16277K(135680K), 0.0024440 secs]
[GC 64405K->16285K(134656K), 0.0023810 secs]
[GC 63389K->16285K(133632K), 0.0023100 secs]
[GC 62365K->16293K(132608K), 0.0029890 secs]
[GC 61349K->16293K(131584K), 0.0024060 secs]
[GC 60325K->16293K(130560K), 0.0023800 secs]
[GC 59301K->16293K(129536K), 0.0023300 secs]
[GC 58277K->16301K(128512K), 0.0023860 secs]
[GC 57261K->16301K(127488K), 0.0024100 secs]
[GC 56237K->16301K(135680K), 0.0028780 secs]
[GC 64429K->16301K(134656K), 0.0023290 secs]
[GC 63403K->16317K(133632K), 0.0023210 secs]
[GC 62397K->16317K(132608K), 0.0023640 secs]
[GC 61373K->16221K(131584K), 0.0025840 secs]
[GC 60253K->16333K(130560K), 0.0021840 secs]
[GC 59341K->16341K(129536K), 0.0025050 secs]
[GC 58325K->16341K(128512K), 0.0023970 secs]
[GC 57301K->16341K(127488K), 0.0024590 secs]
[GC 56277K->16341K(126464K), 0.0027930 secs]
[GC 55253K->16357K(125440K), 0.0023520 secs]
[GC 54245K->16357K(124928K), 0.0023190 secs]
[GC 53733K->16357K(132608K), 0.0024730 secs]
[GC 61413K->16357K(141824K), 0.0023900 secs]
[GC 70629K->16373K(140288K), 0.0024390 secs]
[GC 69109K->16341K(138752K), 0.0024650 secs]
[GC 67541K->16373K(137216K), 0.0026630 secs]
[GC 66034K->16349K(136192K), 0.0026620 secs]
[GC 64989K->16381K(135168K), 0.0024340 secs]
[GC 63997K->16381K(134144K), 0.0022550 secs]
[GC 62973K->16357K(133120K), 0.0025270 secs]
[GC 61925K->16357K(132096K), 0.0024510 secs]
[GC 60901K->16397K(131072K), 0.0024300 secs]
[GC 59917K->16397K(130048K), 0.0023710 secs]
[GC 58893K->16397K(129024K), 0.0025030 secs]
[GC 57869K->16397K(128000K), 0.0023640 secs]
[GC 56845K->16413K(126976K), 0.0022870 secs]
[GC 55837K->16413K(125952K), 0.0022480 secs]
[GC 54813K->16413K(125440K), 0.0024070 secs]
[GC 54301K->16413K(124928K), 0.0023320 secs]
[GC 53789K->16421K(132608K), 0.0024310 secs]
[GC 61477K->16421K(131584K), 0.0024180 secs]
[GC 60453K->16421K(130560K), 0.0023240 secs]
[GC 59429K->16421K(129536K), 0.0023200 secs]
[GC 58405K->16389K(128512K), 0.0026010 secs]
[GC 57349K->16429K(127488K), 0.0023390 secs]
[GC 56365K->16429K(126464K), 0.0023020 secs]
[GC 55341K->16429K(125440K), 0.0023650 secs]
[GC 54317K->16429K(133120K), 0.0024840 secs]
[GC 61997K->16437K(132096K), 0.0022980 secs]
[GC 60981K->16437K(131072K), 0.0023040 secs]
[GC 59957K->16437K(130048K), 0.0022830 secs]
[GC 58933K->16437K(129024K), 0.0022940 secs]
[GC 57909K->16445K(137728K), 0.0026020 secs]
[GC 66621K->16445K(136704K), 0.0022740 secs]
[GC 65597K->16445K(135680K), 0.0025010 secs]
[GC 64573K->16413K(134656K), 0.0024470 secs]
[GC 63517K->16453K(133632K), 0.0023010 secs]
[GC 62533K->16453K(132608K), 0.0023520 secs]
[GC 61509K->16453K(131584K), 0.0024190 secs]
[GC 60485K->16453K(130560K), 0.0023130 secs]
[GC 59461K->16469K(129536K), 0.0023180 secs]
[GC 58453K->16469K(128512K), 0.0023170 secs]
[GC 57429K->16469K(127488K), 0.0024080 secs]
[GC 56405K->16469K(126464K), 0.0022860 secs]
[GC 55381K->16469K(125440K), 0.0024320 secs]
[GC 54357K->16477K(133120K), 0.0023920 secs]
[GC 62045K->16477K(132096K), 0.0021940 secs]
[GC 61021K->16445K(141312K), 0.0032290 secs]
[GC 70205K->16477K(139776K), 0.0023630 secs]
[GC 68701K->16501K(138240K), 0.0022520 secs]
[GC 67189K->16501K(137216K), 0.0024410 secs]
[GC 66165K->16501K(136192K), 0.0023600 secs]
[GC 65141K->16509K(135168K), 0.0024720 secs]
[GC 64125K->16509K(134144K), 0.0025030 secs]
[GC 63101K->16509K(133120K), 0.0024000 secs]
[GC 62077K->16509K(132096K), 0.0024940 secs]
[GC 61053K->16525K(131072K), 0.0023580 secs]
[GC 60045K->16525K(130048K), 0.0021210 secs]
[GC 59021K->16525K(129024K), 0.0024020 secs]
[GC 57997K->16525K(128000K), 0.0023230 secs]
[GC 56973K->16533K(126976K), 0.0023760 secs]
[GC 55957K->16541K(125952K), 0.0022980 secs]
[GC 54937K->16541K(125440K), 0.0023600 secs]
[GC 54429K->16541K(133120K), 0.0023360 secs]
[GC 62109K->16541K(132096K), 0.0023330 secs]
[GC 61085K->16557K(131072K), 0.0023190 secs]
[GC 60077K->16557K(130048K), 0.0023420 secs]
[GC 59053K->16557K(129024K), 0.0023210 secs]
[GC 58029K->16557K(128000K), 0.0025130 secs]
[GC 57005K->16565K(136192K), 0.0024650 secs]
[GC 65205K->16565K(135168K), 0.0023600 secs]
[GC 64181K->16565K(134144K), 0.0022520 secs]
[GC 63157K->16565K(133120K), 0.0023450 secs]
[GC 62133K->16589K(132096K), 0.0024040 secs]
[GC 61133K->16589K(131072K), 0.0023160 secs]
[GC 60109K->16589K(130048K), 0.0023150 secs]
[GC 59085K->16589K(129024K), 0.0024530 secs]
[GC 58061K->16589K(128000K), 0.0024260 secs]
[GC 57037K->16597K(126976K), 0.0023160 secs]
[GC 56021K->16597K(135168K), 0.0024010 secs]
[GC 64213K->16597K(134144K), 0.0024200 secs]
[GC 63189K->16597K(133120K), 0.0022270 secs]
[GC 62165K->16605K(132096K), 0.0024640 secs]
[GC 61149K->16605K(131072K), 0.0023410 secs]
[GC 60125K->16605K(130048K), 0.0023790 secs]
[GC 59101K->16605K(129024K), 0.0023560 secs]
[GC 58077K->16613K(128000K), 0.0022840 secs]
[GC 57061K->16613K(126976K), 0.0024380 secs]
[GC 56037K->16581K(125952K), 0.0023640 secs]
[GC 54981K->16549K(133632K), 0.0034760 secs]
[GC 62629K->16589K(142848K), 0.0030110 secs]
[GC 71885K->16621K(141312K), 0.0022740 secs]
[GC 70381K->16621K(139776K), 0.0024110 secs]
[GC 68845K->16605K(138240K), 0.0033700 secs]
[GC 67293K->16637K(137216K), 0.0029050 secs]
[GC 66301K->16653K(136192K), 0.0028490 secs]
[GC 65293K->16661K(135168K), 0.0028240 secs]
[GC 64277K->16661K(134144K), 0.0024500 secs]
[GC 63253K->16669K(133120K), 0.0025330 secs]
[GC 62237K->16669K(132096K), 0.0023330 secs]
[GC 61213K->16669K(131072K), 0.0022980 secs]
[GC 60189K->16669K(130048K), 0.0024440 secs]
[GC 59165K->16685K(129024K), 0.0025400 secs]
[GC 58157K->16685K(128000K), 0.0022790 secs]
[GC 57133K->16685K(126976K), 0.0023720 secs]
[GC 56109K->16693K(125952K), 0.0021580 secs]
[GC 55093K->16693K(125440K), 0.0022880 secs]
[GC 54581K->16701K(133120K), 0.0023310 secs]
[GC 62269K->16701K(132096K), 0.0023080 secs]
[GC 61245K->16701K(141312K), 0.0026380 secs]
[GC 70461K->16709K(139776K), 0.0022900 secs]
[GC 68933K->16733K(138240K), 0.0022790 secs]
[GC 67421K->16733K(137216K), 0.0023330 secs]
[GC 66397K->16733K(136192K), 0.0023630 secs]
[GC 65373K->16741K(135168K), 0.0023080 secs]
[GC 64357K->16749K(134144K), 0.0022990 secs]
[GC 63341K->16749K(133120K), 0.0023010 secs]
[GC 62317K->16749K(132096K), 0.0023790 secs]
[GC 61293K->16749K(131072K), 0.0023350 secs]
[GC 60269K->16765K(130048K), 0.0024080 secs]
[GC 59261K->16765K(129024K), 0.0023600 secs]
[GC 58237K->16773K(128000K), 0.0023140 secs]
[GC 57221K->16773K(126976K), 0.0023680 secs]
[GC 56197K->16781K(125952K), 0.0026700 secs]
[GC 55181K->16781K(125440K), 0.0023490 secs]
[GC 54669K->16781K(124928K), 0.0023610 secs]
[GC 54157K->16749K(124416K), 0.0025300 secs]
[GC 53613K->16789K(123904K), 0.0024400 secs]
[GC 53140K->16789K(131584K), 0.0023550 secs]
[GC 60821K->16789K(130560K), 0.0022760 secs]
[GC 59797K->16789K(129536K), 0.0023210 secs]
[GC 58773K->16797K(128512K), 0.0022500 secs]
[GC 57757K->16797K(127488K), 0.0023060 secs]
[GC 56733K->16797K(126464K), 0.0023410 secs]
[GC 55709K->16797K(125440K), 0.0023430 secs]
[GC 54685K->16773K(124928K), 0.0024920 secs]
[GC 54149K->16805K(132608K), 0.0023800 secs]
[GC 61861K->16805K(131584K), 0.0023810 secs]
[GC 60837K->16805K(130560K), 0.0023330 secs]
[GC 59813K->16821K(129536K), 0.0023490 secs]
[GC 58805K->16829K(128512K), 0.0023180 secs]
[GC 57789K->16829K(127488K), 0.0022940 secs]
[GC 56765K->16829K(126464K), 0.0023320 secs]
[GC 55741K->16837K(125440K), 0.0022600 secs]
[GC 54725K->16837K(124928K), 0.0025670 secs]
[GC 54213K->16837K(124416K), 0.0023210 secs]
[GC 53701K->16837K(123904K), 0.0022090 secs]
[GC 53189K->16837K(131584K), 0.0025450 secs]
[GC 60869K->16853K(140800K), 0.0025130 secs]
[GC 70101K->16853K(139264K), 0.0023170 secs]
[GC 68565K->16853K(137728K), 0.0022840 secs]
[GC 67029K->16861K(136704K), 0.0022880 secs]
[GC 66013K->16861K(135680K), 0.0023470 secs]
[GC 64989K->16829K(134656K), 0.0022680 secs]
[GC 63933K->16861K(133632K), 0.0022930 secs]
[GC 62941K->16845K(132608K), 0.0024930 secs]
[GC 61901K->16877K(131584K), 0.0023770 secs]
[GC 60909K->16877K(130560K), 0.0023240 secs]
[GC 59885K->16877K(129536K), 0.0022600 secs]
[GC 58861K->16901K(128512K), 0.0022870 secs]
[GC 57861K->16901K(127488K), 0.0024660 secs]
[GC 56837K->16901K(126464K), 0.0024360 secs]
[GC 55813K->16901K(125440K), 0.0023190 secs]
[GC 54789K->16901K(133120K), 0.0025260 secs]
[GC 62469K->16909K(132096K), 0.0024310 secs]
[GC 61453K->16917K(131072K), 0.0023070 secs]
[GC 60437K->16885K(130048K), 0.0026680 secs]
[GC 59381K->16917K(129024K), 0.0030150 secs]
[GC 58389K->16933K(128000K), 0.0023300 secs]
[GC 57381K->16901K(136192K), 0.0030170 secs]
[GC 65541K->16933K(135168K), 0.0023720 secs]
[GC 64549K->16845K(134144K), 0.0024560 secs]
[GC 63437K->16941K(133120K), 0.0021740 secs]
[GC 62509K->16941K(132096K), 0.0023020 secs]
[GC 61485K->16941K(131072K), 0.0025000 secs]
[GC 60461K->16941K(130048K), 0.0024120 secs]
[GC 59437K->16917K(129024K), 0.0025060 secs]
[GC 58389K->16949K(128000K), 0.0022340 secs]
[GC 57397K->16949K(126976K), 0.0025690 secs]
[GC 56373K->16957K(125952K), 0.0022220 secs]
[GC 55357K->16957K(125440K), 0.0023830 secs]
[GC 54845K->16965K(124928K), 0.0024100 secs]
[GC 54341K->16965K(124416K), 0.0023200 secs]
[GC 53829K->16973K(132096K), 0.0025860 secs]
[GC 61517K->16981K(131072K), 0.0023550 secs]
[GC 60501K->16981K(130048K), 0.0023150 secs]
[GC 59477K->16989K(129024K), 0.0022370 secs]
[GC 58461K->16989K(128000K), 0.0023760 secs]
[GC 57437K->17005K(126976K), 0.0024900 secs]
[GC 56429K->17005K(125952K), 0.0024010 secs]
[GC 55405K->17005K(125440K), 0.0022510 secs]
[GC 54893K->17013K(133120K), 0.0023980 secs]
[GC 62581K->17021K(132096K), 0.0023190 secs]
[GC 61565K->17037K(131072K), 0.0023920 secs]
[GC 60557K->17037K(130048K), 0.0023300 secs]
[GC 59533K->17037K(129024K), 0.0026500 secs]
[GC 58509K->17045K(128000K), 0.0024390 secs]
[GC 57493K->17045K(126976K), 0.0023930 secs]
[GC 56469K->17045K(125952K), 0.0023220 secs]
[GC 55445K->17045K(125440K), 0.0023560 secs]
[GC 54933K->17045K(124928K), 0.0022570 secs]
[GC 54421K->17021K(132608K), 0.0026940 secs]
[GC 62077K->17061K(131584K), 0.0023020 secs]
[GC 61093K->17061K(130560K), 0.0023610 secs]
[GC 60069K->17037K(129536K), 0.0024800 secs]
[GC 59021K->17005K(128512K), 0.0074910 secs]
[GC 57965K->17077K(127488K), 0.0025930 secs]
[GC 57013K->17053K(126464K), 0.0028160 secs]
[GC 55965K->17061K(125440K), 0.0026880 secs]
[GC 54949K->17061K(124928K), 0.0035910 secs]
[GC 54437K->17109K(124416K), 0.0025770 secs]
[GC 53973K->17109K(123904K), 0.0032850 secs]
[GC 53461K->17117K(123392K), 0.0023510 secs]
[GC 52957K->17117K(122880K), 0.0023080 secs]
[GC 52445K->17117K(122368K), 0.0022180 secs]
[GC 51933K->17117K(121856K), 0.0025170 secs]
[GC 51421K->17133K(121344K), 0.0025460 secs]
[GC 50925K->17133K(120832K), 0.0022700 secs]
[GC 50413K->17133K(120320K), 0.0025380 secs]
[GC 49901K->17133K(126976K), 0.0023250 secs]
[GC 56557K->17149K(135168K), 0.0023190 secs]
[GC 64765K->17149K(134144K), 0.0022870 secs]
[GC 63741K->17149K(133120K), 0.0023160 secs]
[GC 62717K->17149K(132096K), 0.0023460 secs]
[GC 61693K->17157K(131072K), 0.0026890 secs]
[GC 60677K->17157K(130048K), 0.0023910 secs]
[GC 59653K->17157K(129024K), 0.0023060 secs]
[GC 58629K->17157K(128000K), 0.0023150 secs]
[GC 57605K->17173K(126976K), 0.0023180 secs]
[GC 56597K->17173K(125952K), 0.0029400 secs]
[GC 55573K->17173K(125440K), 0.0024240 secs]
[GC 55061K->17173K(124928K), 0.0022750 secs]
[GC 54549K->17189K(132608K), 0.0025910 secs]
[GC 62245K->17189K(131584K), 0.0024580 secs]
[GC 61221K->17157K(140800K), 0.0040450 secs]
[GC 70405K->17189K(139264K), 0.0024090 secs]
[GC 68901K->17205K(137728K), 0.0023240 secs]
[GC 67381K->17205K(136704K), 0.0023850 secs]
[GC 66357K->17205K(135680K), 0.0024800 secs]
[GC 65333K->17221K(134656K), 0.0023460 secs]
[GC 64325K->17221K(133632K), 0.0023900 secs]
[GC 63301K->17221K(132608K), 0.0023810 secs]
[GC 62277K->17221K(131584K), 0.0024860 secs]
[GC 61253K->17245K(130560K), 0.0024050 secs]
[GC 60253K->17245K(129536K), 0.0024390 secs]
[GC 59229K->17245K(128512K), 0.0025290 secs]
[GC 58205K->17245K(127488K), 0.0025660 secs]
[GC 57181K->17269K(126464K), 0.0025760 secs]
[GC 56181K->17269K(125440K), 0.0024060 secs]
[GC 55157K->17269K(133120K), 0.0025740 secs]
[GC 62837K->17237K(132096K), 0.0027110 secs]
[GC 61781K->17285K(131072K), 0.0025010 secs]
[GC 60805K->17285K(130048K), 0.0023110 secs]
[GC 59781K->17285K(129024K), 0.0023430 secs]
[GC 58757K->17285K(128000K), 0.0024210 secs]
[GC 57730K->17301K(126976K), 0.0025150 secs]
[GC 56725K->17301K(125952K), 0.0023800 secs]
[GC 55701K->17285K(125440K), 0.0026510 secs]
[GC 55173K->17309K(124928K), 0.0029590 secs]
[GC 54685K->17341K(124416K), 0.0023490 secs]
[GC 54205K->17341K(132096K), 0.0023290 secs]
[GC 61885K->17341K(131072K), 0.0026460 secs]
[GC 60861K->17341K(130048K), 0.0024200 secs]
[GC 59837K->17357K(129024K), 0.0024870 secs]
[GC 58829K->17357K(128000K), 0.0023100 secs]
[GC 57805K->17357K(126976K), 0.0023660 secs]
[GC 56781K->17357K(125952K), 0.0023300 secs]
[GC 55757K->17333K(125440K), 0.0029160 secs]
[GC 55221K->17365K(124928K), 0.0024530 secs]
[GC 54741K->17333K(124416K), 0.0026650 secs]
[GC 54197K->17341K(123904K), 0.0027030 secs]
[GC 53693K->17341K(123392K), 0.0025490 secs]
[GC 53181K->17309K(122880K), 0.0030380 secs]
[GC 52637K->17389K(122368K), 0.0023930 secs]
[GC 52205K->17357K(121856K), 0.0030390 secs]
[GC 51661K->17357K(121344K), 0.0022350 secs]
[GC 51149K->17365K(120832K), 0.0027500 secs]
[GC 50645K->17365K(120320K), 0.0034320 secs]
[GC 50133K->17405K(119808K), 0.0025280 secs]
[GC 49661K->17405K(119296K), 0.0023400 secs]
[GC 49149K->17389K(118784K), 0.0024900 secs]
[GC 48621K->17421K(118272K), 0.0026710 secs]
[GC 48141K->17389K(117760K), 0.0024150 secs]
[GC 47597K->17437K(117248K), 0.0024180 secs]
[GC 47132K->17437K(123392K), 0.0025670 secs]
[GC 53277K->17437K(130560K), 0.0025170 secs]
[GC 60445K->17437K(139264K), 0.0027480 secs]
[GC 69149K->17453K(150016K), 0.0023550 secs]
[GC 79917K->17461K(148480K), 0.0023840 secs]
[GC 78389K->17461K(146944K), 0.0022840 secs]
[GC 76853K->17461K(145408K), 0.0023820 secs]
[GC 75317K->17477K(143872K), 0.0024780 secs]
[GC 73797K->17477K(142336K), 0.0023630 secs]
[GC 72261K->17477K(140800K), 0.0023250 secs]
[GC 70725K->17493K(139264K), 0.0023090 secs]
[GC 69205K->17493K(137728K), 0.0023300 secs]
[GC 67669K->17493K(136704K), 0.0023900 secs]
[GC 66645K->17493K(135680K), 0.0024520 secs]
[GC 65621K->17501K(134656K), 0.0023780 secs]
[GC 64605K->17501K(133632K), 0.0023050 secs]
[GC 63581K->17501K(132608K), 0.0024230 secs]
[GC 62557K->17517K(131584K), 0.0023480 secs]
[GC 61549K->17533K(130560K), 0.0023680 secs]
[GC 60541K->17533K(129536K), 0.0023390 secs]
[GC 59517K->17533K(128512K), 0.0024290 secs]
[GC 58493K->17549K(127488K), 0.0023550 secs]
[GC 57485K->17557K(126464K), 0.0022410 secs]
[GC 56469K->17461K(125440K), 0.0025820 secs]
[GC 55349K->17525K(133120K), 0.0023440 secs]
[GC 63093K->17557K(132096K), 0.0022900 secs]
[GC 62101K->17581K(131072K), 0.0024240 secs]
[GC 61101K->17581K(130048K), 0.0023930 secs]
[GC 60077K->17581K(129024K), 0.0023220 secs]
[GC 59053K->17581K(128000K), 0.0023290 secs]
[GC 58029K->17597K(126976K), 0.0023190 secs]
[GC 57021K->17597K(125952K), 0.0022380 secs]
[GC 55997K->17597K(125440K), 0.0024150 secs]
[GC 55485K->17597K(124928K), 0.0023240 secs]
[GC 54970K->17605K(124416K), 0.0022870 secs]
[GC 54469K->17605K(123904K), 0.0023770 secs]
[GC 53957K->17605K(131584K), 0.0027660 secs]
[GC 61637K->17573K(140800K), 0.0030610 secs]
[GC 70821K->17621K(139264K), 0.0024230 secs]
[GC 69333K->17637K(137728K), 0.0023230 secs]
[GC 67813K->17637K(136704K), 0.0023900 secs]
[GC 66789K->17637K(135680K), 0.0023030 secs]
[GC 65765K->17653K(134656K), 0.0025360 secs]
[GC 64757K->17653K(133632K), 0.0024560 secs]
[GC 63733K->17653K(132608K), 0.0027960 secs]
[GC 62709K->17677K(131584K), 0.0023600 secs]
[GC 61709K->17677K(130560K), 0.0023600 secs]
[GC 60685K->17677K(129536K), 0.0024020 secs]
[GC 59661K->17677K(128512K), 0.0021710 secs]
[GC 58637K->17677K(127488K), 0.0023440 secs]
[GC 57613K->17701K(126464K), 0.0025230 secs]
[GC 56613K->17701K(125440K), 0.0022820 secs]
[GC 55589K->17701K(124928K), 0.0022980 secs]
[GC 55077K->17701K(124416K), 0.0022710 secs]
[GC 54565K->17709K(132096K), 0.0022820 secs]
[GC 62253K->17709K(131072K), 0.0024400 secs]
[GC 61229K->17709K(130048K), 0.0023520 secs]
[GC 60205K->17709K(129024K), 0.0023340 secs]
[GC 59181K->17717K(128000K), 0.0026850 secs]
[GC 58165K->17717K(126976K), 0.0023950 secs]
[GC 57141K->17717K(125952K), 0.0024280 secs]
[GC 56117K->17717K(133632K), 0.0022660 secs]
[GC 63797K->17717K(132608K), 0.0023130 secs]
[GC 62773K->17733K(131584K), 0.0023990 secs]
[GC 61765K->17733K(130560K), 0.0023880 secs]
[GC 60741K->17733K(129536K), 0.0029770 secs]
[GC 59717K->17741K(128512K), 0.0023560 secs]
[GC 58701K->17741K(127488K), 0.0023970 secs]
[GC 57677K->17717K(126464K), 0.0024370 secs]
[GC 56629K->17749K(125440K), 0.0022590 secs]
[GC 55637K->17749K(133120K), 0.0023930 secs]
[GC 63317K->17757K(142336K), 0.0025890 secs]
[GC 72541K->17757K(140800K), 0.0022410 secs]
[GC 71005K->17757K(139264K), 0.0022810 secs]
[GC 69469K->17757K(137728K), 0.0026130 secs]
[GC 67933K->17765K(136704K), 0.0023790 secs]
[GC 66917K->17765K(135680K), 0.0023660 secs]
[GC 65893K->17773K(134656K), 0.0023580 secs]
[GC 64877K->17781K(133632K), 0.0025350 secs]
[GC 63861K->17749K(132608K), 0.0024720 secs]
[GC 62805K->17781K(131584K), 0.0022560 secs]
[GC 61813K->17781K(130560K), 0.0023820 secs]
[GC 60789K->17797K(129536K), 0.0024300 secs]
[GC 59781K->17797K(128512K), 0.0023210 secs]
[GC 58757K->17797K(127488K), 0.0023350 secs]
[GC 57733K->17797K(126464K), 0.0024550 secs]
[GC 56709K->17813K(125440K), 0.0023190 secs]
[GC 55701K->17813K(124928K), 0.0024350 secs]
[GC 55189K->17813K(124416K), 0.0024070 secs]
[GC 54677K->17813K(123904K), 0.0024080 secs]
[GC 54165K->17757K(123392K), 0.0029840 secs]
[GC 53597K->17765K(122880K), 0.0030940 secs]
[GC 53093K->17797K(122368K), 0.0027740 secs]
[GC 52613K->17837K(121856K), 0.0023870 secs]
[GC 52141K->17837K(121344K), 0.0023510 secs]
[GC 51629K->17853K(120832K), 0.0024590 secs]
[GC 51133K->17853K(127488K), 0.0023740 secs]
[GC 57789K->17861K(126464K), 0.0022410 secs]
[GC 56773K->17861K(134656K), 0.0023570 secs]
[GC 64965K->17861K(133632K), 0.0023430 secs]
[GC 63941K->17861K(132608K), 0.0022940 secs]
[GC 62917K->17877K(131584K), 0.0025070 secs]
[GC 61909K->17877K(130560K), 0.0023530 secs]
[GC 60885K->17813K(129536K), 0.0025140 secs]
[GC 59797K->17877K(128512K), 0.0022960 secs]
[GC 58837K->17893K(127488K), 0.0025020 secs]
[GC 57829K->17893K(126464K), 0.0024620 secs]
[GC 56805K->17901K(125440K), 0.0024110 secs]
[GC 55789K->17901K(124928K), 0.0025370 secs]
[GC 55277K->17901K(124416K), 0.0023310 secs]
[GC 54765K->17901K(123904K), 0.0022890 secs]
[GC 54253K->17917K(123392K), 0.0023510 secs]
[GC 53757K->17917K(122880K), 0.0022810 secs]
[GC 53245K->17917K(130048K), 0.0023050 secs]
[GC 60413K->17933K(129024K), 0.0023680 secs]
[GC 59405K->17933K(137728K), 0.0025790 secs]
[GC 68109K->17949K(136704K), 0.0023920 secs]
[GC 67101K->17949K(135680K), 0.0024890 secs]
[GC 66077K->17949K(134656K), 0.0021660 secs]
[GC 65053K->17957K(133632K), 0.0023980 secs]
[GC 64033K->17973K(132608K), 0.0023570 secs]
[GC 63029K->17973K(131584K), 0.0022450 secs]
[GC 62005K->17973K(130560K), 0.0023660 secs]
[GC 60981K->17981K(129536K), 0.0022910 secs]
[GC 59965K->17981K(128512K), 0.0022390 secs]
[GC 58941K->17981K(127488K), 0.0023740 secs]
[GC 57917K->17981K(126464K), 0.0023440 secs]
[GC 56893K->18005K(125440K), 0.0024110 secs]
[GC 55893K->18005K(124928K), 0.0022980 secs]
[GC 55381K->18005K(124416K), 0.0024290 secs]
[GC 54869K->18005K(132096K), 0.0023210 secs]
[GC 62549K->18005K(131072K), 0.0024480 secs]
[GC 61525K->18013K(130048K), 0.0024180 secs]
[GC 60509K->17981K(129024K), 0.0025940 secs]
[GC 59453K->17981K(128000K), 0.0024590 secs]
[GC 58429K->18013K(126976K), 0.0023420 secs]
[GC 57437K->18021K(125952K), 0.0023610 secs]
[GC 56421K->18021K(133632K), 0.0024380 secs]
[GC 64101K->17957K(132608K), 0.0024440 secs]
[GC 63013K->17989K(131584K), 0.0024810 secs]
[GC 62021K->18029K(130560K), 0.0023520 secs]
[GC 61037K->18029K(129536K), 0.0023470 secs]
[GC 60013K->18029K(128512K), 0.0024360 secs]
[GC 58989K->18029K(127488K), 0.0023480 secs]
[GC 57965K->18045K(126464K), 0.0023560 secs]
[GC 56957K->18013K(125440K), 0.0025850 secs]
[GC 55901K->18045K(124928K), 0.0023930 secs]
[GC 55421K->18045K(124416K), 0.0022660 secs]
[GC 54909K->18053K(123904K), 0.0022020 secs]
[GC 54405K->18053K(131584K), 0.0022640 secs]
[GC 62085K->18053K(130560K), 0.0022750 secs]
[GC 61061K->18053K(129536K), 0.0022580 secs]
[GC 60037K->18061K(128512K), 0.0024070 secs]
[GC 59021K->18061K(127488K), 0.0022840 secs]
[GC 57997K->18061K(126464K), 0.0024440 secs]
[GC 56973K->18061K(125440K), 0.0023550 secs]
[GC 55949K->18061K(124928K), 0.0024150 secs]
[GC 55437K->18069K(124416K), 0.0023480 secs]
[GC 54933K->18069K(132096K), 0.0024750 secs]
[GC 62613K->18069K(131072K), 0.0023040 secs]
[GC 61587K->18069K(130048K), 0.0025060 secs]
[GC 60565K->18085K(129024K), 0.0023980 secs]
[GC 59557K->18085K(128000K), 0.0023880 secs]
[GC 58533K->18085K(126976K), 0.0022810 secs]
[GC 57509K->18085K(125952K), 0.0025770 secs]
[GC 56483K->18093K(133632K), 0.0024480 secs]
[GC 64173K->18093K(132608K), 0.0024270 secs]
[GC 63149K->18093K(131584K), 0.0023640 secs]
[GC 62125K->18029K(130560K), 0.0028080 secs]
[GC 61037K->18101K(139264K), 0.0032640 secs]
[GC 69813K->18101K(137728K), 0.0023980 secs]
[GC 68277K->18109K(136704K), 0.0023340 secs]
[GC 67261K->18109K(135680K), 0.0023110 secs]
[GC 66237K->18125K(134656K), 0.0022740 secs]
[GC 65229K->18125K(133632K), 0.0024860 secs]
[GC 64205K->18125K(132608K), 0.0023130 secs]
[GC 63181K->18125K(131584K), 0.0023510 secs]
[GC 62157K->18133K(130560K), 0.0026140 secs]
[GC 61141K->18133K(129536K), 0.0024710 secs]
[GC 60117K->18133K(128512K), 0.0026300 secs]
[GC 59093K->18133K(127488K), 0.0025270 secs]
[GC 58069K->18141K(126464K), 0.0023960 secs]
[GC 57053K->18141K(125440K), 0.0023110 secs]
[GC 56029K->18141K(124928K), 0.0023900 secs]
[GC 55517K->18141K(124416K), 0.0023760 secs]
[GC 55005K->18157K(132096K), 0.0024600 secs]
[GC 62701K->18157K(141312K), 0.0023010 secs]
[GC 71917K->18157K(139776K), 0.0022670 secs]
[GC 70381K->18157K(138240K), 0.0024290 secs]
[GC 68845K->18173K(137216K), 0.0023350 secs]
[GC 67837K->18173K(136192K), 0.0023960 secs]
[GC 66813K->18173K(135168K), 0.0023890 secs]
[GC 65789K->18173K(134144K), 0.0024450 secs]
[GC 64765K->18189K(133120K), 0.0023940 secs]
[GC 63757K->18189K(132096K), 0.0023040 secs]
[GC 62733K->18189K(131072K), 0.0023070 secs]
[GC 61709K->18189K(130048K), 0.0022800 secs]
[GC 60685K->18197K(129024K), 0.0023440 secs]
[GC 59669K->18197K(128000K), 0.0022660 secs]
[GC 58645K->18197K(126976K), 0.0024160 secs]
[GC 57621K->18197K(125952K), 0.0023940 secs]
[GC 56597K->18213K(133632K), 0.0025030 secs]
[GC 64293K->18213K(142848K), 0.0027310 secs]
[GC 73509K->18213K(141312K), 0.0024220 secs]
[GC 71973K->18213K(139776K), 0.0021290 secs]
[GC 70437K->18229K(138240K), 0.0027850 secs]
[GC 68917K->18245K(137216K), 0.0023810 secs]
[GC 67909K->18245K(136192K), 0.0023440 secs]
[GC 66885K->18245K(135168K), 0.0023420 secs]
[GC 65861K->18253K(134144K), 0.0022740 secs]
[GC 64845K->18253K(133120K), 0.0022940 secs]
[GC 63821K->18253K(132096K), 0.0024040 secs]
[GC 62797K->18229K(131072K), 0.0050400 secs]
[GC 61749K->18269K(130048K), 0.0022710 secs]
[GC 60765K->18269K(129024K), 0.0023390 secs]
[GC 59741K->18269K(128000K), 0.0025820 secs]
[GC 58717K->18213K(126976K), 0.0040950 secs]
[GC 57637K->18277K(125952K), 0.0024830 secs]
[GC 56677K->18301K(125440K), 0.0023620 secs]
[GC 56189K->18301K(124928K), 0.0023300 secs]
[GC 55677K->18309K(124416K), 0.0022740 secs]
[GC 55173K->18285K(123904K), 0.0032240 secs]
[GC 54637K->18253K(123392K), 0.0023070 secs]
[GC 54093K->18261K(122880K), 0.0030510 secs]
[GC 53589K->18293K(122368K), 0.0024300 secs]
[GC 53109K->18333K(121856K), 0.0022600 secs]
[GC 52637K->18301K(121344K), 0.0024390 secs]
[GC 52093K->18349K(120832K), 0.0024670 secs]
[GC 51629K->18349K(120320K), 0.0027120 secs]
[GC 51117K->18325K(119808K), 0.0032540 secs]
[GC 50581K->18357K(119296K), 0.0024510 secs]
[GC 50101K->18381K(118784K), 0.0023560 secs]
[GC 49613K->18317K(118272K), 0.0025900 secs]
[GC 49037K->18381K(117760K), 0.0023140 secs]
[GC 48589K->18381K(123904K), 0.0025380 secs]
[GC 54733K->18405K(131584K), 0.0023500 secs]
[GC 62437K->18405K(140800K), 0.0022580 secs]
[GC 71653K->18405K(139264K), 0.0024190 secs]
[GC 70117K->18405K(137728K), 0.0024200 secs]
[GC 68581K->18421K(136704K), 0.0025110 secs]
[GC 67573K->18421K(135680K), 0.0023740 secs]
[GC 66549K->18421K(134656K), 0.0023140 secs]
[GC 65525K->18389K(133632K), 0.0025430 secs]
[GC 64469K->18397K(132608K), 0.0026480 secs]
[GC 63453K->18429K(131584K), 0.0023090 secs]
[GC 62461K->18429K(130560K), 0.0028490 secs]
[GC 61437K->18429K(129536K), 0.0023580 secs]
[GC 60413K->18445K(128512K), 0.0024470 secs]
[GC 59405K->18413K(127488K), 0.0024560 secs]
[GC 58349K->18453K(126464K), 0.0033920 secs]
[GC 57361K->18453K(125440K), 0.0023040 secs]
[GC 56341K->18461K(124928K), 0.0022930 secs]
[GC 55837K->18469K(124416K), 0.0023200 secs]
[GC 55333K->18469K(123904K), 0.0025340 secs]
[GC 54821K->18469K(123392K), 0.0023180 secs]
[GC 54309K->18469K(122880K), 0.0023050 secs]
[GC 53797K->18453K(130048K), 0.0029350 secs]
[GC 60949K->18453K(129024K), 0.0025450 secs]
[GC 59923K->18421K(128000K), 0.0026560 secs]
[GC 58869K->18493K(126976K), 0.0024330 secs]
[GC 57917K->18493K(125952K), 0.0022470 secs]
[GC 56889K->18509K(125440K), 0.0023310 secs]
[GC 56397K->18509K(124928K), 0.0023820 secs]
[GC 55885K->18477K(124416K), 0.0023630 secs]
[GC 55341K->18509K(132096K), 0.0024150 secs]
[GC 63053K->18509K(131072K), 0.0023840 secs]
[GC 62029K->18533K(130048K), 0.0023070 secs]
[GC 61029K->18533K(129024K), 0.0023170 secs]
[GC 60005K->18533K(128000K), 0.0025390 secs]
[GC 58981K->18533K(126976K), 0.0022020 secs]
[GC 57957K->18549K(125952K), 0.0024340 secs]
[GC 56949K->18485K(125440K), 0.0050410 secs]
[GC 56373K->18549K(124928K), 0.0027240 secs]
[GC 55925K->18565K(124416K), 0.0023370 secs]
[GC 55429K->18565K(123904K), 0.0023610 secs]
[GC 54917K->18565K(123392K), 0.0027820 secs]
[GC 54405K->18573K(130560K), 0.0025390 secs]
[GC 61581K->18573K(129536K), 0.0023820 secs]
[GC 60557K->18581K(128512K), 0.0024730 secs]
[GC 59541K->18581K(127488K), 0.0023710 secs]
[GC 58517K->18581K(135680K), 0.0023990 secs]
[GC 66709K->18581K(134656K), 0.0025030 secs]
[GC 65685K->18597K(133632K), 0.0023590 secs]
[GC 64677K->18597K(132608K), 0.0024130 secs]
[GC 63653K->18597K(131584K), 0.0022750 secs]
[GC 62629K->18597K(130560K), 0.0023940 secs]
[GC 61605K->18605K(129536K), 0.0024540 secs]
[GC 60589K->18605K(128512K), 0.0023490 secs]
[GC 59565K->18605K(127488K), 0.0023640 secs]
[GC 58541K->18605K(126464K), 0.0024210 secs]
[GC 57517K->18613K(134656K), 0.0024260 secs]
[GC 65717K->18629K(133632K), 0.0025230 secs]
[GC 64709K->18629K(132608K), 0.0023740 secs]
[GC 63685K->18629K(131584K), 0.0022560 secs]
[GC 62661K->18645K(130560K), 0.0023360 secs]
[GC 61653K->18645K(129536K), 0.0023590 secs]
[GC 60629K->18645K(128512K), 0.0025830 secs]
[GC 59605K->18645K(127488K), 0.0023420 secs]
[GC 58581K->18645K(126464K), 0.0024320 secs]
[GC 57557K->18653K(125440K), 0.0022900 secs]
[GC 56541K->18653K(133120K), 0.0023210 secs]
[GC 64221K->18653K(132096K), 0.0023530 secs]
[GC 63197K->18653K(131072K), 0.0022930 secs]
[GC 62173K->18677K(139776K), 0.0027380 secs]
[GC 70901K->18677K(138240K), 0.0023270 secs]
[GC 69365K->18677K(137216K), 0.0023560 secs]
[GC 68341K->18677K(136192K), 0.0024070 secs]
[GC 67317K->18693K(135168K), 0.0022760 secs]
[GC 66309K->18693K(134144K), 0.0023590 secs]
[GC 65282K->18693K(133120K), 0.0022940 secs]
[GC 64261K->18693K(132096K), 0.0024720 secs]
[GC 63237K->18701K(131072K), 0.0023510 secs]
[GC 62221K->18701K(130048K), 0.0023340 secs]
[GC 61197K->18701K(129024K), 0.0023380 secs]
[GC 60172K->18701K(128000K), 0.0022760 secs]
[GC 59149K->18725K(126976K), 0.0022300 secs]
[GC 58149K->18725K(125952K), 0.0023650 secs]
[GC 57125K->18725K(125440K), 0.0023130 secs]
[GC 56613K->18661K(133120K), 0.0037020 secs]
[GC 64229K->18741K(132096K), 0.0022820 secs]
[GC 63285K->18741K(131072K), 0.0023540 secs]
[GC 62261K->18741K(130048K), 0.0024080 secs]
[GC 61237K->18741K(129024K), 0.0023920 secs]
[GC 60213K->18749K(128000K), 0.0023170 secs]
[GC 59197K->18749K(126976K), 0.0024950 secs]
[GC 58173K->18749K(125952K), 0.0024030 secs]
[GC 57149K->18749K(133632K), 0.0024940 secs]
[GC 64829K->18765K(132608K), 0.0025070 secs]
[GC 63821K->18789K(131584K), 0.0025190 secs]
[GC 62821K->18789K(130560K), 0.0024070 secs]
[GC 61797K->18789K(129536K), 0.0025390 secs]
[GC 60773K->18789K(138240K), 0.0024410 secs]
[GC 69477K->18805K(137216K), 0.0023320 secs]
[GC 68469K->18805K(136192K), 0.0025140 secs]
[GC 67445K->18805K(135168K), 0.0024260 secs]
[GC 66421K->18813K(134144K), 0.0023820 secs]
[GC 65405K->18813K(133120K), 0.0023350 secs]
[GC 64381K->18813K(132096K), 0.0023630 secs]
[GC 63357K->18813K(131072K), 0.0024320 secs]
[GC 62333K->18821K(130048K), 0.0023810 secs]
[GC 61317K->18829K(129024K), 0.0023140 secs]
[GC 60301K->18829K(128000K), 0.0024120 secs]
[GC 59277K->18829K(126976K), 0.0024020 secs]
[GC 58253K->18829K(125952K), 0.0023960 secs]
[GC 57229K->18845K(125440K), 0.0023230 secs]
[GC 56733K->18845K(133120K), 0.0025170 secs]
[GC 64413K->18845K(132096K), 0.0022670 secs]
[GC 63389K->18845K(131072K), 0.0023130 secs]
[GC 62365K->18853K(130048K), 0.0023800 secs]
[GC 61349K->18853K(129024K), 0.0024500 secs]
[GC 60325K->18853K(128000K), 0.0024630 secs]
[GC 59301K->18853K(126976K), 0.0024110 secs]
[GC 58277K->18877K(125952K), 0.0024200 secs]
[GC 57277K->18877K(133632K), 0.0023980 secs]
[GC 64957K->18877K(132608K), 0.0024330 secs]
[GC 63933K->18877K(131584K), 0.0024460 secs]
[GC 62909K->18885K(130560K), 0.0024390 secs]
[GC 61893K->18885K(129536K), 0.0024900 secs]
[GC 60869K->18885K(128512K), 0.0024200 secs]
[GC 59845K->18885K(127488K), 0.0025830 secs]
[GC 58821K->18901K(126464K), 0.0027990 secs]
[GC 57813K->18901K(125440K), 0.0025020 secs]
[GC 56789K->18917K(124928K), 0.0023640 secs]
[GC 56293K->18917K(124416K), 0.0024510 secs]
[GC 55781K->18933K(132096K), 0.0023780 secs]
[GC 63477K->18933K(131072K), 0.0023660 secs]
[GC 62453K->18933K(130048K), 0.0023390 secs]
[GC 61429K->18933K(129024K), 0.0024910 secs]
[GC 60405K->18941K(128000K), 0.0027250 secs]
[GC 59389K->18941K(126976K), 0.0022410 secs]
[GC 58365K->18941K(125952K), 0.0022690 secs]
[GC 57341K->18941K(125440K), 0.0024360 secs]
[GC 56829K->18885K(133120K), 0.0029460 secs]
[GC 64453K->18885K(132096K), 0.0025130 secs]
[GC 63429K->18949K(131072K), 0.0024120 secs]
[GC 62469K->18957K(130048K), 0.0028730 secs]
[GC 61453K->18957K(129024K), 0.0023700 secs]
[GC 60429K->18965K(128000K), 0.0026150 secs]
[GC 59413K->18965K(126976K), 0.0025400 secs]
[GC 58389K->18981K(125952K), 0.0023190 secs]
[GC 57381K->18981K(125440K), 0.0023430 secs]
[GC 56869K->18981K(124928K), 0.0024570 secs]
[GC 56357K->18949K(124416K), 0.0024470 secs]
[GC 55813K->18989K(123904K), 0.0025600 secs]
[GC 55341K->18989K(123392K), 0.0023280 secs]
[GC 54829K->18989K(122880K), 0.0023280 secs]
[GC 54317K->18989K(122368K), 0.0024600 secs]
[GC 53805K->18997K(121856K), 0.0021940 secs]
[GC 53301K->18997K(129024K), 0.0032310 secs]
[GC 60469K->18997K(137728K), 0.0025690 secs]
[GC 69173K->18949K(136704K), 0.0024740 secs]
[GC 68101K->19029K(135680K), 0.0024040 secs]
[GC 67157K->19029K(134656K), 0.0024620 secs]
[GC 66133K->18965K(133632K), 0.0025220 secs]
[GC 65045K->18973K(142848K), 0.0048230 secs]
[GC 74269K->19037K(141312K), 0.0024710 secs]
[GC 72797K->18973K(139776K), 0.0028160 secs]
[GC 71197K->19061K(138240K), 0.0024490 secs]
[GC 69749K->19077K(137216K), 0.0023710 secs]
[GC 68741K->19045K(136192K), 0.0026190 secs]
[GC 67685K->19101K(135168K), 0.0024350 secs]
[GC 66717K->19101K(134144K), 0.0024980 secs]
[GC 65693K->19101K(133120K), 0.0025010 secs]
[GC 64669K->19117K(132096K), 0.0024050 secs]
[GC 63661K->19125K(131072K), 0.0024890 secs]
[GC 62645K->19125K(130048K), 0.0023300 secs]
[GC 61621K->19125K(129024K), 0.0025640 secs]
[GC 60597K->19141K(128000K), 0.0025510 secs]
[GC 59589K->19141K(126976K), 0.0024590 secs]
[GC 58565K->19141K(125952K), 0.0023390 secs]
[GC 57541K->19141K(125440K), 0.0022740 secs]
[GC 57029K->19141K(124928K), 0.0023380 secs]
[GC 56517K->19157K(132608K), 0.0023760 secs]
[GC 64213K->19157K(131584K), 0.0023050 secs]
[GC 63189K->19157K(130560K), 0.0023420 secs]
[GC 62165K->19093K(129536K), 0.0028250 secs]
[GC 61077K->19173K(128512K), 0.0024740 secs]
[GC 60133K->19181K(127488K), 0.0023990 secs]
[GC 59117K->19181K(135680K), 0.0025470 secs]
[GC 67309K->19181K(134656K), 0.0023180 secs]
[GC 66285K->19189K(133632K), 0.0025950 secs]
[GC 65269K->19189K(132608K), 0.0028200 secs]
[GC 64245K->19157K(131584K), 0.0026630 secs]
[GC 63189K->19189K(130560K), 0.0023840 secs]
[GC 62197K->19213K(129536K), 0.0022360 secs]
[GC 61197K->19213K(128512K), 0.0024000 secs]
[GC 60173K->19213K(127488K), 0.0023550 secs]
[GC 59149K->19149K(126464K), 0.0026650 secs]
[GC 58061K->19221K(125440K), 0.0024250 secs]
[GC 57109K->19189K(124928K), 0.0024390 secs]
[GC 56565K->19221K(132608K), 0.0024060 secs]
[GC 64277K->19221K(131584K), 0.0024090 secs]
[GC 63253K->19237K(130560K), 0.0022750 secs]
[GC 62245K->19237K(129536K), 0.0023620 secs]
[GC 61221K->19237K(128512K), 0.0025270 secs]
[GC 60197K->19221K(127488K), 0.0025260 secs]
[GC 59157K->19269K(126464K), 0.0023430 secs]
[GC 58181K->19301K(125440K), 0.0023930 secs]
[GC 57189K->19301K(124928K), 0.0023030 secs]
[GC 56677K->19301K(124416K), 0.0023430 secs]
[GC 56164K->19325K(123904K), 0.0023620 secs]
[GC 55677K->19325K(131584K), 0.0025260 secs]
[GC 63357K->19325K(130560K), 0.0024630 secs]
[GC 62333K->19293K(129536K), 0.0025380 secs]
[GC 61277K->19293K(128512K), 0.0025160 secs]
[GC 60253K->19333K(127488K), 0.0025240 secs]
[GC 59269K->19269K(135680K), 0.0027510 secs]
[GC 67397K->19333K(134656K), 0.0024900 secs]
[GC 66437K->19341K(133632K), 0.0023690 secs]
[GC 65421K->19341K(132608K), 0.0024620 secs]
[GC 64397K->19341K(131584K), 0.0023520 secs]
[GC 63373K->19341K(130560K), 0.0024020 secs]
[GC 62349K->19357K(129536K), 0.0024360 secs]
[GC 61341K->19357K(128512K), 0.0024630 secs]
[GC 60317K->19357K(127488K), 0.0023820 secs]
[GC 59293K->19357K(126464K), 0.0023390 secs]
[GC 58269K->19373K(125440K), 0.0025620 secs]
[GC 57261K->19373K(124928K), 0.0024140 secs]
[GC 56749K->19373K(124416K), 0.0022050 secs]
[GC 56237K->19373K(123904K), 0.0022480 secs]
[GC 55725K->19389K(123392K), 0.0023050 secs]
[GC 55229K->19389K(122880K), 0.0023730 secs]
[GC 54717K->19389K(122368K), 0.0022650 secs]
[GC 54205K->19397K(129536K), 0.0023910 secs]
[GC 61381K->19397K(138240K), 0.0023100 secs]
[GC 70085K->19405K(137216K), 0.0024320 secs]
[GC 69069K->19405K(136192K), 0.0024280 secs]
[GC 68045K->19405K(135168K), 0.0023190 secs]
[GC 67021K->19405K(134144K), 0.0023290 secs]
[GC 65997K->19429K(133120K), 0.0023800 secs]
[GC 64997K->19429K(132096K), 0.0023640 secs]
[GC 63973K->19429K(131072K), 0.0023730 secs]
[GC 62949K->19429K(130048K), 0.0024370 secs]
[GC 61925K->19437K(129024K), 0.0025840 secs]
[GC 60909K->19437K(128000K), 0.0023530 secs]
[GC 59885K->19437K(126976K), 0.0024170 secs]
[GC 58861K->19405K(135168K), 0.0030850 secs]
[GC 67021K->19445K(134144K), 0.0022690 secs]
[GC 66037K->19445K(133120K), 0.0023730 secs]
[GC 65013K->19445K(132096K), 0.0024180 secs]
[GC 63989K->19445K(131072K), 0.0022890 secs]
[GC 62965K->19469K(130048K), 0.0024270 secs]
[GC 61965K->19469K(129024K), 0.0028480 secs]
[GC 60941K->19437K(128000K), 0.0024840 secs]
[GC 59885K->19469K(126976K), 0.0024380 secs]
[GC 58893K->19485K(135168K), 0.0024430 secs]
[GC 67101K->19485K(134144K), 0.0027030 secs]
[GC 66077K->19453K(133120K), 0.0025510 secs]
[GC 65021K->19485K(132096K), 0.0024800 secs]
[GC 64029K->19501K(131072K), 0.0024530 secs]
[GC 63021K->19501K(130048K), 0.0024060 secs]
[GC 61997K->19501K(129024K), 0.0024820 secs]
[GC 60973K->19501K(128000K), 0.0024690 secs]
[GC 59949K->19445K(136192K), 0.0041970 secs]
[GC 68085K->19509K(145920K), 0.0025540 secs]
[GC 77877K->19509K(144384K), 0.0026610 secs]
[GC 76341K->19517K(142848K), 0.0024190 secs]
[GC 74813K->19517K(141312K), 0.0024220 secs]
[GC 73277K->19517K(139776K), 0.0026630 secs]
[GC 71741K->19517K(138240K), 0.0023320 secs]
[GC 70205K->19533K(137216K), 0.0024310 secs]
[GC 69197K->19533K(136192K), 0.0027890 secs]
[GC 68173K->19533K(135168K), 0.0024140 secs]
[GC 67149K->19541K(134144K), 0.0024080 secs]
[GC 66133K->19517K(133120K), 0.0024340 secs]
[GC 65085K->19549K(132096K), 0.0027660 secs]
[GC 64093K->19525K(131072K), 0.0027300 secs]
[GC 63045K->19557K(130048K), 0.0025270 secs]
[GC 62053K->19565K(129024K), 0.0024890 secs]
[GC 61037K->19565K(128000K), 0.0025400 secs]
[GC 60013K->19589K(126976K), 0.0026590 secs]
[GC 59013K->19525K(125952K), 0.0027460 secs]
[GC 57925K->19557K(125440K), 0.0034250 secs]
[GC 57445K->19597K(124928K), 0.0027130 secs]
[GC 56973K->19597K(124416K), 0.0025560 secs]
[GC 56461K->19597K(123904K), 0.0026580 secs]
[GC 55949K->19597K(123392K), 0.0025450 secs]
[GC 55437K->19541K(122880K), 0.0025900 secs]
[GC 54869K->19605K(122368K), 0.0026090 secs]
[GC 54421K->19589K(121856K), 0.0025640 secs]
[GC 53893K->19621K(121344K), 0.0025220 secs]
[GC 53413K->19605K(120832K), 0.0024380 secs]
[GC 52885K->19637K(127488K), 0.0024110 secs]
[GC 59573K->19637K(135680K), 0.0024910 secs]
[GC 67765K->19637K(145408K), 0.0024900 secs]
[GC 77493K->19661K(143872K), 0.0025660 secs]
[GC 75981K->19677K(142336K), 0.0024280 secs]
[GC 74461K->19645K(140800K), 0.0024030 secs]
[GC 72893K->19685K(139264K), 0.0025110 secs]
[GC 71397K->19685K(137728K), 0.0024330 secs]
[GC 69861K->19653K(136704K), 0.0025530 secs]
[GC 68805K->19685K(135680K), 0.0024680 secs]
[GC 67813K->19701K(134656K), 0.0024710 secs]
[GC 66805K->19701K(133632K), 0.0025500 secs]
[GC 65781K->19701K(132608K), 0.0024450 secs]
[GC 64757K->19709K(131584K), 0.0024070 secs]
[GC 63741K->19709K(130560K), 0.0034630 secs]
[GC 62717K->19709K(129536K), 0.0024010 secs]
[GC 61693K->19677K(128512K), 0.0026190 secs]
[GC 60637K->19733K(127488K), 0.0024450 secs]
[GC 59669K->19733K(126464K), 0.0025190 secs]
[GC 58645K->19733K(134656K), 0.0025820 secs]
[GC 66837K->19733K(133632K), 0.0025940 secs]
[GC 65813K->19749K(132608K), 0.0025960 secs]
[GC 64805K->19749K(131584K), 0.0025500 secs]
[GC 63781K->19749K(130560K), 0.0023700 secs]
[GC 62757K->19749K(129536K), 0.0025050 secs]
[GC 61733K->19765K(128512K), 0.0024630 secs]
[GC 60725K->19765K(127488K), 0.0023880 secs]
[GC 59701K->19773K(126464K), 0.0023590 secs]
[GC 58685K->19741K(125440K), 0.0026550 secs]
[GC 57629K->19781K(124928K), 0.0024670 secs]
[GC 57157K->19781K(124416K), 0.0024420 secs]
[GC 56645K->19781K(123904K), 0.0023100 secs]
[GC 56133K->19781K(131584K), 0.0024520 secs]
[GC 63813K->19781K(140800K), 0.0025030 secs]
[GC 73029K->19757K(139264K), 0.0024230 secs]
[GC 71469K->19789K(137728K), 0.0024860 secs]
[GC 69965K->19789K(136704K), 0.0022800 secs]
[GC 68941K->19765K(135680K), 0.0025780 secs]
[GC 67893K->19813K(134656K), 0.0024920 secs]
[GC 66917K->19813K(133632K), 0.0024820 secs]
[GC 65893K->19813K(132608K), 0.0025610 secs]
[GC 64869K->19837K(131584K), 0.0024600 secs]
[GC 63869K->19837K(130560K), 0.0024730 secs]
[GC 62845K->19837K(129536K), 0.0024760 secs]
[GC 61821K->19805K(128512K), 0.0027880 secs]
[GC 60765K->19845K(136704K), 0.0024460 secs]
[GC 68997K->19813K(135680K), 0.0023850 secs]
[GC 67941K->19845K(134656K), 0.0025780 secs]
[GC 66949K->19821K(133632K), 0.0024770 secs]
[GC 65901K->19829K(142848K), 0.0034840 secs]
[GC 75125K->19861K(141312K), 0.0024210 secs]
[GC 73621K->19861K(139776K), 0.0023980 secs]
[GC 72085K->19797K(138240K), 0.0025620 secs]
[GC 70485K->19877K(137216K), 0.0026450 secs]
[GC 69541K->19877K(136192K), 0.0024720 secs]
[GC 68517K->19893K(135168K), 0.0024510 secs]
[GC 67509K->19869K(134144K), 0.0025470 secs]
[GC 66461K->19901K(133120K), 0.0023990 secs]
[GC 65469K->19901K(132096K), 0.0026680 secs]
[GC 64445K->19909K(131072K), 0.0024300 secs]
[GC 63429K->19917K(130048K), 0.0024510 secs]
[GC 62413K->19917K(129024K), 0.0023660 secs]
[GC 61389K->19925K(128000K), 0.0024400 secs]
[GC 60373K->19925K(126976K), 0.0025590 secs]
[GC 59349K->19949K(125952K), 0.0023960 secs]
[GC 58349K->19949K(125440K), 0.0024380 secs]
[GC 57837K->19949K(133120K), 0.0024250 secs]
[GC 65517K->19885K(132096K), 0.0026060 secs]
[GC 64429K->19973K(131072K), 0.0024700 secs]
[GC 63493K->19941K(130048K), 0.0025860 secs]
[GC 62437K->19973K(129024K), 0.0024100 secs]
[GC 61445K->19973K(128000K), 0.0024750 secs]
[GC 60421K->19989K(136192K), 0.0026560 secs]
[GC 68629K->19989K(135168K), 0.0023860 secs]
[GC 67605K->19957K(134144K), 0.0026650 secs]
[GC 66549K->19989K(133120K), 0.0024900 secs]
[GC 65557K->19997K(132096K), 0.0024020 secs]
[GC 64541K->19997K(131072K), 0.0023600 secs]
[GC 63517K->19997K(130048K), 0.0023960 secs]
[GC 62493K->19997K(129024K), 0.0024400 secs]
[GC 61469K->20005K(128000K), 0.0024530 secs]
[GC 60453K->20005K(126976K), 0.0025800 secs]
[GC 59429K->20005K(125952K), 0.0023630 secs]
[GC 58405K->20005K(133632K), 0.0025440 secs]
[GC 66085K->20013K(142848K), 0.0024230 secs]
[GC 75309K->20029K(141312K), 0.0025750 secs]
[GC 73789K->20029K(139776K), 0.0024750 secs]
[GC 72253K->20029K(138240K), 0.0024230 secs]
[GC 70717K->20037K(137216K), 0.0024900 secs]
[GC 69701K->20037K(136192K), 0.0024850 secs]
[GC 68677K->20037K(135168K), 0.0026410 secs]
[GC 67653K->20005K(134144K), 0.0024470 secs]
[GC 66597K->20045K(133120K), 0.0024540 secs]
[GC 65613K->20045K(132096K), 0.0024420 secs]
[GC 64589K->20045K(131072K), 0.0025130 secs]
[GC 63565K->20053K(130048K), 0.0027370 secs]
[GC 62549K->20053K(129024K), 0.0024590 secs]
[GC 61525K->20053K(128000K), 0.0023700 secs]
[GC 60501K->20053K(126976K), 0.0025000 secs]
[GC 59477K->20053K(135168K), 0.0025030 secs]
[GC 67669K->19997K(134144K), 0.0025540 secs]
[GC 66589K->20061K(133120K), 0.0023590 secs]
[GC 65629K->20061K(132096K), 0.0023930 secs]
[GC 64605K->20061K(131072K), 0.0024520 secs]
[GC 63581K->20069K(130048K), 0.0024300 secs]
[GC 62565K->20037K(129024K), 0.0025800 secs]
[GC 61509K->20069K(128000K), 0.0026690 secs]
[GC 60517K->20037K(126976K), 0.0027170 secs]
[GC 59461K->20077K(125952K), 0.0024530 secs]
[GC 58477K->20077K(133632K), 0.0025540 secs]
[GC 66157K->20077K(132608K), 0.0024160 secs]
[GC 65133K->20077K(131584K), 0.0024480 secs]
[GC 64109K->20085K(130560K), 0.0023980 secs]
[GC 63093K->20053K(129536K), 0.0026400 secs]
[GC 62037K->20085K(138240K), 0.0027400 secs]
[GC 70773K->20085K(137216K), 0.0025420 secs]
[GC 69749K->20109K(136192K), 0.0025160 secs]
[GC 68749K->20109K(135168K), 0.0024240 secs]
[GC 67725K->20077K(134144K), 0.0025950 secs]
[GC 66669K->20109K(133120K), 0.0024080 secs]
[GC 65677K->20133K(132096K), 0.0025460 secs]
[GC 64677K->20133K(131072K), 0.0025320 secs]
[GC 63653K->20101K(130048K), 0.0025920 secs]
[GC 62597K->20133K(129024K), 0.0024440 secs]
[GC 61605K->20109K(128000K), 0.0024340 secs]
[GC 60557K->20149K(136192K), 0.0026680 secs]
[GC 68789K->20149K(135168K), 0.0024750 secs]
[GC 67765K->20157K(134144K), 0.0024870 secs]
[GC 66749K->20141K(133120K), 0.0024100 secs]
[GC 65709K->20173K(132096K), 0.0024570 secs]
[GC 64717K->20173K(131072K), 0.0025160 secs]
[GC 63693K->20173K(130048K), 0.0024800 secs]
[GC 62669K->20181K(129024K), 0.0024720 secs]
[GC 61653K->20181K(128000K), 0.0024380 secs]
[GC 60629K->20149K(126976K), 0.0024260 secs]
[GC 59573K->20181K(135168K), 0.0024530 secs]
[GC 67797K->20165K(134144K), 0.0024640 secs]
[GC 66757K->20197K(133120K), 0.0026110 secs]
[GC 65765K->20197K(132096K), 0.0028130 secs]
[GC 64741K->20197K(131072K), 0.0024280 secs]
[GC 63717K->20213K(130048K), 0.0024670 secs]
[GC 62709K->20213K(129024K), 0.0024740 secs]
[GC 61685K->20213K(128000K), 0.0024750 secs]
[GC 60661K->20213K(126976K), 0.0024930 secs]
[GC 59637K->20237K(135168K), 0.0024340 secs]
[GC 67853K->20237K(134144K), 0.0024370 secs]
[GC 66829K->20237K(133120K), 0.0024890 secs]
[GC 65805K->20245K(132096K), 0.0024640 secs]
[GC 64789K->20253K(131072K), 0.0024350 secs]
[GC 63773K->20253K(130048K), 0.0024430 secs]
[GC 62749K->20253K(129024K), 0.0024080 secs]
[GC 61725K->20253K(128000K), 0.0024670 secs]
[GC 60701K->20261K(126976K), 0.0025110 secs]
[GC 59685K->20229K(135168K), 0.0025160 secs]
[GC 67845K->20229K(134144K), 0.0025110 secs]
[GC 66821K->20229K(133120K), 0.0024390 secs]
[GC 65797K->20285K(132096K), 0.0024230 secs]
[GC 64829K->20285K(131072K), 0.0023990 secs]
[GC 63803K->20285K(130048K), 0.0025400 secs]
[GC 62781K->20285K(129024K), 0.0023960 secs]
[GC 61757K->20261K(128000K), 0.0024510 secs]
[GC 60709K->20261K(136192K), 0.0028510 secs]
[GC 68901K->20293K(135168K), 0.0023730 secs]
[GC 67909K->20293K(134144K), 0.0023430 secs]
[GC 66885K->20309K(133120K), 0.0026150 secs]
[GC 65877K->20309K(132096K), 0.0024470 secs]
[GC 64853K->20309K(131072K), 0.0025480 secs]
[GC 63829K->20309K(130048K), 0.0023930 secs]
[GC 62805K->20333K(129024K), 0.0024080 secs]
[GC 61805K->20333K(128000K), 0.0024960 secs]
[GC 60781K->20333K(126976K), 0.0024120 secs]
[GC 59757K->20333K(135168K), 0.0030950 secs]
[GC 67949K->20341K(134144K), 0.0023900 secs]
[GC 66933K->20349K(133120K), 0.0024310 secs]
[GC 65917K->20349K(132096K), 0.0023830 secs]
[GC 64893K->20349K(131072K), 0.0024190 secs]
[GC 63869K->20365K(130048K), 0.0024600 secs]
[GC 62861K->20365K(129024K), 0.0024210 secs]
[GC 61837K->20365K(128000K), 0.0024030 secs]
[GC 60813K->20333K(126976K), 0.0025960 secs]
[GC 59757K->20365K(135168K), 0.0024380 secs]
[GC 67981K->20381K(134144K), 0.0023700 secs]
[GC 66973K->20381K(133120K), 0.0025350 secs]
[GC 65949K->20381K(132096K), 0.0024880 secs]
[GC 64925K->20381K(131072K), 0.0025800 secs]
[GC 63901K->20389K(130048K), 0.0023890 secs]
[GC 62885K->20389K(129024K), 0.0024490 secs]
[GC 61861K->20357K(128000K), 0.0026680 secs]
[GC 60805K->20389K(126976K), 0.0024900 secs]
[GC 59813K->20397K(125952K), 0.0025550 secs]
[GC 58797K->20397K(125440K), 0.0024400 secs]
[GC 58285K->20405K(133120K), 0.0025070 secs]
[GC 65973K->20373K(142336K), 0.0026240 secs]
[GC 75154K->20421K(140800K), 0.0024120 secs]
[GC 73669K->20421K(139264K), 0.0024140 secs]
[GC 72133K->20421K(137728K), 0.0026330 secs]
[GC 70597K->20429K(136704K), 0.0024350 secs]
[GC 69581K->20429K(135680K), 0.0025500 secs]
[GC 68557K->20397K(134656K), 0.0027730 secs]
[GC 67501K->20397K(133632K), 0.0024980 secs]
[GC 66477K->20445K(132608K), 0.0024770 secs]
[GC 65501K->20381K(141824K), 0.0039020 secs]
[GC 74653K->20453K(140288K), 0.0025070 secs]
[GC 73189K->20453K(138752K), 0.0022810 secs]
[GC 71653K->20469K(137216K), 0.0023840 secs]
[GC 70133K->20437K(136192K), 0.0024540 secs]
[GC 69077K->20469K(135168K), 0.0023130 secs]
[GC 68085K->20485K(134144K), 0.0023570 secs]
[GC 67077K->20485K(133120K), 0.0026210 secs]
[GC 66053K->20485K(132096K), 0.0023990 secs]
[GC 65029K->20485K(131072K), 0.0023940 secs]
[GC 64005K->20501K(130048K), 0.0021880 secs]
[GC 62997K->20501K(129024K), 0.0022750 secs]
[GC 61973K->20501K(128000K), 0.0022750 secs]
[GC 60949K->20501K(126976K), 0.0023860 secs]
[GC 59925K->20517K(125952K), 0.0023150 secs]
[GC 58917K->20517K(125440K), 0.0024120 secs]
[GC 58405K->20517K(133120K), 0.0023720 secs]
[GC 66085K->20517K(132096K), 0.0025130 secs]
[GC 65061K->20517K(131072K), 0.0023410 secs]
[GC 64037K->20525K(130048K), 0.0024640 secs]
[GC 63021K->20493K(138752K), 0.0036260 secs]
[GC 71693K->20525K(148992K), 0.0024430 secs]
[GC 81965K->20525K(147456K), 0.0023660 secs]
[GC 80429K->20541K(145920K), 0.0023810 secs]
[GC 78909K->20541K(144384K), 0.0023330 secs]
[GC 77369K->20509K(142848K), 0.0024360 secs]
[GC 75805K->20517K(141312K), 0.0024410 secs]
[GC 74277K->20557K(139776K), 0.0023460 secs]
[GC 72781K->20525K(138240K), 0.0034080 secs]
[GC 71213K->20581K(137216K), 0.0023710 secs]
[GC 70245K->20581K(136192K), 0.0024140 secs]
[GC 69221K->20589K(135168K), 0.0023920 secs]
[GC 68205K->20589K(134144K), 0.0024290 secs]
[GC 67181K->20597K(133120K), 0.0023090 secs]
[GC 66165K->20597K(132096K), 0.0024720 secs]
[GC 65141K->20605K(131072K), 0.0023760 secs]
[GC 64125K->20605K(130048K), 0.0023150 secs]
[GC 63101K->20613K(129024K), 0.0023740 secs]
[GC 62085K->20613K(128000K), 0.0023470 secs]
[GC 61061K->20613K(126976K), 0.0023920 secs]
[GC 60037K->20613K(125952K), 0.0023210 secs]
[GC 59010K->20629K(133632K), 0.0023100 secs]
[GC 66709K->20629K(132608K), 0.0024070 secs]
[GC 65685K->20629K(131584K), 0.0023740 secs]
[GC 64661K->20597K(130560K), 0.0023460 secs]
[GC 63605K->20637K(129536K), 0.0023700 secs]
[GC 62621K->20637K(128512K), 0.0023420 secs]
[GC 61597K->20637K(127488K), 0.0023090 secs]
[GC 60573K->20637K(126464K), 0.0024040 secs]
[GC 59549K->20637K(134656K), 0.0023570 secs]
[GC 67741K->20645K(133632K), 0.0024800 secs]
[GC 66725K->20613K(132608K), 0.0024930 secs]
[GC 65669K->20581K(131584K), 0.0028760 secs]
[GC 64613K->20645K(130560K), 0.0022780 secs]
[GC 63653K->20653K(129536K), 0.0025130 secs]
[GC 62637K->20653K(128512K), 0.0024820 secs]
[GC 61613K->20653K(127488K), 0.0023060 secs]
[GC 60589K->20653K(126464K), 0.0023120 secs]
[GC 59565K->20669K(125440K), 0.0023770 secs]
[GC 58557K->20669K(133120K), 0.0023540 secs]
[GC 66237K->20669K(132096K), 0.0024800 secs]
[GC 65213K->20669K(131072K), 0.0022730 secs]
[GC 64189K->20685K(130048K), 0.0023910 secs]
[GC 63181K->20685K(129024K), 0.0024220 secs]
[GC 62157K->20685K(128000K), 0.0024280 secs]
[GC 61133K->20621K(136192K), 0.0032720 secs]
[GC 69261K->20685K(135168K), 0.0025490 secs]
[GC 68301K->20693K(134144K), 0.0023670 secs]
[GC 67285K->20693K(133120K), 0.0023120 secs]
[GC 66261K->20693K(132096K), 0.0022560 secs]
[GC 65237K->20717K(131072K), 0.0022800 secs]
[GC 64237K->20685K(130048K), 0.0023990 secs]
[GC 63181K->20717K(129024K), 0.0024600 secs]
[GC 62189K->20717K(128000K), 0.0024210 secs]
[GC 61165K->20717K(136192K), 0.0024440 secs]
[GC 69357K->20741K(135168K), 0.0022860 secs]
[GC 68357K->20741K(134144K), 0.0023830 secs]
[GC 67333K->20741K(133120K), 0.0022720 secs]
[GC 66309K->20741K(132096K), 0.0023440 secs]
[GC 65285K->20749K(131072K), 0.0023730 secs]
[GC 64269K->20749K(130048K), 0.0024640 secs]
[GC 63245K->20749K(129024K), 0.0022620 secs]
[GC 62221K->20749K(128000K), 0.0023610 secs]
[GC 61197K->20765K(126976K), 0.0022900 secs]
[GC 60189K->20781K(125952K), 0.0023550 secs]
[GC 59181K->20781K(133632K), 0.0022470 secs]
[GC 66861K->20781K(132608K), 0.0023320 secs]
[GC 65837K->20805K(131584K), 0.0023190 secs]
[GC 64837K->20805K(130560K), 0.0024660 secs]
[GC 63813K->20805K(129536K), 0.0023600 secs]
[GC 62789K->20805K(128512K), 0.0025250 secs]
[GC 61765K->20805K(136704K), 0.0024420 secs]
[GC 69957K->20821K(135680K), 0.0022800 secs]
[GC 68946K->20837K(134656K), 0.0024400 secs]
[GC 67941K->20837K(133632K), 0.0024640 secs]
[GC 66917K->20853K(132608K), 0.0024290 secs]
[GC 65909K->20853K(131584K), 0.0023640 secs]
[GC 64885K->20861K(130560K), 0.0023430 secs]
[GC 63869K->20829K(129536K), 0.0025490 secs]
[GC 62813K->20877K(128512K), 0.0023510 secs]
[GC 61837K->20885K(127488K), 0.0022870 secs]
[GC 60821K->20885K(126464K), 0.0024890 secs]
[GC 59797K->20885K(125440K), 0.0025060 secs]
[GC 58773K->20885K(133120K), 0.0023990 secs]
[GC 66453K->20893K(132096K), 0.0024160 secs]
[GC 65437K->20893K(131072K), 0.0024350 secs]
[GC 64413K->20893K(130048K), 0.0024290 secs]
[GC 63389K->20893K(129024K), 0.0029630 secs]
[GC 62365K->20901K(128000K), 0.0024660 secs]
[GC 61349K->20909K(126976K), 0.0024480 secs]
[GC 60333K->20909K(125952K), 0.0025900 secs]
[GC 59309K->20909K(125440K), 0.0024990 secs]
[GC 58797K->20925K(133120K), 0.0024400 secs]
[GC 66493K->20925K(132096K), 0.0025000 secs]
[GC 65469K->20925K(131072K), 0.0024360 secs]
[GC 64445K->20925K(130048K), 0.0024220 secs]
[GC 63421K->20901K(129024K), 0.0026040 secs]
[GC 62373K->20933K(128000K), 0.0024100 secs]
[GC 61381K->20933K(136192K), 0.0026570 secs]
[GC 69573K->20933K(135168K), 0.0024040 secs]
[GC 68549K->20949K(134144K), 0.0023990 secs]
[GC 67541K->20917K(133120K), 0.0026450 secs]
[GC 66485K->20949K(132096K), 0.0025960 secs]
[GC 65493K->20949K(131072K), 0.0025320 secs]
[GC 64469K->20965K(130048K), 0.0028970 secs]
[GC 63461K->20933K(129024K), 0.0025380 secs]
[GC 62405K->20965K(128000K), 0.0024970 secs]
[GC 61413K->20933K(136192K), 0.0026360 secs]
[GC 69573K->20973K(145920K), 0.0033440 secs]
[GC 79341K->20973K(144384K), 0.0024670 secs]
[GC 77805K->20973K(142848K), 0.0023900 secs]
[GC 76269K->20981K(141312K), 0.0024150 secs]
[GC 74741K->20981K(139776K), 0.0025240 secs]
[GC 73205K->20981K(138240K), 0.0023710 secs]
[GC 71669K->20981K(137216K), 0.0023690 secs]
[GC 70645K->20989K(136192K), 0.0024990 secs]
[GC 69629K->20989K(135168K), 0.0025990 secs]
[GC 68605K->20957K(134144K), 0.0026500 secs]
[GC 67549K->20997K(133120K), 0.0024600 secs]
[GC 66565K->20997K(132096K), 0.0024110 secs]
[GC 65541K->20997K(131072K), 0.0025380 secs]
[GC 64517K->20997K(130048K), 0.0025330 secs]
[GC 63493K->20973K(129024K), 0.0024930 secs]
[GC 62445K->21005K(128000K), 0.0024730 secs]
[GC 61453K->20973K(126976K), 0.0027730 secs]
[GC 60397K->20981K(125952K), 0.0025490 secs]
[GC 59381K->21021K(125440K), 0.0026730 secs]
[GC 58909K->21021K(133120K), 0.0024670 secs]
[GC 66589K->21021K(132096K), 0.0024700 secs]
[GC 65565K->20989K(131072K), 0.0024520 secs]
[GC 64509K->21005K(130048K), 0.0025250 secs]
[GC 63501K->21037K(129024K), 0.0023770 secs]
[GC 62509K->21037K(128000K), 0.0025390 secs]
[GC 61485K->21037K(136192K), 0.0026590 secs]
[GC 69677K->21053K(135168K), 0.0023820 secs]
[GC 68669K->21053K(134144K), 0.0024420 secs]
[GC 67645K->21053K(133120K), 0.0024690 secs]
[GC 66621K->21021K(132096K), 0.0026400 secs]
[GC 65565K->21029K(131072K), 0.0024080 secs]
[GC 64549K->21061K(130048K), 0.0024680 secs]
[GC 63557K->21061K(129024K), 0.0025240 secs]
[GC 62533K->21061K(128000K), 0.0026200 secs]
[GC 61509K->21069K(136192K), 0.0025260 secs]
[GC 69709K->21069K(135168K), 0.0024270 secs]
[GC 68685K->21069K(134144K), 0.0024790 secs]
[GC 67661K->21069K(133120K), 0.0024530 secs]
[GC 66637K->21045K(132096K), 0.0023930 secs]
[GC 65589K->21093K(131072K), 0.0024730 secs]
[GC 64613K->21061K(130048K), 0.0022540 secs]
[GC 63557K->21093K(129024K), 0.0024580 secs]
[GC 62565K->21101K(128000K), 0.0029020 secs]
[GC 61549K->21069K(126976K), 0.0024110 secs]
[GC 60493K->21101K(135168K), 0.0025720 secs]
[GC 68717K->21101K(134144K), 0.0024620 secs]
[GC 67693K->21109K(133120K), 0.0025300 secs]
[GC 66677K->21077K(132096K), 0.0024380 secs]
[GC 65621K->21109K(131072K), 0.0025990 secs]
[GC 64629K->21109K(130048K), 0.0025320 secs]
[GC 63605K->21117K(129024K), 0.0024800 secs]
[GC 62589K->21117K(128000K), 0.0024730 secs]
[GC 61565K->21085K(126976K), 0.0024300 secs]
[GC 60509K->21085K(135168K), 0.0030730 secs]
[GC 68701K->21125K(134144K), 0.0024270 secs]
[GC 67717K->21125K(133120K), 0.0024140 secs]
[GC 66690K->21093K(132096K), 0.0027050 secs]
[GC 65637K->21133K(131072K), 0.0025750 secs]
[GC 64653K->21037K(130048K), 0.0026050 secs]
[GC 63533K->21141K(129024K), 0.0025570 secs]
[GC 62613K->21141K(128000K), 0.0024270 secs]
[GC 61587K->21157K(126976K), 0.0024360 secs]
[GC 60581K->21157K(125952K), 0.0024240 secs]
[GC 59557K->21157K(133632K), 0.0024620 secs]
[GC 67237K->21157K(132608K), 0.0024290 secs]
[GC 66212K->21157K(131584K), 0.0023970 secs]
[GC 65189K->21165K(130560K), 0.0025800 secs]
[GC 64173K->21133K(129536K), 0.0024460 secs]
[GC 63117K->21133K(128512K), 0.0023960 secs]
[GC 62093K->21181K(127488K), 0.0025180 secs]
[GC 61117K->21181K(126464K), 0.0024950 secs]
[GC 60093K->21181K(125440K), 0.0025450 secs]
[GC 59069K->21125K(133120K), 0.0048130 secs]
[GC 66693K->21197K(142336K), 0.0025810 secs]
[GC 75981K->21165K(153600K), 0.0028190 secs]
[GC 87213K->21197K(151552K), 0.0024850 secs]
[GC 85197K->21221K(149504K), 0.0024990 secs]
[GC 83173K->21189K(147968K), 0.0023820 secs]
[GC 81605K->21221K(146432K), 0.0024340 secs]
[GC 80101K->21229K(144896K), 0.0024510 secs]
[GC 78573K->21229K(143360K), 0.0025390 secs]
[GC 77037K->21229K(141824K), 0.0023970 secs]
[GC 75501K->21213K(140288K), 0.0024010 secs]
[GC 73949K->21245K(138752K), 0.0024930 secs]
[GC 72445K->21261K(137216K), 0.0024760 secs]
[GC 70925K->21285K(136192K), 0.0024720 secs]
[GC 69925K->21285K(135168K), 0.0023900 secs]
[GC 68901K->21253K(134144K), 0.0032150 secs]
[GC 67845K->21285K(133120K), 0.0023900 secs]
[GC 66853K->21229K(132096K), 0.0027050 secs]
[GC 65773K->21293K(131072K), 0.0024740 secs]
[GC 64813K->21261K(130048K), 0.0027020 secs]
[GC 63757K->21301K(129024K), 0.0024230 secs]
[GC 62773K->21301K(128000K), 0.0025460 secs]
[GC 61749K->21301K(126976K), 0.0024490 secs]
[GC 60725K->21301K(125952K), 0.0023000 secs]
[GC 59701K->21277K(133632K), 0.0045030 secs]
[GC 67357K->21277K(142848K), 0.0030500 secs]
[GC 76573K->21309K(154112K), 0.0024620 secs]
[GC 87869K->21245K(152064K), 0.0030410 secs]
[GC 85757K->21285K(150016K), 0.0026520 secs]
[GC 83749K->21317K(148480K), 0.0032790 secs]
[GC 82245K->21341K(146944K), 0.0024780 secs]
[GC 80733K->21341K(145408K), 0.0026540 secs]
[GC 79197K->21341K(143872K), 0.0024750 secs]
[GC 77661K->21349K(142336K), 0.0024430 secs]
[GC 76133K->21349K(140800K), 0.0024990 secs]
[GC 74597K->21317K(139264K), 0.0035500 secs]
[GC 73029K->21365K(137728K), 0.0025110 secs]
[GC 71541K->21365K(136704K), 0.0024890 secs]
[GC 70517K->21365K(135680K), 0.0024510 secs]
[GC 69493K->21381K(134656K), 0.0025230 secs]
[GC 68485K->21381K(133632K), 0.0028890 secs]
[GC 67461K->21381K(132608K), 0.0024920 secs]
[GC 66437K->21397K(131584K), 0.0024920 secs]
[GC 65429K->21397K(130560K), 0.0024560 secs]
[GC 64405K->21397K(129536K), 0.0024910 secs]
[GC 63381K->21397K(128512K), 0.0025140 secs]
[GC 62357K->21421K(127488K), 0.0025940 secs]
[GC 61357K->21421K(126464K), 0.0024830 secs]
[GC 60333K->21389K(134656K), 0.0032510 secs]
[GC 68493K->21421K(144384K), 0.0024300 secs]
[GC 78253K->21421K(142848K), 0.0024210 secs]
[GC 76717K->21437K(141312K), 0.0025780 secs]
[GC 75197K->21405K(139776K), 0.0027160 secs]
[GC 73629K->21445K(138240K), 0.0027590 secs]
[GC 72133K->21445K(137216K), 0.0024490 secs]
[GC 71109K->21445K(136192K), 0.0024940 secs]
[GC 70085K->21469K(135168K), 0.0025540 secs]
[GC 69085K->21437K(134144K), 0.0025790 secs]
[GC 68029K->21469K(133120K), 0.0024710 secs]
[GC 67037K->21477K(132096K), 0.0025250 secs]
[GC 66021K->21477K(131072K), 0.0024810 secs]
[GC 64997K->21413K(139776K), 0.0041740 secs]
[GC 73637K->21477K(138240K), 0.0024520 secs]
[GC 72165K->21501K(137216K), 0.0024360 secs]
[GC 71165K->21501K(136192K), 0.0024710 secs]
[GC 70141K->21501K(135168K), 0.0026090 secs]
[GC 69117K->21525K(134144K), 0.0025070 secs]
[GC 68117K->21525K(133120K), 0.0025290 secs]
[GC 67093K->21525K(132096K), 0.0025230 secs]
[GC 66069K->21533K(131072K), 0.0027840 secs]
[GC 65053K->21533K(130048K), 0.0024610 secs]
[GC 64029K->21533K(129024K), 0.0023920 secs]
[GC 63005K->21509K(128000K), 0.0024770 secs]
[GC 61957K->21541K(126976K), 0.0025520 secs]
[GC 60965K->21541K(125952K), 0.0025350 secs]
[GC 59941K->21541K(133632K), 0.0025230 secs]
[GC 67621K->21541K(132608K), 0.0025640 secs]
[GC 66597K->21517K(131584K), 0.0024730 secs]
[GC 65549K->21549K(130560K), 0.0024890 secs]
[GC 64557K->21549K(129536K), 0.0025590 secs]
[GC 63533K->21549K(138240K), 0.0025340 secs]
[GC 72237K->21557K(137216K), 0.0025150 secs]
[GC 71221K->21525K(136192K), 0.0030780 secs]
[GC 70165K->21557K(135168K), 0.0025130 secs]
[GC 69173K->21557K(134144K), 0.0023880 secs]
[GC 68149K->21581K(133120K), 0.0025680 secs]
[GC 67149K->21589K(132096K), 0.0026600 secs]
[GC 66133K->21589K(131072K), 0.0027550 secs]
[GC 65109K->21605K(130048K), 0.0025230 secs]
[GC 64101K->21605K(129024K), 0.0024050 secs]
[GC 63077K->21621K(128000K), 0.0026080 secs]
[GC 62069K->21621K(126976K), 0.0023840 secs]
[GC 61045K->21629K(125952K), 0.0023670 secs]
[GC 60029K->21629K(133632K), 0.0024450 secs]
[GC 67709K->21629K(132608K), 0.0025060 secs]
[GC 66683K->21629K(131584K), 0.0024660 secs]
[GC 65661K->21629K(130560K), 0.0024600 secs]
[GC 64637K->21653K(129536K), 0.0023410 secs]
[GC 63637K->21653K(128512K), 0.0024680 secs]
[GC 62613K->21653K(127488K), 0.0024380 secs]
[GC 61589K->21653K(126464K), 0.0025050 secs]
[GC 60565K->21677K(134656K), 0.0025040 secs]
[GC 68781K->21677K(133632K), 0.0024880 secs]
[GC 67757K->21677K(132608K), 0.0024390 secs]
[GC 66733K->21677K(131584K), 0.0024460 secs]
[GC 65709K->21685K(130560K), 0.0024650 secs]
[GC 64693K->21685K(129536K), 0.0026170 secs]
[GC 63669K->21685K(128512K), 0.0024960 secs]
[GC 62645K->21685K(127488K), 0.0025960 secs]
[GC 61621K->21701K(135680K), 0.0024720 secs]
[GC 69829K->21701K(134656K), 0.0024820 secs]
[GC 68805K->21701K(133632K), 0.0023700 secs]
[GC 67781K->21709K(132608K), 0.0027170 secs]
[GC 66765K->21717K(131584K), 0.0024480 secs]
[GC 65749K->21717K(130560K), 0.0025310 secs]
[GC 64725K->21717K(129536K), 0.0025950 secs]
[GC 63701K->21685K(128512K), 0.0024890 secs]
[GC 62645K->21725K(127488K), 0.0023510 secs]
[GC 61661K->21725K(135680K), 0.0024570 secs]
[GC 69853K->21725K(134656K), 0.0024720 secs]
[GC 68829K->21725K(133632K), 0.0023950 secs]
[GC 67805K->21749K(132608K), 0.0024920 secs]
[GC 66805K->21749K(131584K), 0.0024190 secs]
[GC 65781K->21717K(130560K), 0.0026910 secs]
[GC 64725K->21749K(129536K), 0.0024620 secs]
[GC 63733K->21749K(128512K), 0.0023820 secs]
[GC 62709K->21757K(127488K), 0.0024210 secs]
[GC 61693K->21757K(135680K), 0.0025000 secs]
[GC 69885K->21725K(134656K), 0.0027130 secs]
[GC 68829K->21757K(133632K), 0.0025150 secs]
[GC 67837K->21733K(132608K), 0.0025310 secs]
[GC 66789K->21765K(131584K), 0.0024840 secs]
[GC 65797K->21765K(130560K), 0.0024800 secs]
[GC 64773K->21773K(129536K), 0.0024910 secs]
[GC 63753K->21773K(128512K), 0.0024850 secs]
[GC 62733K->21773K(127488K), 0.0024230 secs]
[GC 61709K->21773K(126464K), 0.0024630 secs]
[GC 60685K->21773K(134656K), 0.0024350 secs]
[GC 68877K->21781K(144384K), 0.0025070 secs]
[GC 78613K->21781K(142848K), 0.0024340 secs]
[GC 77077K->21781K(141312K), 0.0023610 secs]
[GC 75541K->21797K(139776K), 0.0024790 secs]
[GC 74021K->21797K(138240K), 0.0024630 secs]
[GC 72485K->21797K(137216K), 0.0024750 secs]
[GC 71461K->21797K(136192K), 0.0024510 secs]
[GC 70437K->21813K(135168K), 0.0026010 secs]
[GC 69429K->21813K(134144K), 0.0023480 secs]
[GC 68405K->21821K(133120K), 0.0025090 secs]
[GC 67389K->21789K(132096K), 0.0025910 secs]
[GC 66333K->21837K(131072K), 0.0024190 secs]
[GC 65357K->21837K(130048K), 0.0025050 secs]
[GC 64333K->21837K(129024K), 0.0025450 secs]
[GC 63306K->21837K(128000K), 0.0026270 secs]
[GC 62285K->21853K(136192K), 0.0025020 secs]
[GC 70493K->21853K(135168K), 0.0023770 secs]
[GC 69469K->21853K(134144K), 0.0024330 secs]
[GC 68445K->21853K(133120K), 0.0024670 secs]
[GC 67421K->21869K(132096K), 0.0024400 secs]
[GC 66413K->21869K(131072K), 0.0024340 secs]
[GC 65389K->21869K(130048K), 0.0027130 secs]
[GC 64365K->21869K(129024K), 0.0024230 secs]
[GC 63341K->21877K(128000K), 0.0024490 secs]
[GC 62325K->21877K(126976K), 0.0024330 secs]
[GC 61301K->21845K(135168K), 0.0025330 secs]
[GC 69461K->21885K(134144K), 0.0024100 secs]
[GC 68477K->21893K(133120K), 0.0024220 secs]
[GC 67461K->21893K(132096K), 0.0024930 secs]
[GC 66437K->21893K(131072K), 0.0023360 secs]
[GC 65413K->21829K(130048K), 0.0026110 secs]
[GC 64325K->21909K(129024K), 0.0024250 secs]
[GC 63381K->21909K(128000K), 0.0024120 secs]
[GC 62357K->21917K(126976K), 0.0027690 secs]
[GC 61341K->21917K(135168K), 0.0024730 secs]
[GC 69533K->21925K(134144K), 0.0024980 secs]
[GC 68517K->21925K(133120K), 0.0025430 secs]
[GC 67493K->21893K(132096K), 0.0026520 secs]
[GC 66437K->21925K(141312K), 0.0027980 secs]
[GC 75685K->21933K(139776K), 0.0026710 secs]
[GC 74157K->21877K(138240K), 0.0026990 secs]
[GC 72565K->21941K(137216K), 0.0025310 secs]
[GC 71605K->21941K(136192K), 0.0025390 secs]
[GC 70581K->21949K(135168K), 0.0023010 secs]
[GC 69565K->21949K(134144K), 0.0024570 secs]
[GC 68541K->21949K(133120K), 0.0028530 secs]
[GC 67517K->21957K(132096K), 0.0024110 secs]
[GC 66501K->21957K(131072K), 0.0025380 secs]
[GC 65477K->21957K(130048K), 0.0024340 secs]
[GC 64453K->21957K(129024K), 0.0025060 secs]
[GC 63429K->21973K(137728K), 0.0027110 secs]
[GC 72149K->21973K(136704K), 0.0026510 secs]
[GC 71124K->21973K(135680K), 0.0024510 secs]
[GC 70101K->21973K(134656K), 0.0024500 secs]
[GC 69077K->21981K(133632K), 0.0025180 secs]
[GC 68061K->21981K(132608K), 0.0024810 secs]
[GC 67037K->21981K(131584K), 0.0025110 secs]
[GC 66013K->21981K(130560K), 0.0024380 secs]
[GC 64989K->21997K(129536K), 0.0025530 secs]
[GC 63981K->21997K(128512K), 0.0024170 secs]
[GC 62957K->21997K(127488K), 0.0024450 secs]
[GC 61933K->21997K(135680K), 0.0026300 secs]
[GC 70125K->21997K(134656K), 0.0024930 secs]
[GC 69101K->22005K(133632K), 0.0024770 secs]
[GC 68085K->22005K(132608K), 0.0024870 secs]
[GC 67061K->22005K(131584K), 0.0024670 secs]
[GC 66037K->22021K(130560K), 0.0024620 secs]
[GC 65029K->22021K(129536K), 0.0024680 secs]
[GC 64005K->22021K(128512K), 0.0026910 secs]
[GC 62981K->21989K(136704K), 0.0028000 secs]
[GC 71141K->22021K(135680K), 0.0025260 secs]
[GC 70149K->21997K(134656K), 0.0023900 secs]
[GC 69101K->22029K(133632K), 0.0026570 secs]
[GC 68109K->22029K(132608K), 0.0025030 secs]
[GC 67085K->22053K(131584K), 0.0024670 secs]
[GC 66085K->22029K(130560K), 0.0023640 secs]
[GC 65037K->22061K(129536K), 0.0023160 secs]
[GC 64045K->22061K(128512K), 0.0025340 secs]
[GC 63021K->22085K(127488K), 0.0024830 secs]
[GC 62021K->22085K(126464K), 0.0024430 secs]
[GC 60997K->22085K(134656K), 0.0024820 secs]
[GC 69189K->22085K(133632K), 0.0024630 secs]
[GC 68165K->22101K(132608K), 0.0025070 secs]
[GC 67157K->22101K(131584K), 0.0023760 secs]
[GC 66133K->22101K(130560K), 0.0024310 secs]
[GC 65109K->22109K(129536K), 0.0023990 secs]
[GC 64093K->22109K(128512K), 0.0023740 secs]
[GC 63069K->22117K(127488K), 0.0024350 secs]
[GC 62053K->22117K(135680K), 0.0025800 secs]
[GC 70245K->22117K(134656K), 0.0024430 secs]
[GC 69221K->22117K(133632K), 0.0024430 secs]
[GC 68197K->22125K(132608K), 0.0024380 secs]
[GC 67181K->22125K(131584K), 0.0024650 secs]
[GC 66157K->22125K(130560K), 0.0024720 secs]
[GC 65133K->22125K(129536K), 0.0026490 secs]
[GC 64109K->22149K(128512K), 0.0024290 secs]
[GC 63109K->22149K(136704K), 0.0026350 secs]
[GC 71301K->22149K(135680K), 0.0023980 secs]
[GC 70277K->22149K(134656K), 0.0024600 secs]
[GC 69253K->22165K(133632K), 0.0025420 secs]
[GC 68245K->22165K(132608K), 0.0026200 secs]
[GC 67221K->22165K(131584K), 0.0024290 secs]
[GC 66197K->22165K(130560K), 0.0024940 secs]
[GC 65169K->22181K(129536K), 0.0024720 secs]
[GC 64165K->22181K(128512K), 0.0025020 secs]
[GC 63141K->22181K(136704K), 0.0025170 secs]
[GC 71333K->22181K(135680K), 0.0025430 secs]
[GC 70309K->22157K(134656K), 0.0026230 secs]
[GC 69261K->22189K(133632K), 0.0025150 secs]
[GC 68269K->22189K(132608K), 0.0027850 secs]
[GC 67245K->22157K(131584K), 0.0026480 secs]
[GC 66189K->22197K(130560K), 0.0024490 secs]
[GC 65205K->22197K(129536K), 0.0024730 secs]
[GC 64181K->22197K(128512K), 0.0025600 secs]
[GC 63157K->22165K(127488K), 0.0025960 secs]
[GC 62101K->22205K(135680K), 0.0024870 secs]
[GC 70333K->22173K(134656K), 0.0023950 secs]
[GC 69277K->22205K(133632K), 0.0025250 secs]
[GC 68285K->22205K(132608K), 0.0024590 secs]
[GC 67261K->22213K(131584K), 0.0024670 secs]
[GC 66245K->22213K(130560K), 0.0025370 secs]
[GC 65221K->22213K(129536K), 0.0026710 secs]
[GC 64197K->22213K(128512K), 0.0024860 secs]
[GC 63173K->22197K(136704K), 0.0025140 secs]
[GC 71349K->22229K(135680K), 0.0025980 secs]
[GC 70357K->22229K(134656K), 0.0027820 secs]
[GC 69333K->22229K(133632K), 0.0023970 secs]
[GC 68309K->22245K(132608K), 0.0025180 secs]
[GC 67301K->22245K(131584K), 0.0024000 secs]
[GC 66277K->22245K(130560K), 0.0025530 secs]
[GC 65253K->22245K(129536K), 0.0024090 secs]
[GC 64229K->22229K(128512K), 0.0024750 secs]
[GC 63189K->22261K(127488K), 0.0024980 secs]
[GC 62197K->22261K(135680K), 0.0024580 secs]
[GC 70389K->22261K(134656K), 0.0023720 secs]
[GC 69365K->22269K(133632K), 0.0024660 secs]
[GC 68349K->22269K(132608K), 0.0024000 secs]
[GC 67325K->22237K(131584K), 0.0024020 secs]
[GC 66269K->22269K(130560K), 0.0025900 secs]
[GC 65277K->22285K(129536K), 0.0023990 secs]
[GC 64269K->22285K(128512K), 0.0024680 secs]
[GC 63245K->22253K(127488K), 0.0025140 secs]
[GC 62189K->22285K(135680K), 0.0023730 secs]
[GC 70413K->22301K(134656K), 0.0024380 secs]
[GC 69405K->22301K(133632K), 0.0024950 secs]
[GC 68381K->22301K(132608K), 0.0025280 secs]
[GC 67357K->22301K(131584K), 0.0023890 secs]
[GC 66333K->22309K(130560K), 0.0024570 secs]
[GC 65317K->22309K(129536K), 0.0024280 secs]
[GC 64293K->22309K(128512K), 0.0025560 secs]
[GC 63269K->22277K(127488K), 0.0027900 secs]
[GC 62213K->22325K(126464K), 0.0025080 secs]
[GC 61237K->22325K(125440K), 0.0024980 secs]
[GC 60213K->22325K(133120K), 0.0024760 secs]
[GC 67893K->22325K(132096K), 0.0024210 secs]
[GC 66869K->22309K(131072K), 0.0025400 secs]
[GC 65829K->22341K(130048K), 0.0024940 secs]
[GC 64837K->22341K(129024K), 0.0024250 secs]
[GC 63813K->22341K(128000K), 0.0024690 secs]
[GC 62789K->22349K(126976K), 0.0022560 secs]
[GC 61773K->22317K(135168K), 0.0025730 secs]
[GC 69933K->22349K(134144K), 0.0025100 secs]
[GC 68941K->22349K(133120K), 0.0024430 secs]
[GC 67917K->22349K(132096K), 0.0025100 secs]
[GC 66893K->22325K(131072K), 0.0024900 secs]
[GC 65845K->22373K(130048K), 0.0024940 secs]
[GC 64869K->22373K(129024K), 0.0024450 secs]
[GC 63845K->22373K(128000K), 0.0025420 secs]
[GC 62821K->22389K(136192K), 0.0024410 secs]
[GC 71029K->22389K(135168K), 0.0026400 secs]
[GC 70005K->22389K(134144K), 0.0024720 secs]
[GC 68981K->22389K(133120K), 0.0023640 secs]
[GC 67956K->22397K(132096K), 0.0024710 secs]
[GC 66941K->22397K(131072K), 0.0025180 secs]
[GC 65917K->22397K(130048K), 0.0024330 secs]
[GC 64893K->22397K(129024K), 0.0024470 secs]
[GC 63869K->22421K(128000K), 0.0024330 secs]
[GC 62869K->22421K(126976K), 0.0024860 secs]
[GC 61845K->22421K(135168K), 0.0024270 secs]
[GC 70037K->22421K(134144K), 0.0024320 secs]
[GC 69013K->22445K(133120K), 0.0023550 secs]
[GC 68013K->22445K(132096K), 0.0024900 secs]
[GC 66989K->22445K(131072K), 0.0024240 secs]
[GC 65965K->22445K(130048K), 0.0024940 secs]
[GC 64941K->22453K(129024K), 0.0024340 secs]
[GC 63925K->22421K(128000K), 0.0025570 secs]
[GC 62869K->22461K(136192K), 0.0024400 secs]
[GC 71101K->22461K(135168K), 0.0026680 secs]
[GC 70077K->22437K(134144K), 0.0024440 secs]
[GC 69029K->22469K(133120K), 0.0026320 secs]
[GC 68037K->22469K(132096K), 0.0024830 secs]
[GC 67013K->22437K(131072K), 0.0025790 secs]
[GC 65957K->22477K(130048K), 0.0024390 secs]
[GC 64973K->22477K(129024K), 0.0024870 secs]
[GC 63949K->22477K(128000K), 0.0025040 secs]
[GC 62925K->22445K(126976K), 0.0024150 secs]
[GC 61869K->22485K(125952K), 0.0025560 secs]
[GC 60885K->22485K(125440K), 0.0025320 secs]
[GC 60373K->22485K(124928K), 0.0024720 secs]
[GC 59861K->22453K(132608K), 0.0023750 secs]
[GC 67509K->22509K(131584K), 0.0024920 secs]
[GC 66541K->22509K(130560K), 0.0025220 secs]
[GC 65517K->22509K(129536K), 0.0024710 secs]
[GC 64493K->22509K(138240K), 0.0025490 secs]
[GC 73197K->22517K(137216K), 0.0024800 secs]
[GC 72181K->22517K(136192K), 0.0026190 secs]
[GC 71157K->22485K(135168K), 0.0024290 secs]
[GC 70101K->22517K(134144K), 0.0024820 secs]
[GC 69109K->22533K(133120K), 0.0024650 secs]
[GC 68101K->22533K(132096K), 0.0024480 secs]
[GC 67077K->22565K(131072K), 0.0024330 secs]
[GC 66085K->22565K(130048K), 0.0024380 secs]
[GC 65061K->22541K(129024K), 0.0024600 secs]
[GC 64013K->22573K(128000K), 0.0025050 secs]
[GC 63021K->22573K(126976K), 0.0023580 secs]
[GC 61997K->22573K(125952K), 0.0024550 secs]
[GC 60973K->22581K(133632K), 0.0025080 secs]
[GC 68661K->22581K(142848K), 0.0025650 secs]
[GC 77877K->22581K(141312K), 0.0024520 secs]
[GC 76341K->22581K(139776K), 0.0024780 secs]
[GC 74805K->22589K(138240K), 0.0026390 secs]
[GC 73277K->22597K(137216K), 0.0024610 secs]
[GC 72261K->22565K(136192K), 0.0024520 secs]
[GC 71205K->22597K(135168K), 0.0027470 secs]
[GC 70213K->22605K(134144K), 0.0024690 secs]
[GC 69197K->22605K(133120K), 0.0024690 secs]
[GC 68173K->22605K(132096K), 0.0026270 secs]
[GC 67149K->22613K(131072K), 0.0026160 secs]
[GC 66133K->22613K(130048K), 0.0025270 secs]
[GC 65109K->22613K(129024K), 0.0024250 secs]
[GC 64085K->22549K(137728K), 0.0030650 secs]
[GC 72725K->22549K(136704K), 0.0026070 secs]
[GC 71701K->22629K(135680K), 0.0024280 secs]
[GC 70757K->22629K(134656K), 0.0025540 secs]
[GC 69733K->22597K(133632K), 0.0025830 secs]
[GC 68677K->22645K(132608K), 0.0024990 secs]
[GC 67701K->22645K(131584K), 0.0023840 secs]
[GC 66677K->22645K(130560K), 0.0023300 secs]
[GC 65653K->22613K(129536K), 0.0027070 secs]
[GC 64597K->22653K(128512K), 0.0024530 secs]
[GC 63613K->22653K(127488K), 0.0024140 secs]
[GC 62589K->22653K(135680K), 0.0027110 secs]
[GC 70781K->22653K(145408K), 0.0025690 secs]
[GC 80509K->22669K(143872K), 0.0023870 secs]
[GC 78989K->22669K(142336K), 0.0024510 secs]
[GC 77453K->22669K(140800K), 0.0024900 secs]
[GC 75917K->22669K(139264K), 0.0024180 secs]
[GC 74381K->22645K(137728K), 0.0024570 secs]
[GC 72821K->22685K(136704K), 0.0026250 secs]
[GC 71837K->22685K(135680K), 0.0024440 secs]
[GC 70813K->22709K(134656K), 0.0025330 secs]
[GC 69813K->22709K(133632K), 0.0024460 secs]
[GC 68789K->22709K(132608K), 0.0025640 secs]
[GC 67765K->22677K(131584K), 0.0026020 secs]
[GC 66709K->22733K(130560K), 0.0025070 secs]
[GC 65741K->22741K(129536K), 0.0024340 secs]
[GC 64725K->22741K(128512K), 0.0025210 secs]
[GC 63701K->22741K(127488K), 0.0025360 secs]
[GC 62677K->22749K(135680K), 0.0024570 secs]
[GC 70877K->22749K(134656K), 0.0025150 secs]
[GC 69853K->22749K(133632K), 0.0024480 secs]
[GC 68829K->22717K(132608K), 0.0025760 secs]
[GC 67773K->22765K(131584K), 0.0026770 secs]
[GC 66797K->22733K(130560K), 0.0024780 secs]
[GC 65741K->22765K(129536K), 0.0025690 secs]
[GC 64749K->22765K(138240K), 0.0025960 secs]
[GC 73453K->22773K(137216K), 0.0024340 secs]
[GC 72437K->22773K(136192K), 0.0023700 secs]
[GC 71413K->22773K(135168K), 0.0023900 secs]
[GC 70389K->22741K(134144K), 0.0027230 secs]
[GC 69333K->22781K(133120K), 0.0025500 secs]
[GC 68349K->22781K(132096K), 0.0024450 secs]
[GC 67325K->22781K(131072K), 0.0024790 secs]
[GC 66301K->22781K(130048K), 0.0024610 secs]
[GC 65277K->22789K(129024K), 0.0024790 secs]
[GC 64261K->22789K(128000K), 0.0024720 secs]
[GC 63237K->22797K(126976K), 0.0023750 secs]
[GC 62221K->22797K(125952K), 0.0025360 secs]
[GC 61197K->22805K(133632K), 0.0024970 secs]
[GC 68885K->22805K(142848K), 0.0024970 secs]
[GC 78101K->22813K(141312K), 0.0024840 secs]
[GC 76573K->22781K(139776K), 0.0026080 secs]
[GC 75005K->22821K(138240K), 0.0023900 secs]
[GC 73509K->22837K(137216K), 0.0025220 secs]
[GC 72501K->22837K(136192K), 0.0024000 secs]
[GC 71477K->22845K(135168K), 0.0024580 secs]
[GC 70461K->22845K(134144K), 0.0025290 secs]
[GC 69437K->22845K(133120K), 0.0025110 secs]
[GC 68413K->22845K(132096K), 0.0025580 secs]
[GC 67389K->22869K(131072K), 0.0025930 secs]
[GC 66389K->22869K(130048K), 0.0024580 secs]
[GC 65365K->22869K(129024K), 0.0024500 secs]
[GC 64341K->22869K(128000K), 0.0024990 secs]
[GC 63317K->22885K(136192K), 0.0027020 secs]
[GC 71525K->22885K(135168K), 0.0023440 secs]
[GC 70501K->22885K(134144K), 0.0025040 secs]
[GC 69477K->22885K(133120K), 0.0023980 secs]
[GC 68453K->22893K(132096K), 0.0025050 secs]
[GC 67437K->22893K(131072K), 0.0023840 secs]
[GC 66413K->22893K(130048K), 0.0027430 secs]
[GC 65389K->22893K(129024K), 0.0024230 secs]
[GC 64365K->22893K(128000K), 0.0025060 secs]
[GC 63341K->22901K(136192K), 0.0025250 secs]
[GC 71541K->22901K(135168K), 0.0026040 secs]
[GC 70517K->22901K(134144K), 0.0026100 secs]
[GC 69491K->22901K(133120K), 0.0025360 secs]
[GC 68469K->22885K(132096K), 0.0026400 secs]
[GC 67429K->22917K(131072K), 0.0024370 secs]
[GC 66437K->22885K(130048K), 0.0027210 secs]
[GC 65381K->22941K(129024K), 0.0024470 secs]
[GC 64413K->22941K(128000K), 0.0027260 secs]
[GC 63389K->22941K(126976K), 0.0024910 secs]
[GC 62365K->22957K(135168K), 0.0024570 secs]
[GC 70573K->22941K(134144K), 0.0023860 secs]
[GC 69533K->22973K(133120K), 0.0024410 secs]
[GC 68541K->22973K(132096K), 0.0025260 secs]
[GC 67517K->22973K(131072K), 0.0025290 secs]
[GC 66493K->22981K(130048K), 0.0024560 secs]
[GC 65477K->22981K(129024K), 0.0024500 secs]
[GC 64453K->22981K(128000K), 0.0025130 secs]
[GC 63429K->22981K(136192K), 0.0026130 secs]
[GC 71621K->22981K(135168K), 0.0024900 secs]
[GC 70597K->22997K(134144K), 0.0025340 secs]
[GC 69589K->22997K(133120K), 0.0024890 secs]
[GC 68565K->22997K(132096K), 0.0024960 secs]
[GC 67541K->22997K(131072K), 0.0025230 secs]
[GC 66517K->23005K(130048K), 0.0024490 secs]
[GC 65501K->23005K(129024K), 0.0025380 secs]
[GC 64477K->23005K(137728K), 0.0025860 secs]
[GC 73181K->23005K(136704K), 0.0026230 secs]
[GC 72157K->23013K(135680K), 0.0026490 secs]
[GC 71141K->23013K(134656K), 0.0024790 secs]
[GC 70117K->23013K(133632K), 0.0025240 secs]
[GC 69093K->23013K(132608K), 0.0024660 secs]
[GC 68069K->23021K(131584K), 0.0023450 secs]
[GC 67053K->23021K(130560K), 0.0024640 secs]
[GC 66029K->23021K(129536K), 0.0024600 secs]
[GC 65005K->23021K(128512K), 0.0026180 secs]
[GC 63981K->23029K(127488K), 0.0024750 secs]
[GC 62965K->23029K(135680K), 0.0024330 secs]
[GC 71157K->23029K(134656K), 0.0025320 secs]
[GC 70133K->22997K(133632K), 0.0025720 secs]
[GC 69077K->23045K(132608K), 0.0025170 secs]
[GC 68101K->23013K(131584K), 0.0026260 secs]
[GC 67045K->23045K(130560K), 0.0024590 secs]
[GC 66053K->23045K(129536K), 0.0024680 secs]
[GC 65029K->23061K(128512K), 0.0025640 secs]
[GC 64021K->23061K(127488K), 0.0025150 secs]
[GC 62997K->22997K(135680K), 0.0031590 secs]
[GC 71125K->23061K(145408K), 0.0032320 secs]
[GC 80917K->23069K(143872K), 0.0024820 secs]
[GC 79389K->23085K(142336K), 0.0024580 secs]
[GC 77869K->23085K(140800K), 0.0025510 secs]
[GC 76333K->23093K(139264K), 0.0024660 secs]
[GC 74805K->23069K(137728K), 0.0027420 secs]
[GC 73245K->23101K(136704K), 0.0024080 secs]
[GC 72253K->23109K(135680K), 0.0024390 secs]
[GC 71237K->23109K(134656K), 0.0026340 secs]
[GC 70210K->23109K(133632K), 0.0024870 secs]
[GC 69189K->23109K(132608K), 0.0024450 secs]
[GC 68165K->23125K(131584K), 0.0023900 secs]
[GC 67157K->23125K(130560K), 0.0024410 secs]
[GC 66133K->23125K(129536K), 0.0026120 secs]
[GC 65109K->23061K(138240K), 0.0028650 secs]
[GC 73749K->23133K(137216K), 0.0025500 secs]
[GC 72797K->23133K(136192K), 0.0024060 secs]
[GC 71773K->23133K(135168K), 0.0024050 secs]
[GC 70749K->23133K(134144K), 0.0024430 secs]
[GC 69725K->23149K(133120K), 0.0025420 secs]
[GC 68717K->23149K(132096K), 0.0025000 secs]
[GC 67693K->23149K(131072K), 0.0027020 secs]
[GC 66669K->23149K(130048K), 0.0024520 secs]
[GC 65645K->23157K(129024K), 0.0025220 secs]
[GC 64629K->23157K(128000K), 0.0024960 secs]
[GC 63605K->23157K(136192K), 0.0024400 secs]
[GC 71797K->23157K(135168K), 0.0024380 secs]
[GC 70773K->23173K(134144K), 0.0024800 secs]
[GC 69765K->23173K(133120K), 0.0024530 secs]
[GC 68741K->23173K(132096K), 0.0023760 secs]
[GC 67717K->23173K(131072K), 0.0024880 secs]
[GC 66693K->23149K(130048K), 0.0024970 secs]
[GC 65645K->23181K(129024K), 0.0025410 secs]
[GC 64653K->23181K(128000K), 0.0026400 secs]
[GC 63629K->23149K(136192K), 0.0027270 secs]
[GC 71786K->23197K(135168K), 0.0024270 secs]
[GC 70813K->23197K(134144K), 0.0024870 secs]
[GC 69789K->23197K(133120K), 0.0023800 secs]
[GC 68765K->23165K(132096K), 0.0028000 secs]
[GC 67709K->23205K(131072K), 0.0024780 secs]
[GC 66725K->23205K(130048K), 0.0024920 secs]
[GC 65698K->23205K(129024K), 0.0025130 secs]
[GC 64677K->23205K(128000K), 0.0024630 secs]
[GC 63653K->23213K(136192K), 0.0027180 secs]
[GC 71853K->23213K(135168K), 0.0025090 secs]
[GC 70829K->23213K(134144K), 0.0025170 secs]
[GC 69805K->23213K(133120K), 0.0024110 secs]
[GC 68781K->23237K(132096K), 0.0024220 secs]
[GC 67781K->23237K(131072K), 0.0024700 secs]
[GC 66757K->23237K(130048K), 0.0025630 secs]
[GC 65733K->23237K(129024K), 0.0026330 secs]
[GC 64709K->23213K(137728K), 0.0025660 secs]
[GC 73389K->23253K(136704K), 0.0024530 secs]
[GC 72405K->23253K(135680K), 0.0025540 secs]
[GC 71381K->23253K(134656K), 0.0024760 secs]
[GC 70357K->23269K(133632K), 0.0024020 secs]
[GC 69349K->23269K(132608K), 0.0024950 secs]
[GC 68325K->23269K(131584K), 0.0024970 secs]
[GC 67301K->23269K(130560K), 0.0024150 secs]
[GC 66277K->23277K(129536K), 0.0026540 secs]
[GC 65261K->23277K(128512K), 0.0024180 secs]
[GC 64237K->23277K(127488K), 0.0024600 secs]
[GC 63213K->23277K(126464K), 0.0023490 secs]
[GC 62189K->23293K(134656K), 0.0024090 secs]
[GC 70397K->23261K(133632K), 0.0025100 secs]
[GC 69341K->23293K(132608K), 0.0024870 secs]
[GC 68349K->23261K(141824K), 0.0028310 secs]
[GC 77533K->23301K(140288K), 0.0025260 secs]
[GC 76037K->23301K(138752K), 0.0024730 secs]
[GC 74501K->23301K(137216K), 0.0024930 secs]
[GC 72965K->23301K(136192K), 0.0025330 secs]
[GC 71941K->23317K(135168K), 0.0024820 secs]
[GC 70933K->23285K(134144K), 0.0028610 secs]
[GC 69877K->23325K(133120K), 0.0025210 secs]
[GC 68893K->23333K(132096K), 0.0025130 secs]
[GC 67877K->23333K(131072K), 0.0026680 secs]
[GC 66853K->23309K(130048K), 0.0024330 secs]
[GC 65805K->23309K(129024K), 0.0027730 secs]
[GC 64781K->23357K(128000K), 0.0025020 secs]
[GC 63805K->23357K(126976K), 0.0024690 secs]
[GC 62781K->23357K(125952K), 0.0024450 secs]
[GC 61757K->23357K(133632K), 0.0024220 secs]
[GC 69437K->23365K(132608K), 0.0025090 secs]
[GC 68421K->23333K(131584K), 0.0024200 secs]
[GC 67365K->23365K(130560K), 0.0024810 secs]
[GC 66373K->23365K(129536K), 0.0025610 secs]
[GC 65349K->23365K(128512K), 0.0025230 secs]
[GC 64325K->23381K(136704K), 0.0024260 secs]
[GC 72533K->23381K(135680K), 0.0024900 secs]
[GC 71509K->23389K(134656K), 0.0023990 secs]
[GC 70493K->23389K(133632K), 0.0024250 secs]
[GC 69469K->23405K(132608K), 0.0024290 secs]
[GC 68461K->23405K(131584K), 0.0024680 secs]
[GC 67437K->23405K(130560K), 0.0025980 secs]
[GC 66413K->23405K(129536K), 0.0025030 secs]
[GC 65389K->23421K(128512K), 0.0024830 secs]
[GC 64381K->23389K(127488K), 0.0024120 secs]
[GC 63325K->23421K(135680K), 0.0024070 secs]
[GC 71549K->23421K(134656K), 0.0024610 secs]
[GC 70525K->23405K(133632K), 0.0023790 secs]
[GC 69485K->23405K(132608K), 0.0024260 secs]
[GC 68461K->23437K(131584K), 0.0024860 secs]
[GC 67469K->23437K(130560K), 0.0024400 secs]
[GC 66445K->23445K(129536K), 0.0026130 secs]
[GC 65429K->23445K(128512K), 0.0024380 secs]
[GC 64405K->23445K(127488K), 0.0024600 secs]
[GC 63381K->23413K(135680K), 0.0024600 secs]
[GC 71541K->23453K(134656K), 0.0023160 secs]
[GC 70557K->23421K(133632K), 0.0025860 secs]
[GC 69501K->23453K(132608K), 0.0024510 secs]
[GC 68509K->23453K(131584K), 0.0024720 secs]
[GC 67485K->23477K(130560K), 0.0025170 secs]
[GC 66485K->23477K(129536K), 0.0024920 secs]
[GC 65461K->23445K(128512K), 0.0025520 secs]
[GC 64405K->23477K(127488K), 0.0024430 secs]
[GC 63413K->23493K(135680K), 0.0023950 secs]
[GC 71621K->23493K(134656K), 0.0025510 secs]
[GC 70597K->23493K(133632K), 0.0024250 secs]
[GC 69573K->23429K(132608K), 0.0033470 secs]
[GC 68485K->23517K(131584K), 0.0024880 secs]
[GC 67549K->23525K(130560K), 0.0024840 secs]
[GC 66533K->23525K(129536K), 0.0024970 secs]
[GC 65509K->23533K(128512K), 0.0025140 secs]
[GC 64493K->23557K(136704K), 0.0025350 secs]
[GC 72709K->23557K(135680K), 0.0025610 secs]
[GC 71685K->23557K(134656K), 0.0023910 secs]
[GC 70659K->23493K(133632K), 0.0026310 secs]
[GC 69573K->23565K(132608K), 0.0023860 secs]
[GC 68621K->23565K(131584K), 0.0026060 secs]
[GC 67597K->23565K(130560K), 0.0026410 secs]
[GC 66573K->23565K(129536K), 0.0023890 secs]
[GC 65549K->23541K(128512K), 0.0024300 secs]
[GC 64501K->23573K(127488K), 0.0024330 secs]
[GC 63509K->23573K(135680K), 0.0024310 secs]
[GC 71701K->23573K(134656K), 0.0024710 secs]
[GC 70677K->23581K(133632K), 0.0024580 secs]
[GC 69661K->23581K(132608K), 0.0024220 secs]
[GC 68637K->23581K(131584K), 0.0024840 secs]
[GC 67613K->23581K(130560K), 0.0024520 secs]
[GC 66589K->23589K(129536K), 0.0024240 secs]
[GC 65573K->23557K(128512K), 0.0025550 secs]
[GC 64517K->23589K(136704K), 0.0025700 secs]
[GC 72741K->23589K(135680K), 0.0025630 secs]
[GC 71717K->23597K(134656K), 0.0025690 secs]
[GC 70701K->23581K(133632K), 0.0025630 secs]
[GC 69661K->23613K(132608K), 0.0024460 secs]
[GC 68669K->23613K(131584K), 0.0024860 secs]
[GC 67645K->23621K(130560K), 0.0026150 secs]
[GC 66629K->23621K(129536K), 0.0024930 secs]
[GC 65605K->23621K(128512K), 0.0024260 secs]
[GC 64581K->23621K(136704K), 0.0027420 secs]
[GC 72773K->23629K(146944K), 0.0026000 secs]
[GC 83021K->23629K(145408K), 0.0025530 secs]
[GC 81485K->23605K(143872K), 0.0025570 secs]
[GC 79925K->23637K(142336K), 0.0025200 secs]
[GC 78421K->23653K(140800K), 0.0024860 secs]
[GC 76901K->23653K(139264K), 0.0024420 secs]
[GC 75365K->23629K(137728K), 0.0026600 secs]
[GC 73805K->23669K(136704K), 0.0024490 secs]
[GC 72821K->23645K(135680K), 0.0026300 secs]
[GC 71773K->23645K(134656K), 0.0025440 secs]
[GC 70749K->23693K(133632K), 0.0024650 secs]
[GC 69773K->23693K(132608K), 0.0024290 secs]
[GC 68749K->23693K(131584K), 0.0025120 secs]
[GC 67725K->23661K(130560K), 0.0025410 secs]
[GC 66669K->23717K(129536K), 0.0024610 secs]
[GC 65701K->23717K(128512K), 0.0025090 secs]
[GC 64677K->23685K(127488K), 0.0025860 secs]
[GC 63621K->23717K(135680K), 0.0024520 secs]
[GC 71845K->23717K(134656K), 0.0024330 secs]
[GC 70821K->23725K(133632K), 0.0024300 secs]
[GC 69805K->23725K(132608K), 0.0025000 secs]
[GC 68781K->23725K(131584K), 0.0024180 secs]
[GC 67757K->23725K(130560K), 0.0028480 secs]
[GC 66733K->23733K(129536K), 0.0024710 secs]
[GC 65717K->23733K(128512K), 0.0024920 secs]
[GC 64693K->23669K(136704K), 0.0024620 secs]
[GC 72821K->23733K(135680K), 0.0024220 secs]
[GC 71861K->23741K(134656K), 0.0025600 secs]
[GC 70845K->23741K(133632K), 0.0024910 secs]
[GC 69821K->23741K(132608K), 0.0023760 secs]
[GC 68797K->23741K(131584K), 0.0025090 secs]
[GC 67773K->23757K(130560K), 0.0024960 secs]
[GC 66765K->23757K(129536K), 0.0025810 secs]
[GC 65741K->23725K(138240K), 0.0026730 secs]
[GC 74413K->23757K(137216K), 0.0024880 secs]
[GC 73421K->23765K(136192K), 0.0025160 secs]
[GC 72405K->23765K(135168K), 0.0024250 secs]
[GC 71381K->23765K(134144K), 0.0024490 secs]
[GC 70357K->23773K(133120K), 0.0024490 secs]
[GC 69338K->23773K(132096K), 0.0028200 secs]
[GC 68317K->23773K(131072K), 0.0024750 secs]
[GC 67293K->23773K(130048K), 0.0023760 secs]
[GC 66269K->23789K(129024K), 0.0025370 secs]
[GC 65261K->23789K(128000K), 0.0024070 secs]
[GC 64237K->23789K(126976K), 0.0024390 secs]
[GC 63213K->23757K(135168K), 0.0026840 secs]
[GC 71373K->23789K(134144K), 0.0026800 secs]
[GC 70381K->23797K(133120K), 0.0026550 secs]
[GC 69365K->23797K(132096K), 0.0026970 secs]
[GC 68341K->23765K(131072K), 0.0026610 secs]
[GC 67285K->23805K(130048K), 0.0024730 secs]
[GC 66301K->23805K(129024K), 0.0024340 secs]
[GC 65277K->23805K(128000K), 0.0024860 secs]
[GC 64253K->23805K(136192K), 0.0028790 secs]
[GC 72445K->23805K(145920K), 0.0024920 secs]
[GC 82173K->23813K(144384K), 0.0024530 secs]
[GC 80645K->23813K(142848K), 0.0025190 secs]
[GC 79109K->23813K(141312K), 0.0025720 secs]
[GC 77573K->23829K(139776K), 0.0024480 secs]
[GC 76053K->23829K(138240K), 0.0024180 secs]
[GC 74517K->23829K(137216K), 0.0024380 secs]
[GC 73493K->23837K(136192K), 0.0024180 secs]
[GC 72477K->23845K(135168K), 0.0025140 secs]
[GC 71461K->23813K(134144K), 0.0026270 secs]
[GC 70405K->23845K(133120K), 0.0024740 secs]
[GC 69413K->23861K(132096K), 0.0025450 secs]
[GC 68405K->23861K(131072K), 0.0025370 secs]
[GC 67381K->23861K(130048K), 0.0025370 secs]
[GC 66357K->23861K(129024K), 0.0024390 secs]
[GC 65333K->23877K(128000K), 0.0024430 secs]
[GC 64325K->23877K(126976K), 0.0024740 secs]
[GC 63301K->23877K(135168K), 0.0024470 secs]
[GC 71493K->23877K(134144K), 0.0024380 secs]
[GC 70469K->23885K(133120K), 0.0027050 secs]
[GC 69453K->23885K(132096K), 0.0024770 secs]
[GC 68429K->23885K(131072K), 0.0025360 secs]
[GC 67405K->23885K(130048K), 0.0025850 secs]
[GC 66381K->23893K(138752K), 0.0026040 secs]
[GC 75093K->23893K(137216K), 0.0025070 secs]
[GC 73557K->23893K(136192K), 0.0024760 secs]
[GC 72533K->23893K(135168K), 0.0024320 secs]
[GC 71509K->23901K(134144K), 0.0025780 secs]
[GC 70493K->23901K(133120K), 0.0025610 secs]
[GC 69469K->23869K(132096K), 0.0027270 secs]
[GC 68413K->23901K(131072K), 0.0032430 secs]
[GC 67421K->23909K(130048K), 0.0023960 secs]
[GC 66405K->23885K(129024K), 0.0025030 secs]
[GC 65357K->23917K(128000K), 0.0023830 secs]
[GC 64365K->23917K(136192K), 0.0027420 secs]
[GC 72557K->23925K(135168K), 0.0024640 secs]
[GC 71541K->23925K(134144K), 0.0024520 secs]
[GC 70517K->23925K(133120K), 0.0024580 secs]
[GC 69493K->23925K(132096K), 0.0024890 secs]
[GC 68469K->23901K(131072K), 0.0026570 secs]
[GC 67421K->23933K(130048K), 0.0025120 secs]
[GC 66429K->23933K(129024K), 0.0024680 secs]
[GC 65405K->23933K(137728K), 0.0025100 secs]
[GC 74109K->23941K(136704K), 0.0023890 secs]
[GC 73093K->23941K(135680K), 0.0023950 secs]
[GC 72069K->23909K(134656K), 0.0024640 secs]
[GC 71013K->23941K(133632K), 0.0025000 secs]
[GC 70021K->23917K(132608K), 0.0024770 secs]
[GC 68973K->23949K(131584K), 0.0025530 secs]
[GC 67981K->23949K(130560K), 0.0024870 secs]
[GC 66957K->23949K(129536K), 0.0025530 secs]
[GC 65933K->23957K(128512K), 0.0026030 secs]
[GC 64917K->23957K(127488K), 0.0025150 secs]
[GC 63893K->23957K(135680K), 0.0024420 secs]
[GC 72085K->23957K(134656K), 0.0024560 secs]
[GC 71061K->23965K(133632K), 0.0026630 secs]
[GC 70045K->23965K(132608K), 0.0022600 secs]
[GC 69021K->23965K(131584K), 0.0024620 secs]
[GC 67997K->23965K(130560K), 0.0024480 secs]
[GC 66972K->23941K(129536K), 0.0026460 secs]
[GC 65925K->23973K(128512K), 0.0025730 secs]
[GC 64933K->23941K(136704K), 0.0027870 secs]
[GC 73093K->23973K(135680K), 0.0024000 secs]
[GC 72101K->23949K(145408K), 0.0040030 secs]
[GC 81805K->23997K(157184K), 0.0024790 secs]
[GC 93629K->23997K(155136K), 0.0025620 secs]
[GC 91581K->24013K(153088K), 0.0025100 secs]
[GC 89549K->24013K(151040K), 0.0024950 secs]
[GC 87501K->23981K(148992K), 0.0026310 secs]
[GC 85421K->24021K(147456K), 0.0023820 secs]
[GC 83925K->24021K(145920K), 0.0025200 secs]
[GC 82386K->23989K(144384K), 0.0024190 secs]
[GC 80821K->24037K(142848K), 0.0024550 secs]
[GC 79333K->24037K(141312K), 0.0024610 secs]
[GC 77797K->24037K(139776K), 0.0025960 secs]
[GC 76261K->24061K(138240K), 0.0024700 secs]
[GC 74749K->24061K(137216K), 0.0025540 secs]
[GC 73725K->24061K(136192K), 0.0024640 secs]
[GC 72701K->24061K(135168K), 0.0025110 secs]
[GC 71677K->24069K(134144K), 0.0025670 secs]
[GC 70661K->24069K(133120K), 0.0024380 secs]
[GC 69637K->24069K(132096K), 0.0023900 secs]
[GC 68613K->24045K(131072K), 0.0027510 secs]
[GC 67565K->24077K(130048K), 0.0024360 secs]
[GC 66573K->24085K(129024K), 0.0025070 secs]
[GC 65557K->24085K(128000K), 0.0027060 secs]
[GC 64533K->24085K(136192K), 0.0024480 secs]
[GC 72725K->24109K(135168K), 0.0024830 secs]
[GC 71725K->24109K(134144K), 0.0025340 secs]
[GC 70701K->24109K(133120K), 0.0024310 secs]
[GC 69677K->24125K(132096K), 0.0025760 secs]
[GC 68669K->24125K(131072K), 0.0024860 secs]
[GC 67645K->24141K(130048K), 0.0023980 secs]
[GC 66637K->24141K(129024K), 0.0024120 secs]
[GC 65613K->24109K(128000K), 0.0023560 secs]
[GC 64557K->24165K(126976K), 0.0025090 secs]
[GC 63589K->24165K(135168K), 0.0025120 secs]
[GC 71781K->24165K(134144K), 0.0023380 secs]
[GC 70757K->24165K(133120K), 0.0025070 secs]
[GC 69733K->24181K(132096K), 0.0024880 secs]
[GC 68725K->24181K(131072K), 0.0024500 secs]
[GC 67701K->24149K(130048K), 0.0025430 secs]
[GC 66645K->24181K(129024K), 0.0026370 secs]
[GC 65653K->24189K(137728K), 0.0024220 secs]
[GC 74365K->24189K(136704K), 0.0026240 secs]
[GC 73341K->24125K(135680K), 0.0032190 secs]
[GC 72253K->24157K(134656K), 0.0025930 secs]
[GC 71261K->24197K(133632K), 0.0024600 secs]
[GC 70277K->24197K(132608K), 0.0024660 secs]
[GC 69253K->24197K(131584K), 0.0027760 secs]
[GC 68229K->24205K(130560K), 0.0024310 secs]
[GC 67213K->24213K(129536K), 0.0024340 secs]
[GC 66197K->24213K(128512K), 0.0024780 secs]
[GC 65173K->24213K(127488K), 0.0024580 secs]
[GC 64149K->24213K(135680K), 0.0024380 secs]
[GC 72341K->24229K(134656K), 0.0025420 secs]
[GC 71333K->24229K(133632K), 0.0024190 secs]
[GC 70309K->24229K(132608K), 0.0024420 secs]
[GC 69285K->24229K(131584K), 0.0024830 secs]
[GC 68261K->24245K(130560K), 0.0024630 secs]
[GC 67253K->24245K(129536K), 0.0024470 secs]
[GC 66229K->24245K(128512K), 0.0025220 secs]
[GC 65205K->24245K(136704K), 0.0025840 secs]
[GC 73397K->24261K(135680K), 0.0024310 secs]
[GC 72389K->24261K(134656K), 0.0024310 secs]
[GC 71365K->24261K(133632K), 0.0024000 secs]
[GC 70337K->24261K(132608K), 0.0024760 secs]
[GC 69317K->24269K(131584K), 0.0025180 secs]
[GC 68301K->24269K(130560K), 0.0025110 secs]
[GC 67277K->24269K(129536K), 0.0024160 secs]
[GC 66253K->24269K(138240K), 0.0028040 secs]
[GC 74957K->24277K(137216K), 0.0026640 secs]
[GC 73941K->24277K(136192K), 0.0025140 secs]
[GC 72917K->24245K(135168K), 0.0024730 secs]
[GC 71861K->24277K(134144K), 0.0027860 secs]
[GC 70869K->24301K(133120K), 0.0025450 secs]
[GC 69869K->24301K(132096K), 0.0024250 secs]
[GC 68845K->24317K(131072K), 0.0024040 secs]
[GC 67837K->24317K(130048K), 0.0024260 secs]
[GC 66813K->24325K(129024K), 0.0026310 secs]
[GC 65797K->24325K(128000K), 0.0024050 secs]
[GC 64773K->24333K(136192K), 0.0024780 secs]
[GC 72973K->24333K(135168K), 0.0025370 secs]
[GC 71949K->24317K(134144K), 0.0026460 secs]
[GC 70909K->24349K(133120K), 0.0024550 secs]
[GC 69917K->24349K(132096K), 0.0024440 secs]
[GC 68893K->24357K(131072K), 0.0029400 secs]
[GC 67877K->24357K(130048K), 0.0024430 secs]
[GC 66853K->24325K(129024K), 0.0025820 secs]
[GC 65797K->24357K(128000K), 0.0024000 secs]
[GC 64805K->24381K(126976K), 0.0024270 secs]
[GC 63805K->24381K(125952K), 0.0024230 secs]
[GC 62781K->24381K(133632K), 0.0027290 secs]
[GC 70461K->24381K(142848K), 0.0024080 secs]
[GC 79677K->24381K(141312K), 0.0024500 secs]
[GC 78141K->24397K(139776K), 0.0024670 secs]
[GC 76621K->24405K(138240K), 0.0024180 secs]
[GC 75093K->24405K(137216K), 0.0028770 secs]
[GC 74069K->24381K(136192K), 0.0026500 secs]
[GC 73021K->24413K(135168K), 0.0023950 secs]
[GC 72029K->24381K(134144K), 0.0026660 secs]
[GC 70973K->24429K(133120K), 0.0024460 secs]
[GC 69997K->24437K(132096K), 0.0025810 secs]
[GC 68981K->24437K(131072K), 0.0025230 secs]
[GC 67957K->24437K(130048K), 0.0024510 secs]
[GC 66933K->24437K(129024K), 0.0025550 secs]
[GC 65909K->24445K(128000K), 0.0024210 secs]
[GC 64893K->24445K(126976K), 0.0024930 secs]
[GC 63869K->24445K(135168K), 0.0024260 secs]
[GC 72061K->24445K(134144K), 0.0025160 secs]
[GC 71037K->24469K(133120K), 0.0024570 secs]
[GC 70037K->24477K(132096K), 0.0026340 secs]
[GC 69021K->24477K(131072K), 0.0024940 secs]
[GC 67997K->24493K(130048K), 0.0024540 secs]
[GC 66989K->24501K(129024K), 0.0026260 secs]
[GC 65973K->24501K(137728K), 0.0024560 secs]
[GC 74677K->24501K(136704K), 0.0024610 secs]
[GC 73653K->24501K(135680K), 0.0024880 secs]
[GC 72629K->24517K(134656K), 0.0023190 secs]
[GC 71621K->24517K(133632K), 0.0025080 secs]
[GC 70597K->24517K(132608K), 0.0024810 secs]
[GC 69573K->24517K(131584K), 0.0025170 secs]
[GC 68549K->24533K(130560K), 0.0024880 secs]
[GC 67541K->24533K(129536K), 0.0023890 secs]
[GC 66517K->24533K(128512K), 0.0024220 secs]
[GC 65493K->24501K(127488K), 0.0027130 secs]
[GC 64437K->24517K(126464K), 0.0024940 secs]
[GC 63429K->24517K(125440K), 0.0025810 secs]
[GC 62405K->24565K(133120K), 0.0025470 secs]
[GC 70133K->24565K(142336K), 0.0027580 secs]
[GC 79349K->24573K(140800K), 0.0024520 secs]
[GC 77821K->24573K(139264K), 0.0025840 secs]
[GC 76285K->24573K(137728K), 0.0024600 secs]
[GC 74749K->24573K(136704K), 0.0025160 secs]
[GC 73725K->24581K(135680K), 0.0024700 secs]
[GC 72709K->24549K(134656K), 0.0025210 secs]
[GC 71653K->24581K(133632K), 0.0024720 secs]
[GC 70661K->24589K(132608K), 0.0023620 secs]
[GC 69645K->24589K(131584K), 0.0024420 secs]
[GC 68621K->24589K(130560K), 0.0024630 secs]
[GC 67597K->24557K(129536K), 0.0031910 secs]
[GC 66541K->24541K(138240K), 0.0031930 secs]
[GC 75229K->24605K(148480K), 0.0024490 secs]
[GC 85533K->24605K(146944K), 0.0024600 secs]
[GC 83997K->24605K(145408K), 0.0024890 secs]
[GC 82461K->24629K(143872K), 0.0024880 secs]
[GC 80949K->24629K(142336K), 0.0025110 secs]
[GC 79413K->24629K(140800K), 0.0025660 secs]
[GC 77877K->24645K(139264K), 0.0024310 secs]
[GC 76357K->24661K(137728K), 0.0024190 secs]
[GC 74837K->24661K(136704K), 0.0023590 secs]
[GC 73813K->24661K(135680K), 0.0024260 secs]
[GC 72789K->24669K(134656K), 0.0025210 secs]
[GC 71773K->24669K(133632K), 0.0024430 secs]
[GC 70749K->24669K(132608K), 0.0025750 secs]
[GC 69725K->24637K(131584K), 0.0025520 secs]
[GC 68669K->24645K(130560K), 0.0027420 secs]
[GC 67653K->24677K(129536K), 0.0025170 secs]
[GC 66661K->24693K(128512K), 0.0024730 secs]
[GC 65653K->24693K(127488K), 0.0025110 secs]
[GC 64629K->24701K(126464K), 0.0024330 secs]
[GC 63613K->24701K(134656K), 0.0024160 secs]
[GC 71805K->24669K(144384K), 0.0028770 secs]
[GC 81501K->24701K(142848K), 0.0029210 secs]
[GC 79997K->24717K(141312K), 0.0024710 secs]
[GC 78477K->24717K(139776K), 0.0024160 secs]
[GC 76941K->24717K(138240K), 0.0024300 secs]
[GC 75405K->24725K(137216K), 0.0023550 secs]
[GC 74389K->24725K(136192K), 0.0023730 secs]
[GC 73365K->24725K(135168K), 0.0024920 secs]
[GC 72341K->24733K(134144K), 0.0025730 secs]
[GC 71325K->24733K(133120K), 0.0024440 secs]
[GC 70301K->24733K(132096K), 0.0024360 secs]
[GC 69277K->24733K(131072K), 0.0024750 secs]
[GC 68253K->24741K(130048K), 0.0024780 secs]
[GC 67237K->24741K(129024K), 0.0024800 secs]
[GC 66213K->24741K(128000K), 0.0024730 secs]
[GC 65189K->24741K(126976K), 0.0023990 secs]
[GC 64165K->24741K(135168K), 0.0024660 secs]
[GC 72357K->24765K(134144K), 0.0024850 secs]
[GC 71357K->24765K(133120K), 0.0023070 secs]
[GC 70333K->24765K(132096K), 0.0024690 secs]
[GC 69309K->24765K(131072K), 0.0025640 secs]
[GC 68285K->24741K(139776K), 0.0027870 secs]
[GC 76965K->24741K(138240K), 0.0026190 secs]
[GC 75429K->24773K(137216K), 0.0025620 secs]
[GC 74437K->24773K(136192K), 0.0027520 secs]
[GC 73413K->24789K(135168K), 0.0024430 secs]
[GC 72405K->24789K(134144K), 0.0024300 secs]
[GC 71381K->24789K(133120K), 0.0024440 secs]
[GC 70357K->24797K(132096K), 0.0025630 secs]
[GC 69341K->24765K(131072K), 0.0024760 secs]
[GC 68285K->24797K(130048K), 0.0023940 secs]
[GC 67293K->24797K(129024K), 0.0025180 secs]
[GC 66269K->24813K(128000K), 0.0024700 secs]
[GC 65261K->24813K(126976K), 0.0024830 secs]
[GC 64237K->24813K(135168K), 0.0025590 secs]
[GC 72425K->24813K(144896K), 0.0025900 secs]
[GC 82157K->24821K(143360K), 0.0026530 secs]
[GC 80629K->24837K(141824K), 0.0024160 secs]
[GC 79109K->24773K(140288K), 0.0026510 secs]
[GC 77509K->24805K(138752K), 0.0028070 secs]
[GC 76005K->24853K(137216K), 0.0025030 secs]
[GC 74517K->24821K(136192K), 0.0025890 secs]
[GC 73461K->24861K(135168K), 0.0024840 secs]
[GC 72476K->24837K(134144K), 0.0026260 secs]
[GC 71429K->24869K(133120K), 0.0024060 secs]
[GC 70437K->24877K(132096K), 0.0026390 secs]
[GC 69421K->24877K(131072K), 0.0024660 secs]
[GC 68397K->24885K(130048K), 0.0026060 secs]
[GC 67381K->24853K(129024K), 0.0025260 secs]
[GC 66325K->24885K(128000K), 0.0024580 secs]
[GC 65333K->24885K(126976K), 0.0023890 secs]
[GC 64309K->24893K(135168K), 0.0025900 secs]
[GC 72509K->24893K(144896K), 0.0025930 secs]
[GC 82237K->24893K(143360K), 0.0024760 secs]
[GC 80701K->24893K(141824K), 0.0025550 secs]
[GC 79165K->24869K(140288K), 0.0030250 secs]
[GC 77605K->24901K(138752K), 0.0025470 secs]
[GC 76101K->24901K(137216K), 0.0030160 secs]
[GC 74565K->24909K(136192K), 0.0028870 secs]
[GC 73549K->24909K(135168K), 0.0025310 secs]
[GC 72525K->24909K(134144K), 0.0025170 secs]
[GC 71501K->24925K(133120K), 0.0024650 secs]
[GC 70493K->24925K(132096K), 0.0025640 secs]
[GC 69469K->24925K(131072K), 0.0025300 secs]
[GC 68445K->24925K(130048K), 0.0024890 secs]
[GC 67421K->24933K(129024K), 0.0026360 secs]
[GC 66405K->24933K(128000K), 0.0025270 secs]
[GC 65381K->24933K(136192K), 0.0025460 secs]
[GC 73573K->24933K(135168K), 0.0024420 secs]
[GC 72549K->24941K(134144K), 0.0023060 secs]
[GC 71533K->24949K(133120K), 0.0025690 secs]
[GC 70517K->24949K(132096K), 0.0025110 secs]
[GC 69493K->24949K(131072K), 0.0025110 secs]
[GC 68469K->24957K(130048K), 0.0024290 secs]
[GC 67453K->24957K(129024K), 0.0025760 secs]
[GC 66429K->24973K(128000K), 0.0024150 secs]
[GC 65421K->24909K(126976K), 0.0025450 secs]
[GC 64333K->24941K(125952K), 0.0028810 secs]
[GC 63341K->24981K(133632K), 0.0024000 secs]
[GC 71061K->24981K(132608K), 0.0024830 secs]
[GC 70037K->24981K(131584K), 0.0025690 secs]
[GC 69013K->24917K(140800K), 0.0027210 secs]
[GC 78165K->24957K(139264K), 0.0027330 secs]
[GC 76669K->24989K(137728K), 0.0023410 secs]
[GC 75165K->24989K(136704K), 0.0025370 secs]
[GC 74141K->24997K(135680K), 0.0025940 secs]
[GC 73125K->24997K(134656K), 0.0024530 secs]
[GC 72101K->24997K(133632K), 0.0023830 secs]
[GC 71077K->24965K(132608K), 0.0025270 secs]
[GC 70021K->25013K(131584K), 0.0024860 secs]
[GC 69045K->25013K(130560K), 0.0024400 secs]
[GC 68021K->25013K(129536K), 0.0024300 secs]
[GC 66997K->24981K(128512K), 0.0025100 secs]
[GC 65941K->24989K(136704K), 0.0028580 secs]
[GC 74141K->25021K(135680K), 0.0024770 secs]
[GC 73149K->25021K(134656K), 0.0024870 secs]
[GC 72125K->25021K(133632K), 0.0025350 secs]
[GC 71101K->25037K(132608K), 0.0023920 secs]
[GC 70093K->25037K(131584K), 0.0026340 secs]
[GC 69069K->25037K(130560K), 0.0024500 secs]
[GC 68045K->25037K(129536K), 0.0025790 secs]
[GC 67021K->25053K(128512K), 0.0024610 secs]
[GC 66012K->25053K(127488K), 0.0024350 secs]
[GC 64989K->25053K(135680K), 0.0024520 secs]
[GC 73181K->25053K(134656K), 0.0025160 secs]
[GC 72157K->25061K(133632K), 0.0024410 secs]
[GC 71141K->25061K(132608K), 0.0025570 secs]
[GC 70117K->25061K(131584K), 0.0024770 secs]
[GC 69093K->25029K(130560K), 0.0025100 secs]
[GC 68037K->25085K(129536K), 0.0024480 secs]
[GC 67069K->25085K(128512K), 0.0025040 secs]
[GC 66045K->25085K(127488K), 0.0024400 secs]
[GC 65021K->25085K(135680K), 0.0024580 secs]
[GC 73213K->25085K(134656K), 0.0024930 secs]
[GC 72189K->25093K(133632K), 0.0025780 secs]
[GC 71173K->25093K(132608K), 0.0024470 secs]
[GC 70149K->25093K(131584K), 0.0032260 secs]
[GC 69125K->25117K(130560K), 0.0024080 secs]
[GC 68125K->25117K(129536K), 0.0024890 secs]
[GC 67101K->25117K(128512K), 0.0025310 secs]
[GC 66073K->25085K(127488K), 0.0024400 secs]
[GC 65019K->25125K(135680K), 0.0025070 secs]
[GC 73253K->25093K(134656K), 0.0025230 secs]
[GC 72197K->25125K(133632K), 0.0024500 secs]
[GC 71205K->25125K(132608K), 0.0024950 secs]
[GC 70181K->25141K(131584K), 0.0027030 secs]
[GC 69173K->25141K(130560K), 0.0022970 secs]
[GC 68149K->25141K(129536K), 0.0023410 secs]
[GC 67125K->25141K(128512K), 0.0024530 secs]
[GC 66101K->25141K(127488K), 0.0025570 secs]
[GC 65077K->25117K(135680K), 0.0026420 secs]
[GC 73245K->25149K(134656K), 0.0023930 secs]
[GC 72253K->25149K(133632K), 0.0023990 secs]
[GC 71229K->25149K(132608K), 0.0024450 secs]
[GC 70205K->25157K(131584K), 0.0025080 secs]
[GC 69189K->25125K(130560K), 0.0024260 secs]
[GC 68133K->25133K(129536K), 0.0024370 secs]
[GC 67117K->25133K(138240K), 0.0028370 secs]
[GC 75821K->25181K(137216K), 0.0024960 secs]
[GC 74845K->25181K(136192K), 0.0024710 secs]
[GC 73821K->25197K(135168K), 0.0025820 secs]
[GC 72813K->25165K(134144K), 0.0026530 secs]
[GC 71757K->25205K(133120K), 0.0026040 secs]
[GC 70773K->25205K(132096K), 0.0025630 secs]
[GC 69749K->25173K(131072K), 0.0024580 secs]
[GC 68693K->25221K(130048K), 0.0024480 secs]
[GC 67717K->25221K(129024K), 0.0024320 secs]
[GC 66693K->25221K(128000K), 0.0024960 secs]
[GC 65669K->25221K(136192K), 0.0024670 secs]
[GC 73861K->25221K(135168K), 0.0024590 secs]
[GC 72837K->25237K(134144K), 0.0025040 secs]
[GC 71829K->25237K(133120K), 0.0024500 secs]
[GC 70805K->25237K(132096K), 0.0024040 secs]
[GC 69781K->25237K(131072K), 0.0023940 secs]
[GC 68757K->25245K(130048K), 0.0024920 secs]
[GC 67741K->25245K(129024K), 0.0024230 secs]
[GC 66717K->25245K(128000K), 0.0023690 secs]
[GC 65693K->25245K(126976K), 0.0032250 secs]
[GC 64669K->25253K(135168K), 0.0026120 secs]
[GC 72869K->25253K(144896K), 0.0025920 secs]
[GC 82597K->25253K(143360K), 0.0024050 secs]
[GC 81061K->25269K(141824K), 0.0025000 secs]
[GC 79541K->25269K(140288K), 0.0024990 secs]
[GC 78005K->25269K(138752K), 0.0023950 secs]
[GC 76469K->25253K(137216K), 0.0024640 secs]
[GC 74917K->25293K(136192K), 0.0025080 secs]
[GC 73933K->25293K(135168K), 0.0025360 secs]
[GC 72909K->25293K(134144K), 0.0025260 secs]
[GC 71885K->25293K(133120K), 0.0024100 secs]
[GC 70861K->25309K(132096K), 0.0024990 secs]
[GC 69853K->25309K(131072K), 0.0025660 secs]
[GC 68829K->25309K(130048K), 0.0025030 secs]
[GC 67805K->25309K(129024K), 0.0024570 secs]
[GC 66781K->25317K(128000K), 0.0024090 secs]
[GC 65765K->25317K(126976K), 0.0025010 secs]
[GC 64741K->25317K(135168K), 0.0025630 secs]
[GC 72933K->25317K(134144K), 0.0025140 secs]
[GC 71909K->25325K(133120K), 0.0024820 secs]
[GC 70893K->25325K(132096K), 0.0025170 secs]
[GC 69869K->25325K(131072K), 0.0024740 secs]
[GC 68845K->25325K(130048K), 0.0025100 secs]
[GC 67821K->25333K(129024K), 0.0024610 secs]
[GC 66805K->25333K(128000K), 0.0024370 secs]
[GC 65781K->25333K(136192K), 0.0024910 secs]
[GC 73973K->25301K(135168K), 0.0024670 secs]
[GC 72917K->25349K(134144K), 0.0023770 secs]
[GC 71941K->25349K(133120K), 0.0023590 secs]
[GC 70917K->25349K(132096K), 0.0024750 secs]
[GC 69893K->25317K(131072K), 0.0024720 secs]
[GC 68837K->25325K(130048K), 0.0029670 secs]
[GC 67821K->25357K(129024K), 0.0024520 secs]
[GC 66829K->25357K(128000K), 0.0024530 secs]
[GC 65805K->25357K(126976K), 0.0024330 secs]
[GC 64781K->25365K(135168K), 0.0025080 secs]
[GC 72981K->25365K(134144K), 0.0024670 secs]
[GC 71957K->25365K(133120K), 0.0024720 secs]
[GC 70933K->25333K(132096K), 0.0028560 secs]
[GC 69877K->25381K(131072K), 0.0024340 secs]
[GC 68901K->25381K(130048K), 0.0025640 secs]
[GC 67877K->25381K(129024K), 0.0024970 secs]
[GC 66853K->25381K(128000K), 0.0024880 secs]
[GC 65829K->25389K(126976K), 0.0024790 secs]
[GC 64813K->25397K(125952K), 0.0025520 secs]
[GC 63797K->25365K(133632K), 0.0024630 secs]
[GC 71445K->25397K(142848K), 0.0025800 secs]
[GC 80693K->25405K(141312K), 0.0025600 secs]
[GC 79165K->25405K(139776K), 0.0025500 secs]
[GC 77629K->25373K(138240K), 0.0025910 secs]
[GC 76061K->25373K(137216K), 0.0025560 secs]
[GC 75037K->25413K(136192K), 0.0024520 secs]
[GC 74053K->25381K(135168K), 0.0025630 secs]
[GC 72997K->25413K(134144K), 0.0022640 secs]
[GC 72005K->25421K(133120K), 0.0025600 secs]
[GC 70989K->25421K(132096K), 0.0024300 secs]
[GC 69965K->25421K(131072K), 0.0026020 secs]
[GC 68938K->25421K(130048K), 0.0024140 secs]
[GC 67917K->25429K(129024K), 0.0029770 secs]
[GC 66901K->25429K(128000K), 0.0026250 secs]
[GC 65877K->25429K(126976K), 0.0024540 secs]
[GC 64853K->25429K(135168K), 0.0024330 secs]
[GC 73045K->25445K(134144K), 0.0028150 secs]
[GC 72037K->25445K(133120K), 0.0025750 secs]
[GC 71013K->25445K(132096K), 0.0025860 secs]
[GC 69989K->25445K(131072K), 0.0026410 secs]
[GC 68965K->25453K(130048K), 0.0023830 secs]
[GC 67949K->25453K(129024K), 0.0024600 secs]
[GC 66925K->25453K(128000K), 0.0024740 secs]
[GC 65901K->25453K(136192K), 0.0025920 secs]
[GC 74093K->25477K(135168K), 0.0025180 secs]
[GC 73093K->25477K(134144K), 0.0025050 secs]
[GC 72069K->25477K(133120K), 0.0024900 secs]
[GC 71045K->25477K(132096K), 0.0024240 secs]
[GC 70021K->25485K(131072K), 0.0026330 secs]
[GC 69005K->25485K(130048K), 0.0025030 secs]
[GC 67981K->25485K(129024K), 0.0024840 secs]
[GC 66957K->25485K(128000K), 0.0027390 secs]
[GC 65933K->25501K(126976K), 0.0025760 secs]
[GC 64925K->25501K(125952K), 0.0025460 secs]
[GC 63901K->25501K(133632K), 0.0024900 secs]
[GC 71581K->25501K(132608K), 0.0024100 secs]
[GC 70557K->25517K(131584K), 0.0027530 secs]
[GC 69549K->25517K(130560K), 0.0023980 secs]
[GC 68525K->25517K(129536K), 0.0024740 secs]
[GC 67501K->25517K(128512K), 0.0024980 secs]
[GC 66477K->25525K(127488K), 0.0024110 secs]
[GC 65461K->25525K(135680K), 0.0026430 secs]
[GC 73653K->25525K(134656K), 0.0026410 secs]
[GC 72629K->25525K(133632K), 0.0025080 secs]
[GC 71605K->25533K(132608K), 0.0025290 secs]
[GC 70589K->25533K(131584K), 0.0025160 secs]
[GC 69565K->25533K(130560K), 0.0024590 secs]
[GC 68541K->25533K(129536K), 0.0025550 secs]
[GC 67517K->25541K(128512K), 0.0024980 secs]
[GC 66501K->25541K(136704K), 0.0025640 secs]
[GC 74693K->25509K(135680K), 0.0026300 secs]
[GC 73637K->25509K(134656K), 0.0024970 secs]
[GC 72613K->25517K(133632K), 0.0026320 secs]
[GC 71597K->25549K(132608K), 0.0025870 secs]
[GC 70605K->25549K(131584K), 0.0024640 secs]
[GC 69581K->25549K(130560K), 0.0028000 secs]
[GC 68557K->25573K(129536K), 0.0024910 secs]
[GC 67557K->25573K(128512K), 0.0024260 secs]
[GC 66533K->25557K(136704K), 0.0025880 secs]
[GC 74709K->25589K(135680K), 0.0024900 secs]
[GC 73717K->25597K(134656K), 0.0025460 secs]
[GC 72701K->25565K(133632K), 0.0027840 secs]
[GC 71645K->25597K(132608K), 0.0024460 secs]
[GC 70652K->25597K(131584K), 0.0024780 secs]
[GC 69629K->25605K(130560K), 0.0024470 secs]
[GC 68613K->25605K(129536K), 0.0026030 secs]
[GC 67589K->25605K(128512K), 0.0025260 secs]
[GC 66565K->25605K(136704K), 0.0025010 secs]
[GC 74757K->25605K(135680K), 0.0024480 secs]
[GC 73733K->25613K(134656K), 0.0025370 secs]
[GC 72717K->25613K(133632K), 0.0024360 secs]
[GC 71693K->25613K(132608K), 0.0025580 secs]
[GC 70669K->25637K(131584K), 0.0024990 secs]
[GC 69669K->25645K(130560K), 0.0024690 secs]
[GC 68653K->25645K(129536K), 0.0024930 secs]
[GC 67629K->25645K(128512K), 0.0025140 secs]
[GC 66605K->25669K(127488K), 0.0025580 secs]
[GC 65605K->25669K(135680K), 0.0026890 secs]
[GC 73797K->25669K(134656K), 0.0024910 secs]
[GC 72773K->25669K(133632K), 0.0024870 secs]
[GC 71749K->25677K(132608K), 0.0024720 secs]
[GC 70733K->25677K(131584K), 0.0026330 secs]
[GC 69709K->25677K(130560K), 0.0023010 secs]
[GC 68685K->25645K(139264K), 0.0028130 secs]
[GC 77357K->25661K(137728K), 0.0027130 secs]
[GC 75837K->25693K(136704K), 0.0028720 secs]
[GC 74845K->25693K(135680K), 0.0026520 secs]
[GC 73821K->25661K(134656K), 0.0027780 secs]
[GC 72765K->25717K(133632K), 0.0025940 secs]
[GC 71797K->25717K(132608K), 0.0024770 secs]
[GC 70773K->25717K(131584K), 0.0026040 secs]
[GC 69749K->25733K(130560K), 0.0025090 secs]
[GC 68741K->25733K(129536K), 0.0023970 secs]
[GC 67717K->25733K(128512K), 0.0024870 secs]
[GC 66693K->25749K(127488K), 0.0025310 secs]
[GC 65685K->25749K(135680K), 0.0025200 secs]
[GC 73877K->25757K(134656K), 0.0025530 secs]
[GC 72861K->25757K(133632K), 0.0025050 secs]
[GC 71837K->25757K(132608K), 0.0024750 secs]
[GC 70813K->25757K(131584K), 0.0024200 secs]
[GC 69789K->25765K(130560K), 0.0024600 secs]
[GC 68773K->25765K(129536K), 0.0024940 secs]
[GC 67749K->25733K(128512K), 0.0024330 secs]
[GC 66693K->25765K(127488K), 0.0024730 secs]
[GC 65701K->25781K(135680K), 0.0025510 secs]
[GC 73909K->25781K(134656K), 0.0023270 secs]
[GC 72885K->25749K(133632K), 0.0025530 secs]
[GC 71829K->25781K(132608K), 0.0025910 secs]
[GC 70837K->25789K(131584K), 0.0025190 secs]
[GC 69821K->25789K(130560K), 0.0025390 secs]
[GC 68797K->25757K(129536K), 0.0027270 secs]
[GC 67741K->25757K(128512K), 0.0027150 secs]
[GC 66717K->25805K(127488K), 0.0024750 secs]
[GC 65741K->25821K(135680K), 0.0025800 secs]
[GC 73949K->25821K(134656K), 0.0024260 secs]
[GC 72925K->25757K(133632K), 0.0025570 secs]
[GC 71837K->25797K(132608K), 0.0025680 secs]
[GC 70853K->25829K(131584K), 0.0025320 secs]
[GC 69861K->25829K(130560K), 0.0025200 secs]
[GC 68837K->25829K(129536K), 0.0023730 secs]
[GC 67813K->25845K(128512K), 0.0024970 secs]
[GC 66805K->25845K(127488K), 0.0022980 secs]
[GC 65781K->25845K(135680K), 0.0024680 secs]
[GC 73973K->25845K(134656K), 0.0025080 secs]
[GC 72949K->25853K(133632K), 0.0025810 secs]
[GC 71933K->25861K(132608K), 0.0023870 secs]
[GC 70917K->25861K(131584K), 0.0025470 secs]
[GC 69893K->25861K(130560K), 0.0026070 secs]
[GC 68869K->25877K(129536K), 0.0024550 secs]
[GC 67861K->25877K(128512K), 0.0024270 secs]
[GC 66837K->25877K(127488K), 0.0025300 secs]
[GC 65813K->25877K(135680K), 0.0024670 secs]
[GC 74005K->25885K(134656K), 0.0025080 secs]
[GC 72989K->25885K(133632K), 0.0026370 secs]
[GC 71965K->25853K(132608K), 0.0033530 secs]
[GC 70909K->25901K(131584K), 0.0024530 secs]
[GC 69933K->25869K(130560K), 0.0024860 secs]
[GC 68877K->25877K(129536K), 0.0042150 secs]
[GC 67861K->25917K(128512K), 0.0042150 secs]
[GC 66877K->25925K(127488K), 0.0025890 secs]
[GC 65861K->25925K(135680K), 0.0041470 secs]
[GC 74053K->25925K(145408K), 0.0039210 secs]
[GC 83781K->25893K(157184K), 0.0035830 secs]
[GC 95525K->25933K(155136K), 0.0024370 secs]
[GC 93517K->25869K(153088K), 0.0029130 secs]
[GC 91405K->25949K(151040K), 0.0032010 secs]
[GC 89437K->25917K(148992K), 0.0043860 secs]
[GC 87357K->25973K(147456K), 0.0025960 secs]
[GC 85877K->25973K(145920K), 0.0026290 secs]
[GC 84341K->25973K(144384K), 0.0026260 secs]
[GC 82805K->25989K(142848K), 0.0024860 secs]
[GC 81285K->25989K(141312K), 0.0024660 secs]
[GC 79749K->25989K(139776K), 0.0024770 secs]
[GC 78213K->26005K(138240K), 0.0025390 secs]
[GC 76693K->26005K(137216K), 0.0036360 secs]
[GC 75669K->26005K(136192K), 0.0025240 secs]
[GC 74645K->25981K(135168K), 0.0025880 secs]
[GC 73597K->26013K(134144K), 0.0026000 secs]
[GC 72605K->26013K(133120K), 0.0027630 secs]
[GC 71581K->26037K(132096K), 0.0025980 secs]
[GC 70581K->26037K(131072K), 0.0026240 secs]
[GC 69557K->26053K(130048K), 0.0026010 secs]
[GC 68549K->26029K(129024K), 0.0038900 secs]
[GC 67501K->26061K(128000K), 0.0024920 secs]
[GC 66509K->26061K(126976K), 0.0025730 secs]
[GC 65485K->26061K(125952K), 0.0032660 secs]
[GC 64461K->26069K(133632K), 0.0037660 secs]
[GC 72149K->26069K(142848K), 0.0025180 secs]
[GC 81365K->26077K(154112K), 0.0044600 secs]
[GC 92637K->26085K(167424K), 0.0043560 secs]
[GC 105957K->26093K(164864K), 0.0025670 secs]
[GC 103405K->26101K(162304K), 0.0029760 secs]
[GC 100853K->26109K(159744K), 0.0023810 secs]
[GC 98301K->26133K(157696K), 0.0027980 secs]
[GC 96277K->26133K(155648K), 0.0029590 secs]
[GC 94229K->26141K(153600K), 0.0026530 secs]
[GC 92189K->26141K(151552K), 0.0026100 secs]
[GC 90141K->26141K(149504K), 0.0025530 secs]
[GC 88093K->26157K(147968K), 0.0027210 secs]
[GC 86573K->26157K(146432K), 0.0027610 secs]
[GC 85037K->26149K(144896K), 0.0036590 secs]
[GC 83493K->26149K(143360K), 0.0045970 secs]
[GC 81957K->26189K(141824K), 0.0045470 secs]
[GC 80461K->26189K(140288K), 0.0037360 secs]
[GC 78925K->26197K(138752K), 0.0030150 secs]
[GC 77397K->26197K(137216K), 0.0025800 secs]
[GC 75861K->26165K(136192K), 0.0026030 secs]
[GC 74805K->26205K(135168K), 0.0025050 secs]
[GC 73821K->26205K(134144K), 0.0025620 secs]
[GC 72797K->26173K(133120K), 0.0030960 secs]
[GC 71741K->26181K(132096K), 0.0038670 secs]
[GC 70725K->26213K(131072K), 0.0025310 secs]
[GC 69733K->26181K(130048K), 0.0025520 secs]
[GC 68677K->26165K(129024K), 0.0030660 secs]
[GC 67637K->26237K(128000K), 0.0025630 secs]
[GC 66685K->26237K(126976K), 0.0025060 secs]
[GC 65661K->26237K(135168K), 0.0038870 secs]
[GC 73853K->26253K(144896K), 0.0042970 secs]
[GC 83597K->26261K(143360K), 0.0025100 secs]
[GC 82069K->26269K(141824K), 0.0026210 secs]
[GC 80541K->26277K(140288K), 0.0025000 secs]
[GC 79013K->26245K(138752K), 0.0025330 secs]
[GC 77445K->26277K(137216K), 0.0025810 secs]
[GC 75941K->26293K(136192K), 0.0024530 secs]
[GC 74933K->26293K(135168K), 0.0040020 secs]
[GC 73909K->26293K(134144K), 0.0025700 secs]
[GC 72885K->26309K(133120K), 0.0024510 secs]
[GC 71877K->26325K(132096K), 0.0033880 secs]
[GC 70869K->26293K(141312K), 0.0041880 secs]
[GC 80053K->26293K(139776K), 0.0032560 secs]
[GC 78517K->26341K(138240K), 0.0024820 secs]
[GC 77029K->26341K(137216K), 0.0032640 secs]
[GC 76005K->26349K(136192K), 0.0024800 secs]
[GC 74989K->26349K(135168K), 0.0024850 secs]
[GC 73965K->26317K(134144K), 0.0037560 secs]
[GC 72909K->26357K(133120K), 0.0026220 secs]
[GC 71925K->26325K(132096K), 0.0028120 secs]
[GC 70869K->26325K(131072K), 0.0024540 secs]
[GC 69845K->26357K(130048K), 0.0025320 secs]
[GC 68853K->26373K(129024K), 0.0024640 secs]
[GC 67845K->26373K(128000K), 0.0026650 secs]
[GC 66817K->26373K(126976K), 0.0024490 secs]
[GC 65797K->26381K(125952K), 0.0030140 secs]
[GC 64781K->26381K(125440K), 0.0026480 secs]
[GC 64269K->26381K(133120K), 0.0044560 secs]
[GC 71949K->26397K(142336K), 0.0042150 secs]
[GC 81181K->26381K(153600K), 0.0025480 secs]
[GC 92429K->26413K(151552K), 0.0024110 secs]
[GC 90413K->26413K(149504K), 0.0024830 secs]
[GC 88365K->26437K(147968K), 0.0025640 secs]
[GC 86853K->26437K(146432K), 0.0023970 secs]
[GC 85317K->26453K(144896K), 0.0041840 secs]
[GC 83797K->26469K(143360K), 0.0023770 secs]
[GC 82277K->26469K(141824K), 0.0043330 secs]
[GC 80741K->26453K(140288K), 0.0032750 secs]
[GC 79189K->26453K(138752K), 0.0042950 secs]
[GC 77653K->26501K(137216K), 0.0023920 secs]
[GC 76165K->26501K(136192K), 0.0043320 secs]
[GC 75141K->26509K(135168K), 0.0025010 secs]
[GC 74125K->26517K(134144K), 0.0025920 secs]
[GC 73109K->26517K(133120K), 0.0024710 secs]
[GC 72085K->26517K(132096K), 0.0034110 secs]
[GC 71061K->26533K(141312K), 0.0046080 secs]
[GC 80293K->26533K(139776K), 0.0026230 secs]
[GC 78757K->26501K(138240K), 0.0027210 secs]
[GC 77189K->26541K(137216K), 0.0026350 secs]
[GC 76205K->26541K(136192K), 0.0025310 secs]
[GC 75181K->26509K(135168K), 0.0045460 secs]
[GC 74125K->26549K(134144K), 0.0032200 secs]
[GC 73141K->26565K(133120K), 0.0039140 secs]
[GC 72133K->26533K(132096K), 0.0028430 secs]
[GC 71077K->26581K(141312K), 0.0041500 secs]
[GC 80341K->26581K(152064K), 0.0043690 secs]
[GC 91093K->26581K(150016K), 0.0026960 secs]
[GC 89045K->26589K(148480K), 0.0039520 secs]
[GC 87517K->26589K(146944K), 0.0024980 secs]
[GC 85981K->26565K(145408K), 0.0030520 secs]
[GC 84421K->26597K(143872K), 0.0044820 secs]
[GC 82917K->26597K(142336K), 0.0032810 secs]
[GC 81381K->26573K(140800K), 0.0027650 secs]
[GC 79821K->26605K(139264K), 0.0025290 secs]
[GC 78317K->26605K(137728K), 0.0021250 secs]
[GC 76781K->26621K(136704K), 0.0025480 secs]
[GC 75773K->26621K(135680K), 0.0024710 secs]
[GC 74749K->26629K(134656K), 0.0025720 secs]
[GC 73733K->26597K(133632K), 0.0025640 secs]
[GC 72677K->26629K(132608K), 0.0025330 secs]
[GC 71685K->26629K(131584K), 0.0036900 secs]
[GC 70661K->26645K(130560K), 0.0025920 secs]
[GC 69653K->26645K(129536K), 0.0025510 secs]
[GC 68629K->26645K(128512K), 0.0032520 secs]
[GC 67605K->26621K(127488K), 0.0030070 secs]
[GC 66557K->26653K(126464K), 0.0025270 secs]
[GC 65565K->26653K(125440K), 0.0028970 secs]
[GC 64541K->26653K(133120K), 0.0040020 secs]
[GC 72221K->26661K(142336K), 0.0037960 secs]
[GC 81445K->26669K(153600K), 0.0025500 secs]
[GC 92717K->26669K(151552K), 0.0021740 secs]
[GC 90669K->26677K(149504K), 0.0027880 secs]
[GC 88629K->26677K(147968K), 0.0026320 secs]
[GC 87093K->26685K(146432K), 0.0028940 secs]
[GC 85565K->26685K(144896K), 0.0025750 secs]
[GC 84029K->26685K(143360K), 0.0025270 secs]
[GC 82493K->26693K(141824K), 0.0025410 secs]
[GC 80965K->26693K(140288K), 0.0029810 secs]
[GC 79429K->26717K(138752K), 0.0024470 secs]
[GC 77917K->26717K(137216K), 0.0025410 secs]
[GC 76381K->26693K(136192K), 0.0026330 secs]
[GC 75333K->26733K(135168K), 0.0022300 secs]
[GC 74349K->26733K(134144K), 0.0023020 secs]
[GC 73325K->26701K(133120K), 0.0043350 secs]
[GC 72269K->26733K(132096K), 0.0025940 secs]
[GC 71277K->26749K(131072K), 0.0025790 secs]
[GC 70269K->26749K(130048K), 0.0024610 secs]
[GC 69245K->26749K(129024K), 0.0025080 secs]
[GC 68221K->26757K(128000K), 0.0025570 secs]
[GC 67205K->26757K(126976K), 0.0034510 secs]
[GC 66181K->26757K(135168K), 0.0043440 secs]
[GC 74373K->26757K(144896K), 0.0032420 secs]
[GC 84101K->26773K(143360K), 0.0025790 secs]
[GC 82581K->26773K(154624K), 0.0041680 secs]
[GC 93845K->26773K(152576K), 0.0030050 secs]
[GC 91797K->26781K(150528K), 0.0029880 secs]
[GC 89757K->26781K(148480K), 0.0027790 secs]
[GC 87709K->26797K(146944K), 0.0038870 secs]
[GC 86189K->26797K(145408K), 0.0024630 secs]
[GC 84653K->26773K(143872K), 0.0027120 secs]
[GC 83093K->26805K(142336K), 0.0030410 secs]
[GC 81589K->26805K(140800K), 0.0021420 secs]
[GC 80053K->26781K(139264K), 0.0032400 secs]
[GC 78493K->26813K(137728K), 0.0025550 secs]
[GC 76989K->26813K(136704K), 0.0025050 secs]
[GC 75965K->26829K(135680K), 0.0025860 secs]
[GC 74957K->26837K(134656K), 0.0030770 secs]
[GC 73941K->26837K(133632K), 0.0024950 secs]
[GC 72917K->26853K(132608K), 0.0042770 secs]
[GC 71909K->26853K(131584K), 0.0023320 secs]
[GC 70885K->26853K(130560K), 0.0038010 secs]
[GC 69861K->26861K(129536K), 0.0031210 secs]
[GC 68845K->26861K(128512K), 0.0025170 secs]
[GC 67821K->26861K(127488K), 0.0024060 secs]
[GC 66797K->26829K(135680K), 0.0036180 secs]
[GC 74957K->26869K(134656K), 0.0027410 secs]
[GC 73973K->26869K(133632K), 0.0024990 secs]
[GC 72949K->26869K(142848K), 0.0047830 secs]
[GC 82165K->26893K(154112K), 0.0032160 secs]
[GC 93453K->26893K(152064K), 0.0027160 secs]
[GC 91405K->26893K(150016K), 0.0024510 secs]
[GC 89357K->26901K(148480K), 0.0044100 secs]
[GC 87829K->26901K(146944K), 0.0042490 secs]
[GC 86293K->26909K(145408K), 0.0025100 secs]
[GC 84765K->26909K(143872K), 0.0023400 secs]
[GC 83229K->26909K(142336K), 0.0024520 secs]
[GC 81693K->26917K(140800K), 0.0042830 secs]
[GC 80165K->26917K(139264K), 0.0025500 secs]
[GC 78629K->26933K(137728K), 0.0033360 secs]
[GC 77109K->26885K(136704K), 0.0039870 secs]
[GC 76037K->26949K(135680K), 0.0038240 secs]
[GC 75077K->26957K(145408K), 0.0041300 secs]
[GC 84810K->26957K(143872K), 0.0034530 secs]
[GC 83277K->26925K(142336K), 0.0026650 secs]
[GC 81709K->26965K(140800K), 0.0024980 secs]
[GC 80213K->26965K(139264K), 0.0026810 secs]
[GC 78677K->26989K(137728K), 0.0025570 secs]
[GC 77165K->26957K(136704K), 0.0024960 secs]
[GC 76109K->26989K(135680K), 0.0025460 secs]
[GC 75117K->26997K(134656K), 0.0025150 secs]
[GC 74101K->26997K(133632K), 0.0026890 secs]
[GC 73077K->26997K(132608K), 0.0023500 secs]
[GC 72053K->27005K(131584K), 0.0023780 secs]
[GC 71037K->27005K(130560K), 0.0023600 secs]
[GC 70013K->27005K(129536K), 0.0033300 secs]
[GC 68989K->27005K(128512K), 0.0027790 secs]
[GC 67965K->27013K(127488K), 0.0025360 secs]
[GC 66949K->27013K(126464K), 0.0024250 secs]
[GC 65922K->27013K(125440K), 0.0027120 secs]
[GC 64901K->27013K(124928K), 0.0023690 secs]
[GC 64389K->27021K(124416K), 0.0025560 secs]
[GC 63885K->27021K(123904K), 0.0024810 secs]
[GC 63373K->27021K(131584K), 0.0033640 secs]
[GC 71053K->27021K(140800K), 0.0029030 secs]
[GC 80269K->27037K(139264K), 0.0027860 secs]
[GC 78749K->27037K(137728K), 0.0025540 secs]
[GC 77213K->27037K(136704K), 0.0038580 secs]
[GC 76189K->27045K(135680K), 0.0025820 secs]
[GC 75173K->27045K(134656K), 0.0024110 secs]
[GC 74149K->27013K(133632K), 0.0027590 secs]
[GC 73093K->27061K(132608K), 0.0024550 secs]
[GC 72117K->27061K(131584K), 0.0038650 secs]
[GC 71093K->27061K(130560K), 0.0032220 secs]
[GC 70069K->27061K(129536K), 0.0027560 secs]
[GC 69045K->27069K(138240K), 0.0030240 secs]
[GC 77757K->27069K(137216K), 0.0024260 secs]
[GC 76733K->27069K(136192K), 0.0026260 secs]
[GC 75709K->27085K(135168K), 0.0024160 secs]
[GC 74701K->27085K(134144K), 0.0025730 secs]
[GC 73677K->27053K(133120K), 0.0027470 secs]
[GC 72621K->27101K(132096K), 0.0024360 secs]
[GC 71645K->27101K(131072K), 0.0025370 secs]
[GC 70621K->27101K(130048K), 0.0030010 secs]
[GC 69597K->27101K(129024K), 0.0039140 secs]
[GC 68573K->27125K(128000K), 0.0025020 secs]
[GC 67573K->27125K(136192K), 0.0043230 secs]
[GC 75765K->27125K(145920K), 0.0029710 secs]
[GC 85493K->27133K(144384K), 0.0025650 secs]
[GC 83965K->27133K(142848K), 0.0025140 secs]
[GC 82429K->27133K(141312K), 0.0030600 secs]
[GC 80893K->27117K(139776K), 0.0031080 secs]
[GC 79341K->27125K(138240K), 0.0025160 secs]
[GC 77813K->27157K(137216K), 0.0024710 secs]
[GC 76821K->27181K(136192K), 0.0043960 secs]
[GC 75821K->27181K(135168K), 0.0041310 secs]
[GC 74797K->27181K(134144K), 0.0024210 secs]
[GC 73773K->27197K(133120K), 0.0040370 secs]
[GC 72765K->27197K(142336K), 0.0042680 secs]
[GC 81981K->27197K(140800K), 0.0029210 secs]
[GC 80445K->27221K(139264K), 0.0029250 secs]
[GC 78933K->27221K(137728K), 0.0024530 secs]
[GC 77397K->27221K(136704K), 0.0025660 secs]
[GC 76373K->27197K(135680K), 0.0033370 secs]
[GC 75325K->27197K(134656K), 0.0025820 secs]
[GC 74301K->27229K(133632K), 0.0041900 secs]
[GC 73309K->27237K(132608K), 0.0025110 secs]
[GC 72293K->27173K(131584K), 0.0027550 secs]
[GC 71205K->27237K(130560K), 0.0039900 secs]
[GC 70245K->27245K(139264K), 0.0032310 secs]
[GC 78957K->27245K(137728K), 0.0024810 secs]
[GC 77421K->27245K(136704K), 0.0025080 secs]
[GC 76397K->27221K(146944K), 0.0049160 secs]
[GC 86613K->27253K(145408K), 0.0025170 secs]
[GC 85109K->27253K(143872K), 0.0026140 secs]
[GC 83573K->27261K(142336K), 0.0043140 secs]
[GC 82045K->27261K(140800K), 0.0024200 secs]
[GC 80509K->27261K(139264K), 0.0025220 secs]
[GC 78973K->27285K(137728K), 0.0026100 secs]
[GC 77461K->27285K(136704K), 0.0024380 secs]
[GC 76437K->27293K(135680K), 0.0026630 secs]
[GC 75421K->27293K(134656K), 0.0025440 secs]
[GC 74397K->27293K(133632K), 0.0025120 secs]
[GC 73373K->27293K(132608K), 0.0031230 secs]
[GC 72349K->27301K(131584K), 0.0023830 secs]
[GC 71333K->27301K(130560K), 0.0039320 secs]
[GC 70309K->27309K(129536K), 0.0024010 secs]
[GC 69293K->27285K(128512K), 0.0022670 secs]
[GC 68245K->27293K(127488K), 0.0025940 secs]
[GC 67229K->27325K(126464K), 0.0024010 secs]
[GC 66237K->27333K(125440K), 0.0024450 secs]
[GC 65221K->27333K(124928K), 0.0029970 secs]
[GC 64709K->27333K(124416K), 0.0031370 secs]
[GC 64197K->27333K(132096K), 0.0038300 secs]
[GC 71877K->27341K(141312K), 0.0038940 secs]
[GC 81101K->27341K(152064K), 0.0027180 secs]
[GC 91853K->27341K(150016K), 0.0026670 secs]
[GC 89805K->27349K(148480K), 0.0023230 secs]
[GC 88277K->27349K(146944K), 0.0024200 secs]
[GC 86741K->27317K(145408K), 0.0025520 secs]
[GC 85173K->27373K(143872K), 0.0025570 secs]
[GC 83693K->27373K(142336K), 0.0028780 secs]
[GC 82157K->27389K(140800K), 0.0024130 secs]
[GC 80637K->27389K(139264K), 0.0035390 secs]
[GC 79101K->27357K(137728K), 0.0036330 secs]
[GC 77533K->27413K(136704K), 0.0043380 secs]
[GC 76565K->27413K(135680K), 0.0025160 secs]
[GC 75541K->27413K(134656K), 0.0024990 secs]
[GC 74517K->27429K(133632K), 0.0025180 secs]
[GC 73509K->27429K(132608K), 0.0024430 secs]
[GC 72485K->27445K(131584K), 0.0025310 secs]
[GC 71477K->27453K(130560K), 0.0024570 secs]
[GC 70461K->27453K(129536K), 0.0037600 secs]
[GC 69437K->27453K(138240K), 0.0035180 secs]
[GC 78141K->27453K(137216K), 0.0023900 secs]
[GC 77117K->27469K(136192K), 0.0027310 secs]
[GC 76109K->27469K(135168K), 0.0038230 secs]
[GC 75085K->27469K(134144K), 0.0026940 secs]
[GC 74061K->27485K(133120K), 0.0024450 secs]
[GC 73053K->27485K(132096K), 0.0024030 secs]
[GC 72029K->27453K(131072K), 0.0026360 secs]
[GC 70973K->27493K(130048K), 0.0025120 secs]
[GC 69989K->27493K(129024K), 0.0024750 secs]
[GC 68965K->27493K(128000K), 0.0024520 secs]
[GC 67941K->27501K(126976K), 0.0027860 secs]
[GC 66925K->27485K(135168K), 0.0035810 secs]
[GC 75101K->27517K(134144K), 0.0024050 secs]
[GC 74109K->27517K(133120K), 0.0035200 secs]
[GC 73085K->27533K(132096K), 0.0030690 secs]
[GC 72077K->27533K(141312K), 0.0042830 secs]
[GC 81293K->27533K(152064K), 0.0039580 secs]
[GC 92045K->27549K(150016K), 0.0025160 secs]
[GC 90013K->27549K(148480K), 0.0030020 secs]
[GC 88477K->27565K(146944K), 0.0031470 secs]
[GC 86957K->27573K(145408K), 0.0030400 secs]
[GC 85429K->27589K(143872K), 0.0039940 secs]
[GC 83909K->27565K(142336K), 0.0026700 secs]
[GC 82349K->27597K(140800K), 0.0041330 secs]
[GC 80845K->27597K(139264K), 0.0025640 secs]
[GC 79309K->27605K(137728K), 0.0042920 secs]
[GC 77781K->27605K(136704K), 0.0025310 secs]
[GC 76757K->27605K(135680K), 0.0026570 secs]
[GC 75733K->27621K(134656K), 0.0024510 secs]
[GC 74725K->27621K(133632K), 0.0031820 secs]
[GC 73701K->27621K(132608K), 0.0027760 secs]
[GC 72674K->27645K(131584K), 0.0034720 secs]
[GC 71677K->27645K(130560K), 0.0026350 secs]
[GC 70653K->27645K(129536K), 0.0042510 secs]
[GC 69629K->27661K(128512K), 0.0024660 secs]
[GC 68621K->27661K(127488K), 0.0024920 secs]
[GC 67597K->27661K(135680K), 0.0036960 secs]
[GC 75789K->27661K(145408K), 0.0040190 secs]
[GC 85517K->27669K(157184K), 0.0035550 secs]
[GC 97301K->27669K(155136K), 0.0039970 secs]
[GC 95253K->27685K(153088K), 0.0023200 secs]
[GC 93221K->27685K(151040K), 0.0038320 secs]
[GC 91173K->27685K(148992K), 0.0028880 secs]
[GC 89125K->27693K(147456K), 0.0022400 secs]
[GC 87597K->27693K(145920K), 0.0024730 secs]
[GC 86061K->27669K(144384K), 0.0025630 secs]
[GC 84501K->27701K(142848K), 0.0025700 secs]
[GC 82997K->27701K(141312K), 0.0026310 secs]
[GC 81461K->27709K(139776K), 0.0024690 secs]
[GC 79933K->27677K(138240K), 0.0027370 secs]
[GC 78365K->27677K(137216K), 0.0025540 secs]
[GC 77341K->27717K(136192K), 0.0031880 secs]
[GC 76357K->27717K(135168K), 0.0023660 secs]
[GC 75333K->27717K(134144K), 0.0024850 secs]
[GC 74309K->27725K(133120K), 0.0036920 secs]
[GC 73293K->27725K(132096K), 0.0040250 secs]
[GC 72269K->27725K(141312K), 0.0042720 secs]
[GC 81485K->27701K(152064K), 0.0034650 secs]
[GC 92213K->27733K(150016K), 0.0025150 secs]
[GC 90197K->27749K(148480K), 0.0025260 secs]
[GC 88677K->27765K(146944K), 0.0024410 secs]
[GC 87157K->27781K(145408K), 0.0024980 secs]
[GC 85637K->27789K(143872K), 0.0031310 secs]
[GC 84109K->27757K(142336K), 0.0030550 secs]
[GC 82541K->27757K(140800K), 0.0031180 secs]
[GC 81005K->27773K(139264K), 0.0025870 secs]
[GC 79485K->27773K(137728K), 0.0034610 secs]
[GC 77949K->27805K(136704K), 0.0026210 secs]
[GC 76957K->27821K(135680K), 0.0025570 secs]
[GC 75949K->27821K(134656K), 0.0023920 secs]
[GC 74925K->27789K(133632K), 0.0038130 secs]
[GC 73869K->27837K(132608K), 0.0025290 secs]
[GC 72893K->27837K(131584K), 0.0036210 secs]
[GC 71869K->27837K(130560K), 0.0024430 secs]
[GC 70845K->27837K(129536K), 0.0029010 secs]
[GC 69821K->27845K(128512K), 0.0024840 secs]
[GC 68805K->27845K(127488K), 0.0026200 secs]
[GC 67781K->27845K(126464K), 0.0032600 secs]
[GC 66757K->27861K(134656K), 0.0065290 secs]
[GC 74965K->27861K(144384K), 0.0024060 secs]
[GC 84693K->27861K(156160K), 0.0047520 secs]
[GC 96469K->27869K(154112K), 0.0024780 secs]
[GC 94429K->27869K(152064K), 0.0041450 secs]
[GC 92381K->27885K(150016K), 0.0025460 secs]
[GC 90349K->27885K(148480K), 0.0027510 secs]
[GC 88813K->27853K(146944K), 0.0028160 secs]
[GC 87245K->27901K(145408K), 0.0024560 secs]
[GC 85757K->27901K(143872K), 0.0023640 secs]
[GC 84221K->27877K(142336K), 0.0026540 secs]
[GC 82661K->27925K(140800K), 0.0025300 secs]
[GC 81173K->27925K(139264K), 0.0043770 secs]
[GC 79637K->27933K(137728K), 0.0043840 secs]
[GC 78109K->27933K(136704K), 0.0039960 secs]
[GC 77085K->27933K(135680K), 0.0025120 secs]
[GC 76061K->27941K(134656K), 0.0024630 secs]
[GC 75045K->27877K(133632K), 0.0042000 secs]
[GC 73957K->27941K(142848K), 0.0038370 secs]
[GC 83237K->27949K(141312K), 0.0025120 secs]
[GC 81709K->27965K(139776K), 0.0040010 secs]
[GC 80189K->27965K(138240K), 0.0032940 secs]
[GC 78653K->27981K(137216K), 0.0025100 secs]
[GC 77645K->27981K(136192K), 0.0025560 secs]
[GC 76621K->27989K(135168K), 0.0024460 secs]
[GC 75605K->27997K(134144K), 0.0022240 secs]
[GC 74589K->27997K(133120K), 0.0023940 secs]
[GC 73565K->27997K(132096K), 0.0024750 secs]
[GC 72541K->28005K(131072K), 0.0024930 secs]
[GC 71525K->28005K(130048K), 0.0023180 secs]
[GC 70501K->28005K(129024K), 0.0030070 secs]
[GC 69477K->27981K(128000K), 0.0026460 secs]
[GC 68429K->28013K(126976K), 0.0041220 secs]
[GC 67437K->28029K(135168K), 0.0037140 secs]
[GC 75645K->28029K(144896K), 0.0026400 secs]
[GC 85373K->28037K(143360K), 0.0029900 secs]
[GC 83845K->28005K(141824K), 0.0025190 secs]
[GC 82277K->28037K(140288K), 0.0025660 secs]
[GC 80773K->28053K(138752K), 0.0024270 secs]
[GC 79253K->28053K(137216K), 0.0031690 secs]
[GC 77717K->28053K(136192K), 0.0027760 secs]
[GC 76693K->28069K(135168K), 0.0028600 secs]
[GC 75685K->28037K(134144K), 0.0026460 secs]
[GC 74629K->28069K(133120K), 0.0024450 secs]
[GC 73637K->28077K(132096K), 0.0040100 secs]
[GC 72621K->28077K(131072K), 0.0035920 secs]
[GC 71597K->28093K(130048K), 0.0027580 secs]
[GC 70589K->28101K(129024K), 0.0023720 secs]
[GC 69573K->28101K(128000K), 0.0024180 secs]
[GC 68549K->28101K(126976K), 0.0027190 secs]
[GC 67525K->28101K(125952K), 0.0023930 secs]
[GC 66501K->28109K(125440K), 0.0026140 secs]
[GC 65997K->28109K(124928K), 0.0023430 secs]
[GC 65485K->28109K(132608K), 0.0032160 secs]
[GC 73165K->28109K(141824K), 0.0036030 secs]
[GC 82381K->28125K(140288K), 0.0024310 secs]
[GC 80861K->28125K(138752K), 0.0024030 secs]
[GC 79325K->28093K(137216K), 0.0037840 secs]
[GC 77757K->28133K(136192K), 0.0023480 secs]
[GC 76773K->28133K(135168K), 0.0024920 secs]
[GC 75749K->28133K(134144K), 0.0025110 secs]
[GC 74725K->28141K(133120K), 0.0028570 secs]
[GC 73709K->28141K(132096K), 0.0024320 secs]
[GC 72685K->28077K(131072K), 0.0047020 secs]
[GC 71597K->28149K(130048K), 0.0024010 secs]
[GC 70645K->28149K(129024K), 0.0024610 secs]
[GC 69621K->28149K(128000K), 0.0026110 secs]
[GC 68597K->28149K(126976K), 0.0030550 secs]
[GC 67573K->28165K(125952K), 0.0025770 secs]
[GC 66565K->28165K(125440K), 0.0024830 secs]
[GC 66053K->28165K(124928K), 0.0024050 secs]
[GC 65541K->28165K(124416K), 0.0025190 secs]
[GC 65029K->28189K(123904K), 0.0025960 secs]
[GC 64541K->28189K(123392K), 0.0024710 secs]
[GC 64029K->28197K(122880K), 0.0023860 secs]
[GC 63525K->28197K(122368K), 0.0025460 secs]
[GC 63013K->28173K(129536K), 0.0030040 secs]
[GC 70157K->28221K(128512K), 0.0024900 secs]
[GC 69181K->28157K(136704K), 0.0040640 secs]
[GC 77309K->28189K(146944K), 0.0036250 secs]
[GC 87581K->28237K(159232K), 0.0032830 secs]
[GC 99917K->28237K(157184K), 0.0027050 secs]
[GC 97869K->28253K(155136K), 0.0023890 secs]
[GC 95837K->28253K(153088K), 0.0024810 secs]
[GC 93789K->28261K(151040K), 0.0025160 secs]
[GC 91749K->28277K(148992K), 0.0024480 secs]
[GC 89717K->28277K(147456K), 0.0024660 secs]
[GC 88181K->28285K(145920K), 0.0026800 secs]
[GC 86650K->28285K(144384K), 0.0040020 secs]
[GC 85117K->28293K(142848K), 0.0024840 secs]
[GC 83589K->28293K(141312K), 0.0031860 secs]
[GC 82053K->28293K(139776K), 0.0025960 secs]
[GC 80517K->28309K(138240K), 0.0024960 secs]
[GC 78997K->28309K(137216K), 0.0024380 secs]
[GC 77973K->28245K(136192K), 0.0031670 secs]
[GC 76885K->28317K(135168K), 0.0024900 secs]
[GC 75933K->28333K(134144K), 0.0025240 secs]
[GC 74925K->28333K(133120K), 0.0023670 secs]
[GC 73901K->28341K(132096K), 0.0024500 secs]
[GC 72885K->28341K(131072K), 0.0027600 secs]
[GC 71861K->28341K(130048K), 0.0025720 secs]
[GC 70837K->28341K(129024K), 0.0024170 secs]
[GC 69813K->28349K(137728K), 0.0045770 secs]
[GC 78525K->28349K(136704K), 0.0024630 secs]
[GC 77501K->28349K(135680K), 0.0026280 secs]
[GC 76477K->28357K(134656K), 0.0024800 secs]
[GC 75461K->28357K(133632K), 0.0026260 secs]
[GC 74437K->28325K(142848K), 0.0051330 secs]
[GC 83621K->28373K(154112K), 0.0043590 secs]
[GC 94933K->28373K(152064K), 0.0024340 secs]
[GC 92885K->28373K(150016K), 0.0026390 secs]
[GC 90837K->28381K(148480K), 0.0034820 secs]
[GC 89309K->28381K(146944K), 0.0025060 secs]
[GC 87773K->28397K(145408K), 0.0025700 secs]
[GC 86253K->28397K(143872K), 0.0034240 secs]
[GC 84717K->28397K(142336K), 0.0029820 secs]
[GC 83181K->28413K(140800K), 0.0039110 secs]
[GC 81661K->28413K(139264K), 0.0037880 secs]
[GC 80125K->28413K(137728K), 0.0042360 secs]
[GC 78589K->28429K(136704K), 0.0024380 secs]
[GC 77581K->28429K(135680K), 0.0039600 secs]
[GC 76557K->28445K(145408K), 0.0038850 secs]
[GC 86301K->28453K(143872K), 0.0030090 secs]
[GC 84773K->28421K(142336K), 0.0027970 secs]
[GC 83205K->28461K(140800K), 0.0025960 secs]
[GC 81709K->28461K(139264K), 0.0021870 secs]
[GC 80173K->28461K(137728K), 0.0021830 secs]
[GC 78637K->28469K(136704K), 0.0041160 secs]
[GC 77621K->28469K(135680K), 0.0030210 secs]
[GC 76597K->28469K(134656K), 0.0041940 secs]
[GC 75573K->28477K(133632K), 0.0023720 secs]
[GC 74557K->28485K(132608K), 0.0032660 secs]
[GC 73541K->28485K(131584K), 0.0025170 secs]
[GC 72517K->28485K(130560K), 0.0023710 secs]
[GC 71493K->28461K(129536K), 0.0025640 secs]
[GC 70445K->28493K(128512K), 0.0024970 secs]
[GC 69453K->28493K(127488K), 0.0027550 secs]
[GC 68429K->28509K(126464K), 0.0025060 secs]
[GC 67421K->28509K(125440K), 0.0034090 secs]
[GC 66397K->28509K(124928K), 0.0024330 secs]
[GC 65885K->28509K(124416K), 0.0023740 secs]
[GC 65373K->28517K(132096K), 0.0038920 secs]
[GC 73061K->28517K(141312K), 0.0025190 secs]
[GC 82277K->28517K(139776K), 0.0023510 secs]
[GC 80741K->28517K(138240K), 0.0037260 secs]
[GC 79205K->28533K(148480K), 0.0038620 secs]
[GC 89461K->28533K(146944K), 0.0026290 secs]
[GC 87925K->28549K(145408K), 0.0024490 secs]
[GC 86405K->28549K(143872K), 0.0031150 secs]
[GC 84869K->28549K(142336K), 0.0025060 secs]
[GC 83333K->28565K(140800K), 0.0025220 secs]
[GC 81813K->28565K(139264K), 0.0024700 secs]
[GC 80277K->28565K(137728K), 0.0024970 secs]
[GC 78741K->28589K(136704K), 0.0026540 secs]
[GC 77741K->28589K(135680K), 0.0037940 secs]
[GC 76717K->28557K(134656K), 0.0030920 secs]
[GC 75661K->28597K(133632K), 0.0040560 secs]
[GC 74677K->28597K(132608K), 0.0024120 secs]
[GC 73653K->28565K(131584K), 0.0025810 secs]
[GC 72597K->28549K(140800K), 0.0040240 secs]
[GC 81797K->28613K(139264K), 0.0023940 secs]
[GC 80325K->28613K(137728K), 0.0025930 secs]
[GC 78789K->28637K(136704K), 0.0027670 secs]
[GC 77789K->28645K(135680K), 0.0024350 secs]
[GC 76773K->28653K(134656K), 0.0023580 secs]
[GC 75757K->28661K(133632K), 0.0024570 secs]
[GC 74741K->28661K(132608K), 0.0039310 secs]
[GC 73717K->28661K(131584K), 0.0023870 secs]
[GC 72693K->28661K(130560K), 0.0025620 secs]
[GC 71669K->28669K(129536K), 0.0024780 secs]
[GC 70653K->28669K(128512K), 0.0024540 secs]
[GC 69629K->28669K(127488K), 0.0024220 secs]
[GC 68605K->28685K(126464K), 0.0025870 secs]
[GC 67597K->28685K(125440K), 0.0031720 secs]
[GC 66573K->28685K(133120K), 0.0032340 secs]
[GC 74253K->28685K(142336K), 0.0037800 secs]
[GC 83469K->28693K(140800K), 0.0024900 secs]
[GC 81941K->28661K(151552K), 0.0043050 secs]
[GC 92661K->28693K(149504K), 0.0024120 secs]
[GC 90645K->28701K(147968K), 0.0028870 secs]
[GC 89117K->28701K(146432K), 0.0043130 secs]
[GC 87581K->28717K(144896K), 0.0035390 secs]
[GC 86061K->28717K(143360K), 0.0028200 secs]
[GC 84525K->28717K(141824K), 0.0025580 secs]
[GC 82989K->28733K(140288K), 0.0045650 secs]
[GC 81469K->28701K(138752K), 0.0034220 secs]
[GC 79901K->28741K(137216K), 0.0024550 secs]
[GC 78405K->28741K(136192K), 0.0024520 secs]
[GC 77381K->28741K(135168K), 0.0033140 secs]
[GC 76357K->28749K(134144K), 0.0034600 secs]
[GC 75341K->28717K(133120K), 0.0036380 secs]
[GC 74285K->28749K(132096K), 0.0031660 secs]
[GC 73293K->28757K(131072K), 0.0033920 secs]
[GC 72277K->28757K(130048K), 0.0022930 secs]
[GC 71253K->28725K(129024K), 0.0033800 secs]
[GC 70197K->28765K(128000K), 0.0028480 secs]
[GC 69213K->28701K(126976K), 0.0033750 secs]
[GC 68125K->28765K(135168K), 0.0037310 secs]
[GC 76381K->28773K(144896K), 0.0042590 secs]
[GC 86117K->28773K(143360K), 0.0024130 secs]
[GC 84581K->28773K(141824K), 0.0023880 secs]
[GC 83045K->28781K(140288K), 0.0025720 secs]
[GC 81517K->28781K(138752K), 0.0025000 secs]
[GC 79981K->28789K(137216K), 0.0025060 secs]
[GC 78453K->28789K(136192K), 0.0024780 secs]
[GC 77429K->28789K(135168K), 0.0025100 secs]
[GC 76405K->28789K(134144K), 0.0026100 secs]
[GC 75381K->28813K(133120K), 0.0025570 secs]
[GC 74381K->28813K(132096K), 0.0026560 secs]
[GC 73357K->28813K(131072K), 0.0025970 secs]
[GC 72333K->28821K(130048K), 0.0024410 secs]
[GC 71317K->28837K(129024K), 0.0024810 secs]
[GC 70309K->28837K(128000K), 0.0026060 secs]
[GC 69285K->28837K(126976K), 0.0024990 secs]
[GC 68261K->28837K(125952K), 0.0024980 secs]
[GC 67237K->28845K(133632K), 0.0025720 secs]
[GC 74925K->28845K(142848K), 0.0028220 secs]
[GC 84141K->28813K(141312K), 0.0032510 secs]
[GC 82573K->28853K(139776K), 0.0024890 secs]
[GC 81077K->28853K(138240K), 0.0025520 secs]
[GC 79541K->28789K(137216K), 0.0026980 secs]
[GC 78453K->28853K(136192K), 0.0023170 secs]
[GC 77493K->28861K(135168K), 0.0022910 secs]
[GC 76477K->28861K(134144K), 0.0024350 secs]
[GC 75453K->28861K(133120K), 0.0022970 secs]
[GC 74429K->28877K(132096K), 0.0025790 secs]
[GC 73421K->28877K(131072K), 0.0025080 secs]
[GC 72397K->28877K(130048K), 0.0023900 secs]
[GC 71373K->28885K(129024K), 0.0024670 secs]
[GC 70357K->28901K(128000K), 0.0026020 secs]
[GC 69349K->28909K(126976K), 0.0023690 secs]
[GC 68333K->28909K(125952K), 0.0022410 secs]
[GC 67309K->28909K(133632K), 0.0023770 secs]
[GC 74989K->28909K(132608K), 0.0024010 secs]
[GC 73965K->28917K(131584K), 0.0023390 secs]
[GC 72949K->28917K(130560K), 0.0027090 secs]
[GC 71925K->28917K(129536K), 0.0023070 secs]
[GC 70901K->28917K(128512K), 0.0024900 secs]
[GC 69877K->28925K(127488K), 0.0024800 secs]
[GC 68861K->28925K(126464K), 0.0024240 secs]
[GC 67837K->28925K(125440K), 0.0023710 secs]
[GC 66813K->28925K(133120K), 0.0024130 secs]
[GC 74493K->28933K(132096K), 0.0023750 secs]
[GC 73477K->28933K(131072K), 0.0031480 secs]
[GC 72453K->28933K(130048K), 0.0025930 secs]
[GC 71429K->28933K(129024K), 0.0023360 secs]
[GC 70405K->28909K(128000K), 0.0024200 secs]
[GC 69357K->28909K(126976K), 0.0025400 secs]
[GC 68333K->28941K(125952K), 0.0023670 secs]
[GC 67341K->28925K(125440K), 0.0024520 secs]
[GC 66813K->28893K(124928K), 0.0038290 secs]
[GC 66269K->28957K(124416K), 0.0027530 secs]
[GC 65821K->28965K(123904K), 0.0025720 secs]
[GC 65317K->28901K(123392K), 0.0030450 secs]
[GC 64741K->28965K(122880K), 0.0026470 secs]
[GC 64293K->28973K(122368K), 0.0023690 secs]
[GC 63789K->28941K(121856K), 0.0025110 secs]
[GC 63245K->28973K(129024K), 0.0024770 secs]
[GC 70445K->28973K(128000K), 0.0026340 secs]
[GC 69421K->28957K(126976K), 0.0026720 secs]
[GC 68381K->28989K(125952K), 0.0027680 secs]
[GC 67389K->28965K(125440K), 0.0025730 secs]
[GC 66853K->28997K(124928K), 0.0025640 secs]
[GC 66373K->28973K(124416K), 0.0027270 secs]
[GC 65837K->29005K(123904K), 0.0024750 secs]
[GC 65357K->29005K(123392K), 0.0025400 secs]
[GC 64845K->28973K(122880K), 0.0024760 secs]
[GC 64301K->29021K(130048K), 0.0033190 secs]
[GC 71517K->29021K(129024K), 0.0024370 secs]
[GC 70493K->29021K(128000K), 0.0023920 secs]
[GC 69469K->29021K(126976K), 0.0026710 secs]
[GC 68445K->29037K(125952K), 0.0023830 secs]
[GC 67437K->29037K(125440K), 0.0023650 secs]
[GC 66925K->29037K(124928K), 0.0025220 secs]
[GC 66413K->29037K(124416K), 0.0024260 secs]
[GC 65901K->29053K(123904K), 0.0024570 secs]
[GC 65405K->29053K(123392K), 0.0023620 secs]
[GC 64893K->29053K(122880K), 0.0024270 secs]
[GC 64381K->29053K(130048K), 0.0024890 secs]
[GC 71549K->29069K(138752K), 0.0024190 secs]
[GC 80269K->29069K(137216K), 0.0023970 secs]
[GC 78733K->29069K(136192K), 0.0023970 secs]
[GC 77709K->29069K(135168K), 0.0021570 secs]
[GC 76685K->29085K(134144K), 0.0027290 secs]
[GC 75677K->29101K(133120K), 0.0024530 secs]
[GC 74669K->29101K(132096K), 0.0024040 secs]
[GC 73645K->29101K(131072K), 0.0024200 secs]
[GC 72621K->29117K(130048K), 0.0023020 secs]
[GC 71613K->29117K(129024K), 0.0023300 secs]
[GC 70589K->29085K(128000K), 0.0025510 secs]
[GC 69533K->29117K(126976K), 0.0024850 secs]
[GC 68541K->29125K(125952K), 0.0023460 secs]
[GC 67525K->29125K(125440K), 0.0023870 secs]
[GC 67013K->29125K(124928K), 0.0023340 secs]
[GC 66501K->29093K(132608K), 0.0024990 secs]
[GC 74149K->29133K(131584K), 0.0023890 secs]
[GC 73165K->29133K(130560K), 0.0023980 secs]
[GC 72141K->29133K(129536K), 0.0024250 secs]
[GC 71117K->29149K(128512K), 0.0023840 secs]
[GC 70109K->29133K(136704K), 0.0026590 secs]
[GC 78285K->29165K(135680K), 0.0023240 secs]
[GC 77293K->29181K(134656K), 0.0022700 secs]
[GC 76285K->29181K(133632K), 0.0024030 secs]
[GC 75261K->29197K(132608K), 0.0024010 secs]
[GC 74253K->29197K(131584K), 0.0024520 secs]
[GC 73229K->29197K(130560K), 0.0024880 secs]
[GC 72205K->29197K(129536K), 0.0022430 secs]
[GC 71181K->29205K(128512K), 0.0023040 secs]
[GC 70165K->29205K(127488K), 0.0024450 secs]
[GC 69141K->29205K(135680K), 0.0025840 secs]
[GC 77333K->29205K(134656K), 0.0023800 secs]
[GC 76309K->29213K(133632K), 0.0022610 secs]
[GC 75293K->29189K(132608K), 0.0026460 secs]
[GC 74245K->29221K(131584K), 0.0024260 secs]
[GC 73253K->29221K(130560K), 0.0024340 secs]
[GC 72229K->29221K(129536K), 0.0022820 secs]
[GC 71205K->29229K(128512K), 0.0024900 secs]
[GC 70189K->29229K(127488K), 0.0022720 secs]
[GC 69165K->29229K(126464K), 0.0023890 secs]
[GC 68141K->29229K(134656K), 0.0024250 secs]
[GC 76333K->29245K(133632K), 0.0023250 secs]
[GC 75325K->29245K(132608K), 0.0023320 secs]
[GC 74301K->29245K(131584K), 0.0024570 secs]
[GC 73277K->29245K(130560K), 0.0023740 secs]
[GC 72253K->29253K(129536K), 0.0023820 secs]
[GC 71237K->29261K(128512K), 0.0025120 secs]
[GC 70221K->29261K(127488K), 0.0023030 secs]
[GC 69197K->29261K(126464K), 0.0023670 secs]
[GC 68173K->29261K(134656K), 0.0024030 secs]
[GC 76365K->29277K(133632K), 0.0024360 secs]
[GC 75357K->29277K(132608K), 0.0024710 secs]
[GC 74333K->29261K(131584K), 0.0026440 secs]
[GC 73293K->29261K(130560K), 0.0024540 secs]
[GC 72269K->29301K(129536K), 0.0022850 secs]
[GC 71285K->29301K(128512K), 0.0022810 secs]
[GC 70261K->29301K(127488K), 0.0023640 secs]
[GC 69237K->29301K(135680K), 0.0025410 secs]
[GC 77429K->29317K(134656K), 0.0023140 secs]
[GC 76421K->29317K(133632K), 0.0023260 secs]
[GC 75397K->29317K(132608K), 0.0023690 secs]
[GC 74373K->29317K(131584K), 0.0025420 secs]
[GC 73349K->29341K(130560K), 0.0025900 secs]
[GC 72349K->29341K(129536K), 0.0023940 secs]
[GC 71325K->29341K(128512K), 0.0023880 secs]
[GC 70301K->29341K(127488K), 0.0023270 secs]
[GC 69277K->29357K(126464K), 0.0023580 secs]
[GC 68269K->29357K(134656K), 0.0025210 secs]
[GC 76461K->29357K(133632K), 0.0022740 secs]
[GC 75437K->29325K(132608K), 0.0024450 secs]
[GC 74381K->29365K(131584K), 0.0024910 secs]
[GC 73397K->29333K(130560K), 0.0023360 secs]
[GC 72341K->29365K(129536K), 0.0025490 secs]
[GC 71349K->29365K(128512K), 0.0025000 secs]
[GC 70325K->29389K(136704K), 0.0023990 secs]
[GC 78541K->29389K(135680K), 0.0024800 secs]
[GC 77517K->29389K(134656K), 0.0024720 secs]
[GC 76493K->29389K(133632K), 0.0023660 secs]
[GC 75469K->29365K(132608K), 0.0024150 secs]
[GC 74421K->29397K(131584K), 0.0024560 secs]
[GC 73429K->29397K(130560K), 0.0023880 secs]
[GC 72405K->29397K(129536K), 0.0023170 secs]
[GC 71381K->29397K(128512K), 0.0022780 secs]
[GC 70357K->29373K(127488K), 0.0023190 secs]
[GC 69309K->29405K(126464K), 0.0023760 secs]
[GC 68317K->29405K(134656K), 0.0023830 secs]
[GC 76509K->29405K(133632K), 0.0023340 secs]
[GC 75485K->29413K(132608K), 0.0023260 secs]
[GC 74469K->29413K(131584K), 0.0022770 secs]
[GC 73445K->29413K(130560K), 0.0023700 secs]
[GC 72421K->29413K(129536K), 0.0026000 secs]
[GC 71397K->29429K(128512K), 0.0024140 secs]
[GC 70389K->29429K(136704K), 0.0025170 secs]
[GC 78581K->29429K(135680K), 0.0023600 secs]
[GC 77557K->29365K(134656K), 0.0032190 secs]
[GC 76469K->29437K(133632K), 0.0023160 secs]
[GC 75517K->29437K(132608K), 0.0023810 secs]
[GC 74493K->29437K(131584K), 0.0025190 secs]
[GC 73469K->29437K(130560K), 0.0022880 secs]
[GC 72445K->29453K(129536K), 0.0025850 secs]
[GC 71437K->29453K(128512K), 0.0023790 secs]
[GC 70413K->29453K(127488K), 0.0025690 secs]
[GC 69389K->29453K(126464K), 0.0023100 secs]
[GC 68365K->29461K(134656K), 0.0024140 secs]
[GC 76565K->29461K(133632K), 0.0024930 secs]
[GC 75541K->29461K(132608K), 0.0023840 secs]
[GC 74517K->29461K(131584K), 0.0024460 secs]
[GC 73493K->29477K(130560K), 0.0024190 secs]
[GC 72485K->29477K(129536K), 0.0023570 secs]
[GC 71461K->29477K(128512K), 0.0024070 secs]
[GC 70437K->29477K(136704K), 0.0025920 secs]
[GC 78629K->29477K(135680K), 0.0023460 secs]
[GC 77605K->29493K(134656K), 0.0023970 secs]
[GC 76597K->29493K(133632K), 0.0023740 secs]
[GC 75573K->29493K(132608K), 0.0023470 secs]
[GC 74549K->29493K(131584K), 0.0023520 secs]
[GC 73525K->29501K(130560K), 0.0024100 secs]
[GC 72509K->29437K(129536K), 0.0029250 secs]
[GC 71421K->29501K(128512K), 0.0023750 secs]
[GC 70461K->29501K(136704K), 0.0023760 secs]
[GC 78653K->29517K(135680K), 0.0023210 secs]
[GC 77645K->29517K(134656K), 0.0024900 secs]
[GC 76621K->29517K(133632K), 0.0024500 secs]
[GC 75597K->29517K(132608K), 0.0024460 secs]
[GC 74573K->29525K(131584K), 0.0023020 secs]
[GC 73557K->29525K(130560K), 0.0026010 secs]
[GC 72533K->29525K(129536K), 0.0023280 secs]
[GC 71509K->29525K(128512K), 0.0025080 secs]
[GC 70485K->29541K(127488K), 0.0024410 secs]
[GC 69477K->29541K(135680K), 0.0023990 secs]
[GC 77669K->29541K(134656K), 0.0024140 secs]
[GC 76645K->29541K(133632K), 0.0022970 secs]
[GC 75621K->29549K(132608K), 0.0023600 secs]
[GC 74605K->29549K(131584K), 0.0024020 secs]
[GC 73581K->29549K(130560K), 0.0023040 secs]
[GC 72557K->29517K(129536K), 0.0025580 secs]
[GC 71501K->29557K(128512K), 0.0023770 secs]
[GC 70517K->29557K(127488K), 0.0024630 secs]
[GC 69493K->29557K(126464K), 0.0024400 secs]
[GC 68469K->29557K(125440K), 0.0022700 secs]
[GC 67445K->29565K(133120K), 0.0023920 secs]
[GC 75133K->29533K(132096K), 0.0024370 secs]
[GC 74077K->29565K(131072K), 0.0024660 secs]
[GC 73085K->29565K(130048K), 0.0024160 secs]
[GC 72061K->29573K(129024K), 0.0026340 secs]
[GC 71045K->29573K(128000K), 0.0023250 secs]
[GC 70021K->29573K(136192K), 0.0024310 secs]
[GC 78213K->29573K(135168K), 0.0025070 secs]
[GC 77189K->29573K(134144K), 0.0025560 secs]
[GC 76165K->29581K(133120K), 0.0023370 secs]
[GC 75149K->29581K(132096K), 0.0022780 secs]
[GC 74125K->29581K(131072K), 0.0023470 secs]
[GC 73101K->29581K(130048K), 0.0023530 secs]
[GC 72077K->29589K(129024K), 0.0023550 secs]
[GC 71061K->29589K(128000K), 0.0023810 secs]
[GC 70037K->29589K(126976K), 0.0022140 secs]
[GC 69013K->29589K(125952K), 0.0024090 secs]
[GC 67989K->29597K(133632K), 0.0023990 secs]
[GC 75677K->29597K(142848K), 0.0024590 secs]
[GC 84893K->29597K(141312K), 0.0023330 secs]
[GC 83357K->29597K(139776K), 0.0024350 secs]
[GC 81821K->29613K(138240K), 0.0023540 secs]
[GC 80301K->29581K(137216K), 0.0024400 secs]
[GC 79245K->29613K(136192K), 0.0023110 secs]
[GC 78250K->29613K(135168K), 0.0025280 secs]
[GC 77229K->29621K(134144K), 0.0024980 secs]
[GC 76213K->29621K(133120K), 0.0023800 secs]
[GC 75189K->29621K(132096K), 0.0023200 secs]
[GC 74162K->29597K(131072K), 0.0024370 secs]
[GC 73117K->29629K(130048K), 0.0023370 secs]
[GC 72125K->29629K(129024K), 0.0023910 secs]
[GC 71101K->29629K(128000K), 0.0023680 secs]
[GC 70077K->29629K(126976K), 0.0023300 secs]
[GC 69053K->29637K(125952K), 0.0023990 secs]
[GC 68037K->29637K(133632K), 0.0023900 secs]
[GC 75717K->29637K(132608K), 0.0022790 secs]
[GC 74693K->29637K(131584K), 0.0025130 secs]
[GC 73669K->29661K(130560K), 0.0024100 secs]
[GC 72669K->29661K(129536K), 0.0023290 secs]
[GC 71645K->29661K(128512K), 0.0022030 secs]
[GC 70621K->29661K(127488K), 0.0024760 secs]
[GC 69597K->29669K(126464K), 0.0023970 secs]
[GC 68581K->29637K(134656K), 0.0027770 secs]
[GC 76741K->29669K(133632K), 0.0023660 secs]
[GC 75749K->29669K(132608K), 0.0024000 secs]
[GC 74725K->29685K(131584K), 0.0024400 secs]
[GC 73717K->29685K(130560K), 0.0025190 secs]
[GC 72693K->29621K(139264K), 0.0028200 secs]
[GC 81333K->29653K(137728K), 0.0024820 secs]
[GC 79829K->29693K(136704K), 0.0024450 secs]
[GC 78845K->29725K(135680K), 0.0023920 secs]
[GC 77853K->29741K(134656K), 0.0023270 secs]
[GC 76845K->29741K(133632K), 0.0023640 secs]
[GC 75821K->29765K(132608K), 0.0024140 secs]
[GC 74821K->29765K(131584K), 0.0024010 secs]
[GC 73797K->29765K(130560K), 0.0022960 secs]
[GC 72773K->29765K(129536K), 0.0024570 secs]
[GC 71749K->29773K(128512K), 0.0023720 secs]
[GC 70733K->29773K(127488K), 0.0024200 secs]
[GC 69709K->29773K(126464K), 0.0023290 secs]
[GC 68685K->29773K(125440K), 0.0022700 secs]
[GC 67661K->29773K(133120K), 0.0023410 secs]
[GC 75341K->29781K(132096K), 0.0022760 secs]
[GC 74325K->29781K(131072K), 0.0021390 secs]
[GC 73301K->29781K(130048K), 0.0024840 secs]
[GC 72277K->29749K(138752K), 0.0028270 secs]
[GC 80949K->29797K(137216K), 0.0024240 secs]
[GC 79461K->29797K(136192K), 0.0023200 secs]
[GC 78437K->29797K(135168K), 0.0024170 secs]
[GC 77413K->29797K(134144K), 0.0023420 secs]
[GC 76389K->29813K(133120K), 0.0023570 secs]
[GC 75381K->29813K(132096K), 0.0024420 secs]
[GC 74357K->29813K(131072K), 0.0023690 secs]
[GC 73333K->29821K(130048K), 0.0024920 secs]
[GC 72317K->29821K(129024K), 0.0025670 secs]
[GC 71293K->29821K(128000K), 0.0023650 secs]
[GC 70269K->29821K(126976K), 0.0026200 secs]
[GC 69245K->29829K(125952K), 0.0024590 secs]
[GC 68229K->29829K(125440K), 0.0022840 secs]
[GC 67717K->29829K(124928K), 0.0023270 secs]
[GC 67205K->29845K(132608K), 0.0024220 secs]
[GC 74901K->29845K(131584K), 0.0022760 secs]
[GC 73877K->29861K(130560K), 0.0023230 secs]
[GC 72869K->29861K(129536K), 0.0024070 secs]
[GC 71845K->29861K(128512K), 0.0023870 secs]
[GC 70821K->29861K(127488K), 0.0025040 secs]
[GC 69797K->29869K(135680K), 0.0025530 secs]
[GC 77997K->29869K(134656K), 0.0024340 secs]
[GC 76973K->29869K(133632K), 0.0024040 secs]
[GC 75949K->29885K(132608K), 0.0025180 secs]
[GC 74941K->29893K(131584K), 0.0022960 secs]
[GC 73925K->29893K(130560K), 0.0023140 secs]
[GC 72901K->29893K(129536K), 0.0023430 secs]
[GC 71877K->29893K(128512K), 0.0023480 secs]
[GC 70853K->29869K(127488K), 0.0029260 secs]
[GC 69805K->29901K(135680K), 0.0025920 secs]
[GC 78029K->29901K(134656K), 0.0023930 secs]
[GC 77005K->29901K(133632K), 0.0024310 secs]
[GC 75981K->29925K(132608K), 0.0023920 secs]
[GC 74981K->29925K(131584K), 0.0023820 secs]
[GC 73957K->29925K(130560K), 0.0023380 secs]
[GC 72933K->29925K(129536K), 0.0023760 secs]
[GC 71909K->29941K(128512K), 0.0022220 secs]
[GC 70901K->29949K(127488K), 0.0023510 secs]
[GC 69885K->29885K(126464K), 0.0027880 secs]
[GC 68797K->29861K(125440K), 0.0041830 secs]
[GC 67749K->29925K(124928K), 0.0021620 secs]
[GC 67301K->29893K(124416K), 0.0031440 secs]
[GC 66756K->29941K(123904K), 0.0023960 secs]
[GC 66293K->29973K(123392K), 0.0023280 secs]
[GC 65813K->29909K(122880K), 0.0030100 secs]
[GC 65237K->29949K(122368K), 0.0025760 secs]
[GC 64765K->29981K(121856K), 0.0024980 secs]
[GC 64285K->29981K(121344K), 0.0023620 secs]
[GC 63773K->29949K(128512K), 0.0030170 secs]
[GC 70909K->29997K(127488K), 0.0024230 secs]
[GC 69933K->29933K(126464K), 0.0028050 secs]
[GC 68845K->29997K(125440K), 0.0027210 secs]
[GC 67885K->30005K(124928K), 0.0025240 secs]
[GC 67381K->30005K(124416K), 0.0035050 secs]
[GC 66869K->30021K(123904K), 0.0026550 secs]
[GC 66373K->30045K(123392K), 0.0023330 secs]
[GC 65885K->30045K(122880K), 0.0025750 secs]
[GC 65373K->30045K(130048K), 0.0023050 secs]
[GC 72541K->30045K(138752K), 0.0023880 secs]
[GC 81245K->30013K(137216K), 0.0025080 secs]
[GC 79677K->30053K(136192K), 0.0025890 secs]
[GC 78693K->30021K(135168K), 0.0028010 secs]
[GC 77634K->30053K(134144K), 0.0023540 secs]
[GC 76645K->30069K(133120K), 0.0023640 secs]
[GC 75637K->30069K(132096K), 0.0025400 secs]
[GC 74612K->30069K(131072K), 0.0023310 secs]
[GC 73589K->30069K(130048K), 0.0024570 secs]
[GC 72565K->30077K(129024K), 0.0023900 secs]
[GC 71549K->30077K(128000K), 0.0023910 secs]
[GC 70525K->30013K(126976K), 0.0039660 secs]
[GC 69437K->30013K(125952K), 0.0035350 secs]
[GC 68413K->30093K(125440K), 0.0026290 secs]
[GC 67981K->30093K(124928K), 0.0034470 secs]
[GC 67469K->30101K(124416K), 0.0032900 secs]
[GC 66965K->30101K(132096K), 0.0024560 secs]
[GC 74645K->30101K(131072K), 0.0023950 secs]
[GC 73621K->30101K(139776K), 0.0036110 secs]
[GC 82325K->30109K(138240K), 0.0024700 secs]
[GC 80797K->30109K(137216K), 0.0026240 secs]
[GC 79773K->30109K(136192K), 0.0023750 secs]
[GC 78749K->30117K(135168K), 0.0023760 secs]
[GC 77733K->30117K(134144K), 0.0024700 secs]
[GC 76709K->30085K(133120K), 0.0025170 secs]
[GC 75653K->30085K(132096K), 0.0024570 secs]
[GC 74629K->30125K(131072K), 0.0023890 secs]
[GC 73645K->30093K(130048K), 0.0025820 secs]
[GC 72589K->30125K(129024K), 0.0024670 secs]
[GC 71597K->30125K(128000K), 0.0030540 secs]
[GC 70573K->30141K(126976K), 0.0023680 secs]
[GC 69565K->30149K(125952K), 0.0024090 secs]
[GC 68549K->30149K(125440K), 0.0023850 secs]
[GC 68037K->30125K(124928K), 0.0024990 secs]
[GC 67501K->30157K(124416K), 0.0024620 secs]
[GC 67021K->30157K(123904K), 0.0022280 secs]
[GC 66509K->30157K(131584K), 0.0024260 secs]
[GC 74189K->30173K(130560K), 0.0023030 secs]
[GC 73181K->30173K(129536K), 0.0023310 secs]
[GC 72157K->30173K(128512K), 0.0023800 secs]
[GC 71133K->30181K(127488K), 0.0022520 secs]
[GC 70117K->30181K(126464K), 0.0022930 secs]
[GC 69093K->30189K(125440K), 0.0023730 secs]
[GC 68077K->30189K(133120K), 0.0023340 secs]
[GC 75757K->30189K(142336K), 0.0035900 secs]
[GC 84973K->30189K(140800K), 0.0024520 secs]
[GC 83437K->30205K(139264K), 0.0025720 secs]
[GC 81917K->30173K(137728K), 0.0028750 secs]
[GC 80349K->30205K(136704K), 0.0024350 secs]
[GC 79357K->30229K(135680K), 0.0022570 secs]
[GC 78357K->30229K(134656K), 0.0023600 secs]
[GC 77333K->30229K(133632K), 0.0024070 secs]
[GC 76309K->30245K(132608K), 0.0023890 secs]
[GC 75301K->30245K(131584K), 0.0022850 secs]
[GC 74277K->30245K(130560K), 0.0023310 secs]
[GC 73253K->30181K(129536K), 0.0031660 secs]
[GC 72165K->30253K(128512K), 0.0023690 secs]
[GC 71213K->30221K(127488K), 0.0025850 secs]
[GC 70157K->30253K(126464K), 0.0023410 secs]
[GC 69165K->30269K(125440K), 0.0023790 secs]
[GC 68157K->30269K(124928K), 0.0024440 secs]
[GC 67645K->30269K(124416K), 0.0024240 secs]
[GC 67133K->30269K(123904K), 0.0022660 secs]
[GC 66621K->30277K(123392K), 0.0023580 secs]
[GC 66117K->30277K(122880K), 0.0024460 secs]
[GC 65605K->30277K(130048K), 0.0023600 secs]
[GC 72773K->30277K(129024K), 0.0022950 secs]
[GC 71749K->30277K(128000K), 0.0023470 secs]
[GC 70725K->30293K(136192K), 0.0025500 secs]
[GC 78933K->30293K(135168K), 0.0023210 secs]
[GC 77909K->30293K(134144K), 0.0024150 secs]
[GC 76881K->30293K(133120K), 0.0024240 secs]
[GC 75861K->30317K(132096K), 0.0023810 secs]
[GC 74861K->30317K(131072K), 0.0025390 secs]
[GC 73837K->30317K(130048K), 0.0024650 secs]
[GC 72813K->30317K(129024K), 0.0023320 secs]
[GC 71789K->30325K(128000K), 0.0023820 secs]
[GC 70773K->30325K(126976K), 0.0024340 secs]
[GC 69749K->30325K(125952K), 0.0023390 secs]
[GC 68725K->30325K(133632K), 0.0024750 secs]
[GC 76405K->30341K(142848K), 0.0029730 secs]
[GC 85637K->30341K(141312K), 0.0023780 secs]
[GC 84101K->30341K(139776K), 0.0022170 secs]
[GC 82565K->30349K(138240K), 0.0023230 secs]
[GC 81037K->30349K(137216K), 0.0022320 secs]
[GC 80013K->30349K(136192K), 0.0024140 secs]
[GC 78989K->30365K(135168K), 0.0033120 secs]
[GC 77981K->30365K(134144K), 0.0023960 secs]
[GC 76957K->30365K(133120K), 0.0023910 secs]
[GC 75933K->30381K(132096K), 0.0025960 secs]
[GC 74925K->30381K(131072K), 0.0023480 secs]
[GC 73901K->30381K(130048K), 0.0025200 secs]
[GC 72877K->30381K(129024K), 0.0024050 secs]
[GC 71853K->30397K(128000K), 0.0025250 secs]
[GC 70845K->30397K(126976K), 0.0022880 secs]
[GC 69821K->30333K(135168K), 0.0034480 secs]
[GC 77949K->30397K(134144K), 0.0023570 secs]
[GC 76989K->30413K(133120K), 0.0023630 secs]
[GC 75981K->30413K(132096K), 0.0023400 secs]
[GC 74957K->30381K(131072K), 0.0030360 secs]
[GC 73901K->30413K(130048K), 0.0024060 secs]
[GC 72909K->30421K(129024K), 0.0023800 secs]
[GC 71893K->30421K(128000K), 0.0023840 secs]
[GC 70869K->30421K(126976K), 0.0025230 secs]
[GC 69845K->30421K(135168K), 0.0023210 secs]
[GC 78037K->30437K(134144K), 0.0023640 secs]
[GC 77029K->30437K(133120K), 0.0024590 secs]
[GC 76005K->30405K(132096K), 0.0032470 secs]
[GC 74949K->30445K(131072K), 0.0023110 secs]
[GC 73965K->30445K(130048K), 0.0023770 secs]
[GC 72941K->30445K(129024K), 0.0023080 secs]
[GC 71917K->30445K(128000K), 0.0023950 secs]
[GC 70893K->30453K(126976K), 0.0026400 secs]
[GC 69877K->30453K(125952K), 0.0021030 secs]
[GC 68853K->30421K(125440K), 0.0025250 secs]
[GC 68309K->30453K(124928K), 0.0023110 secs]
[GC 67829K->30469K(132608K), 0.0029090 secs]
[GC 75525K->30469K(131584K), 0.0023210 secs]
[GC 74501K->30469K(130560K), 0.0025650 secs]
[GC 73477K->30469K(129536K), 0.0024310 secs]
[GC 72453K->30493K(128512K), 0.0023270 secs]
[GC 71453K->30493K(127488K), 0.0023600 secs]
[GC 70429K->30493K(126464K), 0.0024080 secs]
[GC 69405K->30493K(125440K), 0.0023370 secs]
[GC 68381K->30501K(133120K), 0.0024460 secs]
[GC 76069K->30501K(132096K), 0.0022990 secs]
[GC 75045K->30501K(131072K), 0.0026870 secs]
[GC 74021K->30509K(130048K), 0.0024280 secs]
[GC 73005K->30517K(129024K), 0.0027360 secs]
[GC 71989K->30517K(128000K), 0.0024740 secs]
[GC 70965K->30517K(126976K), 0.0023460 secs]
[GC 69941K->30517K(125952K), 0.0023650 secs]
[GC 68917K->30525K(133632K), 0.0023730 secs]
[GC 76605K->30493K(142848K), 0.0025380 secs]
[GC 85789K->30525K(141312K), 0.0023630 secs]
[GC 84285K->30525K(139776K), 0.0023840 secs]
[GC 82749K->30549K(138240K), 0.0023760 secs]
[GC 81237K->30549K(137216K), 0.0023900 secs]
[GC 80213K->30517K(136192K), 0.0024730 secs]
[GC 79157K->30549K(135168K), 0.0023390 secs]
[GC 78165K->30573K(134144K), 0.0023940 secs]
[GC 77165K->30573K(133120K), 0.0024650 secs]
[GC 76138K->30573K(132096K), 0.0024540 secs]
[GC 75117K->30549K(131072K), 0.0024560 secs]
[GC 74069K->30581K(130048K), 0.0023830 secs]
[GC 73077K->30581K(129024K), 0.0023340 secs]
[GC 72053K->30581K(128000K), 0.0024010 secs]
[GC 71029K->30525K(136192K), 0.0029590 secs]
[GC 79165K->30557K(135168K), 0.0027320 secs]
[GC 78173K->30589K(134144K), 0.0024050 secs]
[GC 77181K->30589K(133120K), 0.0022750 secs]
[GC 76157K->30565K(132096K), 0.0031460 secs]
[GC 75109K->30597K(131072K), 0.0021590 secs]
[GC 74117K->30597K(130048K), 0.0022400 secs]
[GC 73093K->30597K(129024K), 0.0033540 secs]
[GC 72069K->30613K(128000K), 0.0024530 secs]
[GC 71061K->30613K(126976K), 0.0023470 secs]
[GC 70037K->30613K(125952K), 0.0026760 secs]
[GC 69013K->30613K(133632K), 0.0023960 secs]
[GC 76693K->30621K(132608K), 0.0022990 secs]
[GC 75677K->30589K(141824K), 0.0036210 secs]
[GC 84861K->30621K(153088K), 0.0023550 secs]
[GC 96157K->30629K(151040K), 0.0023850 secs]
[GC 94117K->30645K(148992K), 0.0023980 secs]
[GC 92085K->30645K(147456K), 0.0024650 secs]
[GC 90549K->30613K(145920K), 0.0024740 secs]
[GC 88981K->30653K(144384K), 0.0024230 secs]
[GC 87485K->30653K(142848K), 0.0025820 secs]
[GC 85949K->30653K(141312K), 0.0023560 secs]
[GC 84413K->30661K(139776K), 0.0023270 secs]
[GC 82885K->30661K(138240K), 0.0022930 secs]
[GC 81349K->30661K(137216K), 0.0023280 secs]
[GC 80325K->30677K(136192K), 0.0023770 secs]
[GC 79317K->30677K(135168K), 0.0029310 secs]
[GC 78293K->30677K(134144K), 0.0033240 secs]
[GC 77269K->30693K(133120K), 0.0024120 secs]
[GC 76261K->30693K(132096K), 0.0024210 secs]
[GC 75237K->30693K(131072K), 0.0024470 secs]
[GC 74213K->30693K(130048K), 0.0024580 secs]
[GC 73189K->30709K(129024K), 0.0023320 secs]
[GC 72181K->30709K(128000K), 0.0023920 secs]
[GC 71157K->30645K(126976K), 0.0027200 secs]
[GC 70069K->30709K(125952K), 0.0023900 secs]
[GC 69109K->30725K(125440K), 0.0024350 secs]
[GC 68613K->30725K(124928K), 0.0023220 secs]
[GC 68101K->30725K(132608K), 0.0024070 secs]
[GC 75781K->30725K(131584K), 0.0023210 secs]
[GC 74757K->30693K(130560K), 0.0025300 secs]
[GC 73701K->30733K(129536K), 0.0024600 secs]
[GC 72717K->30733K(128512K), 0.0023990 secs]
[GC 71690K->30733K(127488K), 0.0025720 secs]
[GC 70669K->30709K(126464K), 0.0035910 secs]
[GC 69621K->30677K(125440K), 0.0025060 secs]
[GC 68565K->30717K(124928K), 0.0026450 secs]
[GC 68093K->30749K(124416K), 0.0024770 secs]
[GC 67613K->30749K(123904K), 0.0024550 secs]
[GC 67101K->30749K(123392K), 0.0023480 secs]
[GC 66589K->30757K(130560K), 0.0045380 secs]
[GC 73765K->30725K(139264K), 0.0024020 secs]
[GC 82437K->30757K(137728K), 0.0024700 secs]
[GC 80933K->30773K(136704K), 0.0023490 secs]
[GC 79925K->30773K(135680K), 0.0022910 secs]
[GC 78901K->30773K(134656K), 0.0023890 secs]
[GC 77877K->30773K(133632K), 0.0022590 secs]
[GC 76853K->30781K(132608K), 0.0027120 secs]
[GC 75837K->30781K(131584K), 0.0023040 secs]
[GC 74813K->30797K(130560K), 0.0023120 secs]
[GC 73805K->30797K(129536K), 0.0023390 secs]
[GC 72781K->30805K(128512K), 0.0026270 secs]
[GC 71765K->30805K(127488K), 0.0023370 secs]
[GC 70740K->30773K(126464K), 0.0030720 secs]
[GC 69685K->30805K(125440K), 0.0026120 secs]
[GC 68693K->30821K(124928K), 0.0024100 secs]
[GC 68197K->30821K(124416K), 0.0024940 secs]
[GC 67685K->30757K(132096K), 0.0029770 secs]
[GC 75301K->30829K(131072K), 0.0022400 secs]
[GC 74349K->30805K(130048K), 0.0026980 secs]
[GC 73301K->30837K(129024K), 0.0023110 secs]
[GC 72309K->30837K(128000K), 0.0025900 secs]
[GC 71282K->30853K(126976K), 0.0024410 secs]
[GC 70277K->30853K(125952K), 0.0023350 secs]
[GC 69253K->30853K(125440K), 0.0025220 secs]
[GC 68741K->30853K(124928K), 0.0024080 secs]
[GC 68229K->30877K(124416K), 0.0023610 secs]
[GC 67741K->30877K(132096K), 0.0025840 secs]
[GC 75421K->30877K(141312K), 0.0023900 secs]
[GC 84637K->30877K(139776K), 0.0023790 secs]
[GC 83101K->30885K(138240K), 0.0023560 secs]
[GC 81573K->30885K(137216K), 0.0023430 secs]
[GC 80549K->30885K(136192K), 0.0023880 secs]
[GC 79525K->30885K(135168K), 0.0024250 secs]
[GC 78501K->30893K(134144K), 0.0027160 secs]
[GC 77485K->30893K(133120K), 0.0023970 secs]
[GC 76461K->30893K(132096K), 0.0025170 secs]
[GC 75437K->30893K(131072K), 0.0024720 secs]
[GC 74413K->30917K(130048K), 0.0026430 secs]
[GC 73413K->30925K(129024K), 0.0025780 secs]
[GC 72397K->30925K(128000K), 0.0024400 secs]
[GC 71373K->30925K(136192K), 0.0031750 secs]
[GC 79565K->30933K(135168K), 0.0022990 secs]
[GC 78549K->30933K(134144K), 0.0025430 secs]
[GC 77525K->30933K(133120K), 0.0023410 secs]
[GC 76501K->30933K(132096K), 0.0025560 secs]
[GC 75477K->30941K(131072K), 0.0024150 secs]
[GC 74461K->30941K(130048K), 0.0023880 secs]
[GC 73437K->30941K(129024K), 0.0023360 secs]
[GC 72413K->30949K(128000K), 0.0022500 secs]
[GC 71397K->30949K(126976K), 0.0023850 secs]
[GC 70373K->30949K(125952K), 0.0024580 secs]
[GC 69349K->30949K(125440K), 0.0025730 secs]
[GC 68837K->30973K(124928K), 0.0023820 secs]
[GC 68349K->30973K(124416K), 0.0023110 secs]
[GC 67837K->30973K(123904K), 0.0022870 secs]
[GC 67325K->30973K(123392K), 0.0023630 secs]
[GC 66813K->30973K(130560K), 0.0024660 secs]
[GC 73980K->30989K(139264K), 0.0023390 secs]
[GC 82701K->30989K(150016K), 0.0032010 secs]
[GC 93453K->30989K(148480K), 0.0024960 secs]
[GC 91917K->31013K(146944K), 0.0022690 secs]
[GC 90405K->31013K(145408K), 0.0023590 secs]
[GC 88869K->31013K(143872K), 0.0024270 secs]
[GC 87333K->31029K(142336K), 0.0024180 secs]
[GC 85813K->31029K(140800K), 0.0022740 secs]
[GC 84277K->30997K(139264K), 0.0023380 secs]
[GC 82709K->31029K(137728K), 0.0023070 secs]
[GC 81205K->31037K(136704K), 0.0025790 secs]
[GC 80189K->31021K(135680K), 0.0025270 secs]
[GC 79149K->31053K(134656K), 0.0025730 secs]
[GC 78157K->31061K(133632K), 0.0023790 secs]
[GC 77141K->31061K(132608K), 0.0025470 secs]
[GC 76117K->31061K(131584K), 0.0023240 secs]
[GC 75093K->31061K(130560K), 0.0024540 secs]
[GC 74069K->31077K(129536K), 0.0023940 secs]
[GC 73061K->31045K(128512K), 0.0031730 secs]
[GC 72005K->31077K(127488K), 0.0025640 secs]
[GC 71013K->31077K(126464K), 0.0024340 secs]
[GC 69989K->31085K(134656K), 0.0023810 secs]
[GC 78189K->31085K(133632K), 0.0025240 secs]
[GC 77165K->31085K(132608K), 0.0023390 secs]
[GC 76141K->31053K(131584K), 0.0024710 secs]
[GC 75085K->31085K(130560K), 0.0023460 secs]
[GC 74093K->31093K(129536K), 0.0023790 secs]
[GC 73077K->31061K(128512K), 0.0026670 secs]
[GC 72021K->31093K(127488K), 0.0023850 secs]
[GC 71029K->31109K(126464K), 0.0024540 secs]
[GC 70021K->31109K(125440K), 0.0027430 secs]
[GC 68997K->31109K(124928K), 0.0023490 secs]
[GC 68485K->31077K(132608K), 0.0025280 secs]
[GC 76133K->31109K(131584K), 0.0024000 secs]
[GC 75141K->31117K(130560K), 0.0024000 secs]
[GC 74125K->31117K(129536K), 0.0023970 secs]
[GC 73101K->31117K(128512K), 0.0024150 secs]
[GC 72077K->31117K(127488K), 0.0024030 secs]
[GC 71053K->31125K(126464K), 0.0023020 secs]
[GC 70037K->31125K(134656K), 0.0023590 secs]
[GC 78229K->31125K(133632K), 0.0024300 secs]
[GC 77205K->31125K(132608K), 0.0023310 secs]
[GC 76181K->31141K(131584K), 0.0024330 secs]
[GC 75173K->31141K(130560K), 0.0024580 secs]
[GC 74149K->31141K(129536K), 0.0023870 secs]
[GC 73125K->31141K(128512K), 0.0025320 secs]
[GC 72101K->31157K(127488K), 0.0024100 secs]
[GC 71093K->31157K(126464K), 0.0022780 secs]
[GC 70069K->31157K(134656K), 0.0024090 secs]
[GC 78261K->31157K(133632K), 0.0025620 secs]
[GC 77237K->31165K(132608K), 0.0023440 secs]
[GC 76218K->31165K(131584K), 0.0027400 secs]
[GC 75197K->31165K(130560K), 0.0026150 secs]
[GC 74173K->31165K(129536K), 0.0024190 secs]
[GC 73149K->31173K(128512K), 0.0024860 secs]
[GC 72133K->31173K(127488K), 0.0024980 secs]
[GC 71109K->31173K(135680K), 0.0025510 secs]
[GC 79301K->31173K(134656K), 0.0023670 secs]
[GC 78277K->31181K(133632K), 0.0023820 secs]
[GC 77261K->31181K(132608K), 0.0026380 secs]
[GC 76237K->31181K(131584K), 0.0024160 secs]
[GC 75213K->31181K(130560K), 0.0023680 secs]
[GC 74189K->31157K(129536K), 0.0026760 secs]
[GC 73141K->31189K(128512K), 0.0023070 secs]
[GC 72149K->31189K(127488K), 0.0024680 secs]
[GC 71125K->31189K(135680K), 0.0024150 secs]
[GC 79317K->31189K(134656K), 0.0023920 secs]
[GC 78293K->31205K(133632K), 0.0023800 secs]
[GC 77285K->31173K(132608K), 0.0024120 secs]
[GC 76229K->31205K(131584K), 0.0025160 secs]
[GC 75237K->31213K(130560K), 0.0023850 secs]
[GC 74219K->31213K(129536K), 0.0024250 secs]
[GC 73197K->31181K(128512K), 0.0023830 secs]
[GC 72141K->31213K(127488K), 0.0023730 secs]
[GC 71149K->31229K(126464K), 0.0026110 secs]
[GC 70141K->31229K(125440K), 0.0025820 secs]
[GC 69117K->31229K(124928K), 0.0022960 secs]
[GC 68605K->31229K(132608K), 0.0024320 secs]
[GC 76285K->31229K(131584K), 0.0023630 secs]
[GC 75261K->31245K(130560K), 0.0024860 secs]
[GC 74253K->31245K(129536K), 0.0021560 secs]
[GC 73229K->31245K(128512K), 0.0023410 secs]
[GC 72205K->31245K(127488K), 0.0025250 secs]
[GC 71181K->31253K(135680K), 0.0024880 secs]
[GC 79381K->31253K(134656K), 0.0024040 secs]
[GC 78357K->31253K(133632K), 0.0024120 secs]
[GC 77333K->31253K(132608K), 0.0024110 secs]
[GC 76309K->31269K(131584K), 0.0026650 secs]
[GC 75301K->31269K(140800K), 0.0027490 secs]
[GC 84517K->31269K(139264K), 0.0022880 secs]
[GC 82981K->31269K(137728K), 0.0023000 secs]
[GC 81445K->31277K(136704K), 0.0023800 secs]
[GC 80429K->31277K(135680K), 0.0024000 secs]
[GC 79405K->31277K(134656K), 0.0025970 secs]
[GC 78381K->31285K(133632K), 0.0023700 secs]
[GC 77365K->31285K(132608K), 0.0022920 secs]
[GC 76341K->31285K(131584K), 0.0026050 secs]
[GC 75317K->31293K(130560K), 0.0023290 secs]
[GC 74301K->31301K(129536K), 0.0025110 secs]
[GC 73285K->31301K(128512K), 0.0023910 secs]
[GC 72261K->31309K(127488K), 0.0023800 secs]
[GC 71245K->31309K(126464K), 0.0024510 secs]
[GC 70221K->31309K(125440K), 0.0022130 secs]
[GC 69197K->31317K(133120K), 0.0022050 secs]
[GC 76885K->31317K(132096K), 0.0023270 secs]
[GC 75861K->31317K(131072K), 0.0023530 secs]
[GC 74837K->31317K(130048K), 0.0023120 secs]
[GC 73813K->31301K(129024K), 0.0024110 secs]
[GC 72773K->31333K(128000K), 0.0023320 secs]
[GC 71781K->31341K(136192K), 0.0024670 secs]
[GC 79981K->31341K(135168K), 0.0023460 secs]
[GC 78957K->31349K(134144K), 0.0023260 secs]
[GC 77941K->31349K(133120K), 0.0023420 secs]
[GC 76917K->31357K(132096K), 0.0023660 secs]
[GC 75901K->31325K(131072K), 0.0025200 secs]
[GC 74845K->31373K(130048K), 0.0024010 secs]
[GC 73869K->31373K(129024K), 0.0025370 secs]
[GC 72845K->31373K(128000K), 0.0023050 secs]
[GC 71821K->31373K(126976K), 0.0023840 secs]
[GC 70797K->31381K(125952K), 0.0022730 secs]
[GC 69781K->31381K(133632K), 0.0023590 secs]
[GC 77461K->31381K(132608K), 0.0023850 secs]
[GC 76437K->31349K(131584K), 0.0026650 secs]
[GC 75381K->31381K(130560K), 0.0022990 secs]
[GC 74389K->31397K(129536K), 0.0022960 secs]
[GC 73381K->31397K(128512K), 0.0024590 secs]
[GC 72357K->31397K(127488K), 0.0023800 secs]
[GC 71333K->31397K(135680K), 0.0023590 secs]
[GC 79525K->31389K(134656K), 0.0024750 secs]
[GC 78493K->31421K(133632K), 0.0024320 secs]
[GC 77501K->31421K(132608K), 0.0023520 secs]
[GC 76477K->31421K(131584K), 0.0024070 secs]
[GC 75453K->31437K(130560K), 0.0024040 secs]
[GC 74445K->31437K(129536K), 0.0022880 secs]
[GC 73421K->31437K(128512K), 0.0023900 secs]
[GC 72397K->31445K(127488K), 0.0023750 secs]
[GC 71381K->31453K(126464K), 0.0025220 secs]
[GC 70365K->31453K(134656K), 0.0023830 secs]
[GC 78557K->31453K(133632K), 0.0023820 secs]
[GC 77533K->31453K(132608K), 0.0024390 secs]
[GC 76509K->31469K(131584K), 0.0024080 secs]
[GC 75500K->31477K(130560K), 0.0025010 secs]
[GC 74485K->31477K(129536K), 0.0024020 secs]
[GC 73461K->31445K(128512K), 0.0024510 secs]
[GC 72405K->31501K(127488K), 0.0023740 secs]
[GC 71437K->31501K(126464K), 0.0024530 secs]
[GC 70413K->31517K(125440K), 0.0024320 secs]
[GC 69405K->31517K(124928K), 0.0022980 secs]
[GC 68893K->31533K(124416K), 0.0024020 secs]
[GC 68397K->31533K(123904K), 0.0024650 secs]
[GC 67885K->31533K(131584K), 0.0023810 secs]
[GC 75565K->31533K(130560K), 0.0024070 secs]
[GC 74541K->31533K(129536K), 0.0023710 secs]
[GC 73517K->31541K(128512K), 0.0026040 secs]
[GC 72501K->31549K(127488K), 0.0024860 secs]
[GC 71485K->31485K(126464K), 0.0027500 secs]
[GC 70397K->31525K(125440K), 0.0024110 secs]
[GC 69413K->31557K(124928K), 0.0023780 secs]
[GC 68933K->31557K(124416K), 0.0023710 secs]
[GC 68421K->31557K(123904K), 0.0024680 secs]
[GC 67909K->31565K(123392K), 0.0025140 secs]
[GC 67405K->31565K(122880K), 0.0024140 secs]
[GC 66893K->31565K(122368K), 0.0025830 secs]
[GC 66381K->31565K(121856K), 0.0024110 secs]
[GC 65869K->31581K(121344K), 0.0024020 secs]
[GC 65373K->31581K(120832K), 0.0026370 secs]
[GC 64861K->31581K(127488K), 0.0024740 secs]
[GC 71517K->31549K(126464K), 0.0025120 secs]
[GC 70461K->31589K(125440K), 0.0026270 secs]
[GC 69477K->31589K(124928K), 0.0024880 secs]
[GC 68965K->31557K(124416K), 0.0024610 secs]
[GC 68421K->31589K(123904K), 0.0023360 secs]
[GC 67941K->31605K(123392K), 0.0021840 secs]
[GC 67445K->31605K(130560K), 0.0034190 secs]
[GC 74613K->31573K(139264K), 0.0025860 secs]
[GC 83285K->31637K(137728K), 0.0023180 secs]
[GC 81813K->31621K(136704K), 0.0024750 secs]
[GC 80773K->31653K(135680K), 0.0026380 secs]
[GC 79781K->31653K(134656K), 0.0022980 secs]
[GC 78757K->31629K(133632K), 0.0024060 secs]
[GC 77709K->31661K(132608K), 0.0024580 secs]
[GC 76717K->31661K(131584K), 0.0024500 secs]
[GC 75693K->31669K(130560K), 0.0023510 secs]
[GC 74677K->31637K(129536K), 0.0024590 secs]
[GC 73621K->31669K(128512K), 0.0024290 secs]
[GC 72629K->31669K(127488K), 0.0028140 secs]
[GC 71605K->31677K(126464K), 0.0025990 secs]
[GC 70589K->31677K(125440K), 0.0023130 secs]
[GC 69565K->31677K(124928K), 0.0023560 secs]
[GC 69053K->31693K(124416K), 0.0025250 secs]
[GC 68557K->31693K(123904K), 0.0024100 secs]
[GC 68045K->31693K(123392K), 0.0024900 secs]
[GC 67533K->31629K(122880K), 0.0035090 secs]
[GC 66957K->31701K(122368K), 0.0028230 secs]
[GC 66517K->31701K(121856K), 0.0024360 secs]
[GC 66005K->31669K(121344K), 0.0027900 secs]
[GC 65461K->31701K(120832K), 0.0025040 secs]
[GC 64981K->31709K(120320K), 0.0026890 secs]
[GC 64477K->31709K(119808K), 0.0024020 secs]
[GC 63965K->31677K(126464K), 0.0027140 secs]
[GC 70589K->31709K(134656K), 0.0024160 secs]
[GC 78813K->31693K(133632K), 0.0028150 secs]
[GC 77773K->31741K(132608K), 0.0025070 secs]
[GC 76797K->31741K(131584K), 0.0025340 secs]
[GC 75773K->31749K(130560K), 0.0027090 secs]
[GC 74757K->31749K(129536K), 0.0025190 secs]
[GC 73733K->31749K(128512K), 0.0027190 secs]
[GC 72709K->31749K(127488K), 0.0025180 secs]
[GC 71685K->31725K(126464K), 0.0026480 secs]
[GC 70637K->31757K(125440K), 0.0025940 secs]
[GC 69645K->31757K(124928K), 0.0027370 secs]
[GC 69133K->31701K(124416K), 0.0038030 secs]
[GC 68565K->31765K(123904K), 0.0027010 secs]
[GC 68117K->31765K(123392K), 0.0024790 secs]
[GC 67605K->31765K(122880K), 0.0027390 secs]
[GC 67093K->31781K(122368K), 0.0025140 secs]
[GC 66597K->31781K(129536K), 0.0036560 secs]
[GC 73765K->31781K(138240K), 0.0025800 secs]
[GC 82469K->31789K(137216K), 0.0025530 secs]
[GC 81453K->31757K(136192K), 0.0027220 secs]
[GC 80397K->31757K(135168K), 0.0029750 secs]
[GC 79373K->31813K(134144K), 0.0028800 secs]
[GC 78405K->31813K(133120K), 0.0026430 secs]
[GC 77381K->31781K(132096K), 0.0029890 secs]
[GC 76325K->31813K(131072K), 0.0026940 secs]
[GC 75333K->31797K(130048K), 0.0024850 secs]
[GC 74293K->31797K(129024K), 0.0023990 secs]
[GC 73269K->31837K(128000K), 0.0025290 secs]
[GC 72285K->31805K(126976K), 0.0026620 secs]
[GC 71229K->31805K(125952K), 0.0033160 secs]
[GC 70205K->31837K(125440K), 0.0027510 secs]
[GC 69725K->31813K(124928K), 0.0022960 secs]
[GC 69189K->31845K(124416K), 0.0029400 secs]
[GC 68709K->31845K(123904K), 0.0026180 secs]
[GC 68197K->31861K(123392K), 0.0024070 secs]
[GC 67701K->31861K(122880K), 0.0025740 secs]
[GC 67189K->31861K(122368K), 0.0029260 secs]
[GC 66677K->31845K(121856K), 0.0027940 secs]
[GC 66149K->31845K(121344K), 0.0028860 secs]
[GC 65637K->31877K(120832K), 0.0025370 secs]
[GC 65157K->31813K(120320K), 0.0036310 secs]
[GC 64581K->31885K(119808K), 0.0028690 secs]
[GC 64141K->31885K(119296K), 0.0026750 secs]
[GC 63629K->31885K(118784K), 0.0024110 secs]
[GC 63115K->31901K(118272K), 0.0027440 secs]
[GC 62621K->31869K(117760K), 0.0033490 secs]
[GC 62077K->31901K(117248K), 0.0025160 secs]
[GC 61597K->31909K(116736K), 0.0024300 secs]
[GC 61093K->31909K(116224K), 0.0027370 secs]
[GC 60581K->31877K(115712K), 0.0031430 secs]
[GC 60036K->31933K(115200K), 0.0025770 secs]
[GC 59581K->31933K(114688K), 0.0023520 secs]
[GC 59069K->31869K(114176K), 0.0031370 secs]
[GC 58493K->31941K(113664K), 0.0024430 secs]
[GC 58053K->31941K(113152K), 0.0021860 secs]
[GC 57541K->31909K(112640K), 0.0024450 secs]
[GC 56997K->31949K(112128K), 0.0032910 secs]
[GC 56525K->31957K(111616K), 0.0022300 secs]
[GC 56021K->31861K(111616K), 0.0074730 secs]
[GC 55925K->31901K(111616K), 0.0032380 secs]
[GC 55965K->31933K(111616K), 0.0037580 secs]
[GC 55997K->31949K(111616K), 0.0026600 secs]
[GC 56013K->31981K(111616K), 0.0020680 secs]
[GC 56045K->31917K(111616K), 0.0055600 secs]
[GC 55981K->31997K(111616K), 0.0025290 secs]
[GC 56061K->31933K(111616K), 0.0028670 secs]
[GC 55997K->31933K(111616K), 0.0060150 secs]
[GC 55997K->31981K(111616K), 0.0029960 secs]
[GC 56045K->31989K(111616K), 0.0028320 secs]
[GC 56053K->31957K(111616K), 0.0029250 secs]
[GC 56021K->32029K(111616K), 0.0021490 secs]
[GC 56093K->31997K(111616K), 0.0032670 secs]
[GC 56061K->32013K(111616K), 0.0024690 secs]
[GC 56077K->32045K(111616K), 0.0029600 secs]
[GC 56109K->32021K(111616K), 0.0043190 secs]
[GC 56085K->32021K(111616K), 0.0023980 secs]
[GC 56081K->31989K(111616K), 0.0029380 secs]
[GC 56053K->32061K(111616K), 0.0034050 secs]
[GC 56125K->32029K(111616K), 0.0027890 secs]
[GC 56093K->32013K(111616K), 0.0054770 secs]
[GC 56077K->32045K(111616K), 0.0027410 secs]
[GC 56109K->32053K(111616K), 0.0029210 secs]
[GC 56117K->32085K(111616K), 0.0025370 secs]
[GC 56149K->32085K(111616K), 0.0033290 secs]
[GC 56149K->32061K(111616K), 0.0029880 secs]
[GC 56125K->32093K(111616K), 0.0025540 secs]
[GC 56157K->32061K(111616K), 0.0035140 secs]
[GC 56125K->32093K(116736K), 0.0034290 secs]
[GC 61277K->32101K(116224K), 0.0021480 secs]
[GC 60773K->32069K(115712K), 0.0026500 secs]
[GC 60229K->32101K(115200K), 0.0030770 secs]
[GC 59749K->32053K(120832K), 0.0037400 secs]
[GC 65333K->32053K(127488K), 0.0031540 secs]
[GC 71989K->32117K(126464K), 0.0027430 secs]
[GC 71029K->32093K(125440K), 0.0029540 secs]
[GC 69981K->32125K(124928K), 0.0024620 secs]
[GC 69501K->32125K(124416K), 0.0026350 secs]
[GC 68989K->32141K(123904K), 0.0028820 secs]
[GC 68493K->32141K(123392K), 0.0033010 secs]
[GC 67981K->32149K(130560K), 0.0074100 secs]
[GC 75157K->32117K(129536K), 0.0027900 secs]
[GC 74101K->32149K(128512K), 0.0028710 secs]
[GC 73109K->32157K(127488K), 0.0040250 secs]
[GC 72093K->32157K(126464K), 0.0027500 secs]
[GC 71069K->32133K(125440K), 0.0026920 secs]
[GC 70021K->32165K(124928K), 0.0024880 secs]
[GC 69541K->32109K(124416K), 0.0036850 secs]
[GC 68973K->32141K(123904K), 0.0039740 secs]
[GC 68491K->32149K(123392K), 0.0029270 secs]
[GC 67989K->32181K(122880K), 0.0026120 secs]
[GC 67509K->32181K(122368K), 0.0027190 secs]
[GC 66997K->32189K(121856K), 0.0030180 secs]
[GC 66493K->32189K(121344K), 0.0025420 secs]
[GC 65981K->32197K(120832K), 0.0027050 secs]
[GC 65477K->32197K(120320K), 0.0022730 secs]
[GC 64965K->32213K(119808K), 0.0026810 secs]
[GC 64469K->32181K(119296K), 0.0028550 secs]
[GC 63925K->32157K(118784K), 0.0028070 secs]
[GC 63389K->32197K(118272K), 0.0041010 secs]
[GC 62917K->32229K(117760K), 0.0025320 secs]
[GC 62437K->32197K(117248K), 0.0034300 secs]
[GC 61893K->32245K(116736K), 0.0025520 secs]
[GC 61429K->32213K(116224K), 0.0028070 secs]
[GC 60885K->32245K(115712K), 0.0025160 secs]
[GC 60401K->32261K(115200K), 0.0031190 secs]
[GC 59909K->32261K(114688K), 0.0025240 secs]
[GC 59397K->32229K(114176K), 0.0027250 secs]
[GC 58853K->32237K(113664K), 0.0026800 secs]
[GC 58349K->32269K(113152K), 0.0022710 secs]
[GC 57869K->32269K(112640K), 0.0029850 secs]
[GC 57357K->32205K(112128K), 0.0037750 secs]
[GC 56780K->32245K(111616K), 0.0027650 secs]
[GC 56309K->32245K(111616K), 0.0027780 secs]
[GC 56309K->32245K(111616K), 0.0024730 secs]
[GC 56309K->32277K(111616K), 0.0025150 secs]
[GC 56341K->32285K(116736K), 0.0029190 secs]
[GC 61469K->32285K(122880K), 0.0027690 secs]
[GC 67613K->32285K(122368K), 0.0026900 secs]
[GC 67101K->32253K(121856K), 0.0029950 secs]
[GC 66557K->32229K(121344K), 0.0028130 secs]
[GC 66021K->32229K(120832K), 0.0038750 secs]
[GC 65509K->32293K(127488K), 0.0035030 secs]
[GC 72229K->32309K(126464K), 0.0026820 secs]
[GC 71221K->32309K(125440K), 0.0035770 secs]
[GC 70197K->32309K(124928K), 0.0028530 secs]
[GC 69685K->32293K(124416K), 0.0027330 secs]
[GC 69157K->32293K(123904K), 0.0028280 secs]
[GC 68645K->32301K(123392K), 0.0028820 secs]
[GC 68141K->32333K(122880K), 0.0030170 secs]
[GC 67661K->32349K(122368K), 0.0028600 secs]
[GC 67162K->32325K(121856K), 0.0027860 secs]
[GC 66629K->32325K(121344K), 0.0027300 secs]
[GC 66117K->32365K(120832K), 0.0038690 secs]
[GC 65645K->32365K(120320K), 0.0025700 secs]
[GC 65133K->32365K(119808K), 0.0027760 secs]
[GC 64621K->32381K(119296K), 0.0036840 secs]
[GC 64125K->32381K(118784K), 0.0027570 secs]
[GC 63613K->32349K(118272K), 0.0026480 secs]
[GC 63069K->32389K(117760K), 0.0025850 secs]
[GC 62597K->32389K(117248K), 0.0027150 secs]
[GC 62085K->32389K(116736K), 0.0026560 secs]
[GC 61573K->32365K(116224K), 0.0036310 secs]
[GC 61037K->32397K(115712K), 0.0027830 secs]
[GC 60557K->32333K(115200K), 0.0030040 secs]
[GC 59981K->32365K(114688K), 0.0032130 secs]
[GC 59501K->32349K(120320K), 0.0027950 secs]
[GC 65117K->32413K(119808K), 0.0026490 secs]
[GC 64669K->32413K(119296K), 0.0028250 secs]
[GC 64157K->32389K(118784K), 0.0043250 secs]
[GC 63621K->32421K(118272K), 0.0026160 secs]
[GC 63141K->32357K(117760K), 0.0028880 secs]
[GC 62565K->32373K(117248K), 0.0027570 secs]
[GC 62069K->32437K(116736K), 0.0034750 secs]
[GC 61621K->32405K(116224K), 0.0027320 secs]
[GC 61077K->32445K(115712K), 0.0026360 secs]
[GC 60603K->32413K(115200K), 0.0027030 secs]
[GC 60057K->32413K(114688K), 0.0027540 secs]
[GC 59549K->32445K(114176K), 0.0023600 secs]
[GC 59069K->32421K(113664K), 0.0027360 secs]
[GC 58533K->32421K(119296K), 0.0027840 secs]
[GC 64165K->32389K(118784K), 0.0027770 secs]
[GC 63621K->32453K(118272K), 0.0033590 secs]
[GC 63173K->32429K(117760K), 0.0029310 secs]
[GC 62637K->32461K(117248K), 0.0028250 secs]
[GC 62156K->32461K(116736K), 0.0025410 secs]
[GC 61645K->32437K(116224K), 0.0027760 secs]
[GC 61109K->32469K(115712K), 0.0025890 secs]
[GC 60629K->32469K(115200K), 0.0030260 secs]
[GC 60117K->32469K(120832K), 0.0028080 secs]
[GC 65749K->32445K(120320K), 0.0027420 secs]
[GC 65213K->32477K(119808K), 0.0025000 secs]
[GC 64733K->32445K(119296K), 0.0037620 secs]
[GC 64189K->32485K(125952K), 0.0037960 secs]
[GC 70885K->32421K(133632K), 0.0081040 secs]
[GC 78501K->32453K(142848K), 0.0028870 secs]
[GC 87749K->32461K(154112K), 0.0030950 secs]
[GC 99021K->32493K(152064K), 0.0025050 secs]
[GC 97005K->32469K(150016K), 0.0045550 secs]
[GC 94933K->32501K(148480K), 0.0026450 secs]
[GC 93429K->32453K(146944K), 0.0026960 secs]
[GC 91845K->32517K(145408K), 0.0026860 secs]
[GC 90373K->32533K(143872K), 0.0024940 secs]
[GC 88853K->32541K(142336K), 0.0027530 secs]
[GC 87325K->32549K(140800K), 0.0028280 secs]
[GC 85797K->32549K(139264K), 0.0026300 secs]
[GC 84261K->32517K(137728K), 0.0031850 secs]
[GC 82693K->32501K(136704K), 0.0039530 secs]
[GC 81653K->32565K(135680K), 0.0027360 secs]
[GC 80693K->32573K(134656K), 0.0025910 secs]
[GC 79677K->32509K(133632K), 0.0037330 secs]
[GC 78589K->32573K(132608K), 0.0026170 secs]
[GC 77629K->32581K(131584K), 0.0027180 secs]
[GC 76613K->32581K(130560K), 0.0026940 secs]
[GC 75589K->32581K(129536K), 0.0025150 secs]
[GC 74565K->32557K(128512K), 0.0028690 secs]
[GC 73517K->32589K(127488K), 0.0026710 secs]
[GC 72525K->32589K(126464K), 0.0026110 secs]
[GC 71501K->32605K(125440K), 0.0026880 secs]
[GC 70493K->32605K(124928K), 0.0024850 secs]
[GC 69981K->32605K(124416K), 0.0028210 secs]
[GC 69469K->32621K(123904K), 0.0025430 secs]
[GC 68973K->32589K(123392K), 0.0027100 secs]
[GC 68429K->32621K(122880K), 0.0025460 secs]
[GC 67949K->32597K(122368K), 0.0026330 secs]
[GC 67413K->32629K(121856K), 0.0025540 secs]
[GC 66933K->32653K(121344K), 0.0028770 secs]
[GC 66445K->32653K(120832K), 0.0027060 secs]
[GC 65933K->32661K(127488K), 0.0036240 secs]
[GC 72597K->32661K(126464K), 0.0025480 secs]
[GC 71573K->32661K(125440K), 0.0025320 secs]
[GC 70549K->32669K(124928K), 0.0026500 secs]
[GC 70045K->32637K(124416K), 0.0028070 secs]
[GC 69501K->32645K(123904K), 0.0027710 secs]
[GC 68997K->32645K(123392K), 0.0027660 secs]
[GC 68485K->32661K(122880K), 0.0025710 secs]
[GC 67989K->32629K(122368K), 0.0028890 secs]
[GC 67445K->32661K(121856K), 0.0032590 secs]
[GC 66965K->32661K(121344K), 0.0044580 secs]
[GC 66453K->32629K(120832K), 0.0045830 secs]
[GC 65909K->32669K(120320K), 0.0033370 secs]
[GC 65437K->32669K(119808K), 0.0043480 secs]
[GC 64925K->32709K(119296K), 0.0031840 secs]
[GC 64453K->32685K(118784K), 0.0046880 secs]
[GC 63917K->32661K(118272K), 0.0042120 secs]
[GC 63381K->32701K(117760K), 0.0028220 secs]
[GC 62909K->32733K(117248K), 0.0049130 secs]
[GC 62429K->32749K(116736K), 0.0025750 secs]
[GC 61933K->32685K(116224K), 0.0034600 secs]
[GC 61357K->32773K(115712K), 0.0024530 secs]
[GC 60933K->32709K(115200K), 0.0037270 secs]
[GC 60357K->32749K(114688K), 0.0040730 secs]
[GC 59885K->32757K(114176K), 0.0027890 secs]
[GC 59381K->32725K(113664K), 0.0039480 secs]
[GC 58837K->32797K(113152K), 0.0032080 secs]
[GC 58397K->32741K(112640K), 0.0026740 secs]
[GC 57829K->32773K(112128K), 0.0028220 secs]
[GC 57349K->32781K(111616K), 0.0026000 secs]
[GC 56845K->32781K(111616K), 0.0030910 secs]
[GC 56845K->32781K(111616K), 0.0024510 secs]
[GC 56845K->32829K(116736K), 0.0036410 secs]
[GC 62013K->32797K(116224K), 0.0026520 secs]
[GC 61469K->32797K(115712K), 0.0026930 secs]
[GC 60957K->32837K(115200K), 0.0025730 secs]
[GC 60485K->32773K(114688K), 0.0031860 secs]
[GC 59909K->32837K(114176K), 0.0022770 secs]
[GC 59461K->32845K(113664K), 0.0028820 secs]
[GC 58957K->32845K(113152K), 0.0025350 secs]
[GC 58445K->32845K(112640K), 0.0025900 secs]
[GC 57933K->32861K(112128K), 0.0021140 secs]
[GC 57437K->32829K(111616K), 0.0037380 secs]
[GC 56893K->32861K(116736K), 0.0026040 secs]
[GC 62045K->32861K(116224K), 0.0025160 secs]
[GC 61533K->32845K(115712K), 0.0023240 secs]
[GC 61005K->32845K(121344K), 0.0038160 secs]
[GC 66637K->32877K(128512K), 0.0025350 secs]
[GC 73837K->32877K(127488K), 0.0024840 secs]
[GC 72813K->32885K(126464K), 0.0027310 secs]
[GC 71797K->32853K(125440K), 0.0027490 secs]
[GC 70741K->32853K(124928K), 0.0021840 secs]
[GC 70229K->32893K(124416K), 0.0028910 secs]
[GC 69757K->32893K(123904K), 0.0028570 secs]
[GC 69245K->32837K(123392K), 0.0036550 secs]
[GC 68677K->32901K(122880K), 0.0024690 secs]
[GC 68229K->32909K(122368K), 0.0022400 secs]
[GC 67725K->32917K(121856K), 0.0026420 secs]
[GC 67221K->32893K(121344K), 0.0024920 secs]
[GC 66685K->32869K(120832K), 0.0033360 secs]
[GC 66149K->32933K(120320K), 0.0023510 secs]
[GC 65701K->32933K(119808K), 0.0024080 secs]
[GC 65189K->32941K(119296K), 0.0021710 secs]
[GC 64685K->32941K(118784K), 0.0021890 secs]
[GC 64173K->32909K(118272K), 0.0029280 secs]
[GC 63629K->32949K(117760K), 0.0026860 secs]
[GC 63157K->32917K(117248K), 0.0043630 secs]
[GC 62613K->32949K(116736K), 0.0024870 secs]
[GC 62133K->32965K(116224K), 0.0021790 secs]
[GC 61637K->32965K(115712K), 0.0033950 secs]
[GC 61125K->32965K(115200K), 0.0037590 secs]
[GC 60613K->32941K(114688K), 0.0028200 secs]
[GC 60077K->32973K(114176K), 0.0026760 secs]
[GC 59597K->32973K(113664K), 0.0025930 secs]
[GC 59085K->32981K(113152K), 0.0023570 secs]
[GC 58581K->32949K(112640K), 0.0035290 secs]
[GC 58037K->32893K(112128K), 0.0031130 secs]
[GC 57469K->32973K(111616K), 0.0023360 secs]
[GC 57037K->33005K(111616K), 0.0028070 secs]
[GC 57069K->32981K(111616K), 0.0026540 secs]
[GC 57045K->33013K(111616K), 0.0027210 secs]
[GC 57077K->32989K(111616K), 0.0024630 secs]
[GC 57053K->32989K(111616K), 0.0032800 secs]
[GC 57053K->32989K(111616K), 0.0028010 secs]
[GC 57053K->32957K(111616K), 0.0043750 secs]
[GC 57021K->32989K(111616K), 0.0028120 secs]
[GC 57053K->32997K(111616K), 0.0026820 secs]
[GC 57061K->32965K(111616K), 0.0023760 secs]
[GC 57029K->33037K(111616K), 0.0025300 secs]
[GC 57101K->32973K(111616K), 0.0031010 secs]
[GC 57037K->32981K(111616K), 0.0030690 secs]
[GC 57045K->33013K(111616K), 0.0027080 secs]
[GC 57077K->32949K(111616K), 0.0027470 secs]
[GC 57013K->33013K(111616K), 0.0024080 secs]
[GC 57077K->33021K(111616K), 0.0024330 secs]
[GC 57085K->33053K(111616K), 0.0032990 secs]
[GC 57117K->33029K(111616K), 0.0034150 secs]
[GC 57093K->33029K(111616K), 0.0027360 secs]
[GC 57093K->33069K(111616K), 0.0024830 secs]
[GC 57133K->33005K(111616K), 0.0049950 secs]
[GC 57069K->33037K(111616K), 0.0024850 secs]
[GC 57101K->33045K(111616K), 0.0053120 secs]
[GC 57109K->33013K(116736K), 0.0053990 secs]
[GC 62197K->33045K(116224K), 0.0024840 secs]
[GC 61717K->33053K(115712K), 0.0037150 secs]
[GC 61213K->33061K(115200K), 0.0027820 secs]
[GC 60709K->33037K(114688K), 0.0038150 secs]
[GC 60173K->33101K(114176K), 0.0036990 secs]
[GC 59725K->33069K(113664K), 0.0027610 secs]
[GC 59177K->33077K(113152K), 0.0028920 secs]
[GC 58677K->33045K(112640K), 0.0027000 secs]
[GC 58133K->33117K(117760K), 0.0077820 secs]
[GC 63325K->33085K(117248K), 0.0028550 secs]
[GC 62781K->33117K(116736K), 0.0025940 secs]
[GC 62301K->33061K(122880K), 0.0075100 secs]
[GC 68389K->33141K(130048K), 0.0026580 secs]
[GC 75637K->33117K(129024K), 0.0026500 secs]
[GC 74589K->33149K(128000K), 0.0028010 secs]
[GC 73597K->33085K(126976K), 0.0071040 secs]
[GC 72509K->33085K(125952K), 0.0041970 secs]
[GC 71485K->33093K(125440K), 0.0041270 secs]
[GC 70981K->33157K(124928K), 0.0027290 secs]
[GC 70533K->33133K(124416K), 0.0027450 secs]
[GC 69997K->33141K(123904K), 0.0031100 secs]
[GC 69493K->33117K(123392K), 0.0034580 secs]
[GC 68957K->33149K(122880K), 0.0027860 secs]
[GC 68477K->33133K(122368K), 0.0028480 secs]
[GC 67949K->33197K(121856K), 0.0025840 secs]
[GC 67501K->33165K(121344K), 0.0026510 secs]
[GC 66957K->33205K(120832K), 0.0030900 secs]
[GC 66485K->33141K(120320K), 0.0034990 secs]
[GC 65909K->33213K(119808K), 0.0029850 secs]
[GC 65469K->33221K(119296K), 0.0028840 secs]
[GC 64965K->33177K(118784K), 0.0086780 secs]
[GC 64409K->33177K(118272K), 0.0035460 secs]
[GC 63897K->33249K(117760K), 0.0025080 secs]
[GC 63457K->33249K(117248K), 0.0030140 secs]
[GC 62945K->33265K(116736K), 0.0030210 secs]
[GC 62449K->33265K(116224K), 0.0026820 secs]
[GC 61937K->33241K(115712K), 0.0038240 secs]
[GC 61401K->33241K(115200K), 0.0045890 secs]
[GC 60889K->33209K(114688K), 0.0055890 secs]
[GC 60345K->33249K(114176K), 0.0088220 secs]
[GC 59873K->33281K(113664K), 0.0027650 secs]
[GC 59393K->33265K(113152K), 0.0082150 secs]
[GC 58865K->33273K(112640K), 0.0046600 secs]
[GC 58361K->33273K(112128K), 0.0028150 secs]
[GC 57849K->33281K(111616K), 0.0055030 secs]
[GC 57345K->33313K(111616K), 0.0044960 secs]
[GC 57377K->33289K(111616K), 0.0073970 secs]
[GC 57353K->33289K(111616K), 0.0038640 secs]
[GC 57353K->33337K(116736K), 0.0119890 secs]
[GC 62521K->33305K(122880K), 0.0025520 secs]
[GC 68633K->33345K(130048K), 0.0039480 secs]
[GC 75841K->33289K(138752K), 0.0031570 secs]
[GC 84489K->33297K(137216K), 0.0050110 secs]
[GC 82961K->33337K(136192K), 0.0029140 secs]
[GC 81977K->33369K(135168K), 0.0031390 secs]
[GC 80985K->33345K(134144K), 0.0024730 secs]
[GC 79937K->33353K(133120K), 0.0023540 secs]
[GC 78921K->33353K(132096K), 0.0026240 secs]
[GC 77897K->33361K(131072K), 0.0021200 secs]
[GC 76881K->33401K(130048K), 0.0026870 secs]
[GC 75897K->33401K(129024K), 0.0027150 secs]
[GC 74873K->33409K(128000K), 0.0046420 secs]
[GC 73857K->33377K(126976K), 0.0040460 secs]
[GC 72801K->33393K(125952K), 0.0024860 secs]
[GC 71790K->33393K(125440K), 0.0034220 secs]
[GC 71281K->33409K(124928K), 0.0026140 secs]
[GC 70785K->33441K(124416K), 0.0022140 secs]
[GC 70305K->33417K(123904K), 0.0026550 secs]
[GC 69769K->33417K(123392K), 0.0026400 secs]
[GC 69257K->33465K(122880K), 0.0040910 secs]
[GC 68793K->33433K(122368K), 0.0026170 secs]
[GC 68249K->33409K(121856K), 0.0032480 secs]
[GC 67713K->33441K(121344K), 0.0025650 secs]
[GC 67233K->33449K(120832K), 0.0026330 secs]
[GC 66729K->33417K(120320K), 0.0034650 secs]
[GC 66185K->33457K(119808K), 0.0028750 secs]
[GC 65713K->33489K(119296K), 0.0041260 secs]
[GC 65233K->33497K(118784K), 0.0026640 secs]
[GC 64729K->33465K(118272K), 0.0026540 secs]
[GC 64185K->33441K(117760K), 0.0067520 secs]
[GC 63649K->33473K(117248K), 0.0029320 secs]
[GC 63169K->33505K(116736K), 0.0031560 secs]
[GC 62689K->33481K(116224K), 0.0045100 secs]
[GC 62152K->33513K(115712K), 0.0037310 secs]
[GC 61673K->33521K(115200K), 0.0028820 secs]
[GC 61169K->33489K(114688K), 0.0026130 secs]
[GC 60625K->33489K(114176K), 0.0025870 secs]
[GC 60113K->33529K(113664K), 0.0025380 secs]
[GC 59641K->33513K(113152K), 0.0032600 secs]
[GC 59113K->33521K(112640K), 0.0046190 secs]
[GC 58609K->33553K(112128K), 0.0046030 secs]
[GC 58129K->33489K(117248K), 0.0050110 secs]
[GC 63185K->33537K(123392K), 0.0042270 secs]
[GC 69377K->33537K(122880K), 0.0027530 secs]
[GC 68865K->33521K(122368K), 0.0029100 secs]
[GC 68337K->33585K(121856K), 0.0027520 secs]
[GC 67889K->33537K(121344K), 0.0055290 secs]
[GC 67329K->33569K(120832K), 0.0039980 secs]
[GC 66849K->33617K(120320K), 0.0027180 secs]
[GC 66385K->33585K(119808K), 0.0040710 secs]
[GC 65841K->33625K(119296K), 0.0067620 secs]
[GC 65369K->33593K(118784K), 0.0028110 secs]
[GC 64825K->33593K(118272K), 0.0024720 secs]
[GC 64313K->33601K(117760K), 0.0033950 secs]
[GC 63809K->33601K(117248K), 0.0042140 secs]
[GC 63297K->33609K(123392K), 0.0059120 secs]
[GC 69449K->33641K(122880K), 0.0036990 secs]
[GC 68969K->33617K(122368K), 0.0025160 secs]
[GC 68433K->33649K(121856K), 0.0023860 secs]
[GC 67953K->33625K(121344K), 0.0053650 secs]
[GC 67417K->33625K(120832K), 0.0025450 secs]
[GC 66905K->33673K(120320K), 0.0029570 secs]
[GC 66441K->33673K(119808K), 0.0026970 secs]
[GC 65929K->33641K(119296K), 0.0027770 secs]
[GC 65385K->33585K(118784K), 0.0047750 secs]
[GC 64817K->33681K(118272K), 0.0028450 secs]
[GC 64401K->33657K(117760K), 0.0024780 secs]
[GC 63865K->33657K(117248K), 0.0032030 secs]
[GC 63349K->33665K(116736K), 0.0029090 secs]
[GC 62845K->33697K(116224K), 0.0025570 secs]
[GC 62369K->33665K(115712K), 0.0027340 secs]
[GC 61825K->33705K(115200K), 0.0064450 secs]
[GC 61353K->33673K(114688K), 0.0054850 secs]
[GC 60809K->33649K(114176K), 0.0025060 secs]
[GC 60273K->33713K(113664K), 0.0022890 secs]
[GC 59825K->33713K(113152K), 0.0029450 secs]
[GC 59313K->33689K(112640K), 0.0031540 secs]
[GC 58777K->33689K(112128K), 0.0097430 secs]
[GC 58265K->33721K(111616K), 0.0028070 secs]
[GC 57785K->33721K(111616K), 0.0049720 secs]
[GC 57785K->33657K(111616K), 0.0037140 secs]
[GC 57721K->33697K(111616K), 0.0024240 secs]
[GC 57761K->33705K(111616K), 0.0057700 secs]
[GC 57769K->33705K(111616K), 0.0034110 secs]
[GC 57769K->33705K(111616K), 0.0027060 secs]
[GC 57769K->33713K(111616K), 0.0028820 secs]
[GC 57777K->33721K(111616K), 0.0023570 secs]
[GC 57785K->33769K(111616K), 0.0029740 secs]
[GC 57833K->33737K(111616K), 0.0042550 secs]
[GC 57801K->33753K(111616K), 0.0024250 secs]
[GC 57817K->33753K(111616K), 0.0029780 secs]
[GC 57817K->33753K(111616K), 0.0028090 secs]
[GC 57817K->33761K(111616K), 0.0057130 secs]
[GC 57825K->33729K(116736K), 0.0067050 secs]
[GC 62913K->33769K(116224K), 0.0027080 secs]
[GC 62441K->33737K(122368K), 0.0147080 secs]
[GC 68553K->33801K(129536K), 0.0031900 secs]
[GC 75785K->33801K(138240K), 0.0024240 secs]
[GC 84489K->33753K(137216K), 0.0023040 secs]
[GC 83417K->33785K(136192K), 0.0051340 secs]
[GC 82425K->33785K(135168K), 0.0030750 secs]
[GC 81401K->33785K(134144K), 0.0053610 secs]
[GC 80377K->33785K(133120K), 0.0076560 secs]
[GC 79353K->33825K(132096K), 0.0039690 secs]
[GC 78369K->33793K(131072K), 0.0028970 secs]
[GC 77313K->33761K(130048K), 0.0060170 secs]
[GC 76257K->33793K(129024K), 0.0040380 secs]
[GC 75265K->33825K(128000K), 0.0025550 secs]
[GC 74273K->33801K(126976K), 0.0036600 secs]
[GC 73225K->33801K(125952K), 0.0034300 secs]
[GC 72201K->33809K(125440K), 0.0026730 secs]
[GC 71697K->33841K(124928K), 0.0024850 secs]
[GC 71217K->33841K(124416K), 0.0024630 secs]
[GC 70705K->33785K(123904K), 0.0030580 secs]
[GC 70137K->33785K(123392K), 0.0026870 secs]
[GC 69625K->33825K(122880K), 0.0027330 secs]
[GC 69153K->33801K(122368K), 0.0076320 secs]
[GC 68617K->33881K(121856K), 0.0027540 secs]
[GC 68185K->33817K(121344K), 0.0024490 secs]
[GC 67609K->33897K(120832K), 0.0023900 secs]
[GC 67177K->33841K(120320K), 0.0055010 secs]
[GC 66609K->33913K(119808K), 0.0028140 secs]
[GC 66169K->33881K(119296K), 0.0026580 secs]
[GC 65625K->33857K(118784K), 0.0034720 secs]
[GC 65089K->33857K(118272K), 0.0027450 secs]
[GC 64577K->33929K(117760K), 0.0034460 secs]
[GC 64137K->33865K(117248K), 0.0025480 secs]
[GC 63561K->33913K(116736K), 0.0027160 secs]
[GC 63095K->33913K(116224K), 0.0032250 secs]
[GC 62585K->33921K(115712K), 0.0028360 secs]
[GC 62080K->33953K(115200K), 0.0023570 secs]
[GC 61601K->33889K(114688K), 0.0042260 secs]
[GC 61025K->33921K(114176K), 0.0050770 secs]
[GC 60545K->33961K(113664K), 0.0024770 secs]
[GC 60073K->33929K(113152K), 0.0027960 secs]
[GC 59528K->33969K(112640K), 0.0024130 secs]
[GC 59057K->33969K(112128K), 0.0035950 secs]
[GC 58545K->33945K(111616K), 0.0026970 secs]
[GC 58009K->33881K(111616K), 0.0063250 secs]
[GC 57945K->33945K(111616K), 0.0031690 secs]
[GC 58009K->33953K(111616K), 0.0028500 secs]
[GC 58017K->33953K(111616K), 0.0046010 secs]
[GC 58017K->33993K(111616K), 0.0035530 secs]
[GC 58057K->33993K(111616K), 0.0031690 secs]
[GC 58057K->33969K(111616K), 0.0024100 secs]
[GC 58033K->33977K(111616K), 0.0022760 secs]
[GC 58041K->33977K(111616K), 0.0054040 secs]
[GC 58041K->34017K(111616K), 0.0024360 secs]
[GC 58081K->33953K(116736K), 0.0105340 secs]
[GC 63137K->33929K(122880K), 0.0051830 secs]
[GC 69257K->33993K(122368K), 0.0031070 secs]
[GC 68809K->33969K(121856K), 0.0042340 secs]
[GC 68273K->33969K(121344K), 0.0044150 secs]
[GC 67761K->34009K(120832K), 0.0027290 secs]
[GC 67289K->34009K(120320K), 0.0027770 secs]
[GC 66777K->33985K(119808K), 0.0026860 secs]
[GC 66241K->34049K(119296K), 0.0023690 secs]
[GC 65793K->34025K(118784K), 0.0025270 secs]
[GC 65257K->34001K(118272K), 0.0036890 secs]
[GC 64721K->34081K(117760K), 0.0027240 secs]
[GC 64289K->34017K(117248K), 0.0045060 secs]
[GC 63713K->34025K(116736K), 0.0033590 secs]
[GC 63209K->34089K(116224K), 0.0025660 secs]
[GC 62761K->34089K(115712K), 0.0024750 secs]
[GC 62248K->34097K(115200K), 0.0031280 secs]
[GC 61745K->34097K(114688K), 0.0026350 secs]
[GC 61233K->34073K(114176K), 0.0033310 secs]
[GC 60697K->34073K(113664K), 0.0042950 secs]
[GC 60185K->34081K(113152K), 0.0029240 secs]
[GC 59681K->34057K(112640K), 0.0035490 secs]
[GC 59145K->34097K(112128K), 0.0031410 secs]
[GC 58673K->34097K(111616K), 0.0025840 secs]
[GC 58161K->34105K(111616K), 0.0049610 secs]
[GC 58169K->34121K(111616K), 0.0029490 secs]
[GC 58185K->34121K(111616K), 0.0027780 secs]
[GC 58185K->34153K(111616K), 0.0025680 secs]
[GC 58217K->34129K(111616K), 0.0027670 secs]
[GC 58193K->34129K(111616K), 0.0023520 secs]
[GC 58193K->34137K(111616K), 0.0024800 secs]
[GC 58201K->34137K(111616K), 0.0023510 secs]
[GC 58201K->34177K(111616K), 0.0025350 secs]
[GC 58241K->34177K(111616K), 0.0025520 secs]
[GC 58241K->34145K(111616K), 0.0030700 secs]
[GC 58209K->34153K(111616K), 0.0026720 secs]
[GC 58217K->34121K(111616K), 0.0076460 secs]
[GC 58185K->34193K(111616K), 0.0026750 secs]
[GC 58257K->34169K(111616K), 0.0032260 secs]
[GC 58233K->34169K(111616K), 0.0032760 secs]
[GC 58233K->34177K(111616K), 0.0026570 secs]
[GC 58241K->34177K(111616K), 0.0038510 secs]
[GC 58241K->34161K(111616K), 0.0027720 secs]
[GC 58225K->34161K(111616K), 0.0032300 secs]
[GC 58225K->34201K(111616K), 0.0037460 secs]
[GC 58265K->34201K(111616K), 0.0029600 secs]
[GC 58265K->34201K(111616K), 0.0024920 secs]
[GC 58261K->34209K(111616K), 0.0027670 secs]
[GC 58272K->34209K(111616K), 0.0024400 secs]
[GC 58273K->34209K(111616K), 0.0027030 secs]
[GC 58273K->34193K(111616K), 0.0042540 secs]
[GC 58256K->34257K(111616K), 0.0024890 secs]
[GC 58321K->34257K(111616K), 0.0027880 secs]
[GC 58321K->34233K(111616K), 0.0029550 secs]
[GC 58297K->34233K(111616K), 0.0023110 secs]
[GC 58297K->34249K(111616K), 0.0028410 secs]
[GC 58313K->34281K(111616K), 0.0022190 secs]
[GC 58345K->34225K(111616K), 0.0061660 secs]
[GC 58289K->34289K(111616K), 0.0022040 secs]
[GC 58353K->34257K(111616K), 0.0032860 secs]
[GC 58321K->34265K(111616K), 0.0029680 secs]
[GC 58329K->34265K(111616K), 0.0028440 secs]
[GC 58329K->34241K(111616K), 0.0033060 secs]
[GC 58305K->34241K(111616K), 0.0032610 secs]
[GC 58305K->34281K(111616K), 0.0028830 secs]
[GC 58344K->34281K(111616K), 0.0034310 secs]
[GC 58345K->34281K(111616K), 0.0031710 secs]
[GC 58345K->34297K(111616K), 0.0028010 secs]
[GC 58361K->34265K(111616K), 0.0032660 secs]
[GC 58329K->34337K(111616K), 0.0035750 secs]
[GC 58401K->34313K(111616K), 0.0030540 secs]
[GC 58377K->34289K(111616K), 0.0026940 secs]
[GC 58353K->34353K(111616K), 0.0026370 secs]
[GC 58417K->34329K(111616K), 0.0029540 secs]
[GC 58391K->34329K(111616K), 0.0028150 secs]
[GC 58393K->34305K(111616K), 0.0026250 secs]
[GC 58369K->34337K(111616K), 0.0028580 secs]
[GC 58401K->34369K(111616K), 0.0026110 secs]
[GC 58430K->34313K(111616K), 0.0029260 secs]
[GC 58377K->34345K(111616K), 0.0038510 secs]
[GC 58409K->34353K(111616K), 0.0029920 secs]
[GC 58417K->34329K(111616K), 0.0090960 secs]
[GC 58393K->34297K(111616K), 0.0030390 secs]
[GC 58361K->34361K(111616K), 0.0039750 secs]
[GC 58425K->34393K(111616K), 0.0041580 secs]
[GC 58457K->34369K(111616K), 0.0035030 secs]
[GC 58433K->34401K(111616K), 0.0030630 secs]
[GC 58465K->34345K(111616K), 0.0050570 secs]
[GC 58409K->34409K(111616K), 0.0033060 secs]
[GC 58473K->34385K(116736K), 0.0102620 secs]
[GC 63569K->34393K(116224K), 0.0024320 secs]
[GC 63063K->34401K(115712K), 0.0066470 secs]
[GC 62561K->34369K(115200K), 0.0033190 secs]
[GC 62017K->34401K(114688K), 0.0080450 secs]
[GC 61537K->34377K(114176K), 0.0060810 secs]
[GC 61001K->34441K(113664K), 0.0023880 secs]
[GC 60553K->34441K(113152K), 0.0067550 secs]
[GC 60041K->34409K(112640K), 0.0075690 secs]
[GC 59497K->34441K(112128K), 0.0063860 secs]
[GC 59017K->34441K(111616K), 0.0053240 secs]
[GC 58505K->34441K(111616K), 0.0024930 secs]
[GC 58505K->34385K(111616K), 0.0095430 secs]
[GC 58449K->34385K(111616K), 0.0043820 secs]
[GC 58449K->34425K(111616K), 0.0036390 secs]
[GC 58489K->34425K(111616K), 0.0074640 secs]
[GC 58489K->34457K(111616K), 0.0043070 secs]
[GC 58521K->34473K(111616K), 0.0022210 secs]
[GC 58537K->34377K(116736K), 0.0184880 secs]
[GC 63561K->34409K(122880K), 0.0025960 secs]
[GC 69737K->34481K(122368K), 0.0027650 secs]
[GC 69297K->34449K(121856K), 0.0053990 secs]
[GC 68753K->34489K(121344K), 0.0047390 secs]
[GC 68281K->34489K(120832K), 0.0035100 secs]
[GC 67769K->34433K(120320K), 0.0058960 secs]
[GC 67201K->34465K(126976K), 0.0079090 secs]
[GC 73889K->34465K(125952K), 0.0024910 secs]
[GC 72865K->34465K(125440K), 0.0025490 secs]
[GC 72353K->34433K(124928K), 0.0045470 secs]
[GC 71809K->34505K(124416K), 0.0048090 secs]
[GC 71369K->34473K(123904K), 0.0070320 secs]
[GC 70825K->34481K(123392K), 0.0027600 secs]
[GC 70321K->34457K(122880K), 0.0025810 secs]
[GC 69785K->34537K(122368K), 0.0094590 secs]
[GC 69353K->34505K(121856K), 0.0038840 secs]
[GC 68809K->34473K(121344K), 0.0040320 secs]
[GC 68265K->34505K(120832K), 0.0025170 secs]
[GC 67785K->34481K(120320K), 0.0024370 secs]
[GC 67249K->34545K(119808K), 0.0025010 secs]
[GC 66801K->34521K(119296K), 0.0087190 secs]
[GC 66265K->34521K(118784K), 0.0025180 secs]
[GC 65753K->34529K(118272K), 0.0038170 secs]
[GC 65249K->34561K(117760K), 0.0046090 secs]
[GC 64769K->34537K(117248K), 0.0031180 secs]
[GC 64233K->34569K(116736K), 0.0033540 secs]
[GC 63753K->34577K(116224K), 0.0027450 secs]
[GC 63249K->34521K(115712K), 0.0048970 secs]
[GC 62681K->34561K(115200K), 0.0022080 secs]
[GC 62209K->34601K(114688K), 0.0027270 secs]
[GC 61737K->34601K(114176K), 0.0037870 secs]
[GC 61225K->34609K(113664K), 0.0048980 secs]
[GC 60721K->34577K(113152K), 0.0021190 secs]
[GC 60177K->34577K(112640K), 0.0023570 secs]
[GC 59665K->34593K(112128K), 0.0025630 secs]
[GC 59169K->34625K(111616K), 0.0034100 secs]
[GC 58689K->34609K(116736K), 0.0072070 secs]
[GC 63793K->34609K(116224K), 0.0023320 secs]
[GC 63281K->34609K(115712K), 0.0027850 secs]
[GC 62769K->34617K(115200K), 0.0051390 secs]
[GC 62265K->34585K(114688K), 0.0042350 secs]
[GC 61721K->34649K(114176K), 0.0025980 secs]
[GC 61273K->34657K(113664K), 0.0024480 secs]
[GC 60769K->34625K(113152K), 0.0057270 secs]
[GC 60225K->34641K(118272K), 0.0049320 secs]
[GC 65361K->34673K(124416K), 0.0046070 secs]
[GC 71537K->34641K(123904K), 0.0025460 secs]
[GC 70993K->34689K(123392K), 0.0033730 secs]
[GC 70529K->34673K(122880K), 0.0025590 secs]
[GC 70001K->34649K(122368K), 0.0057440 secs]
[GC 69465K->34697K(129536K), 0.0086870 secs]
[GC 76681K->34745K(138240K), 0.0058580 secs]
[GC 85433K->34713K(137216K), 0.0039920 secs]
[GC 84377K->34761K(136192K), 0.0033600 secs]
[GC 83401K->34761K(135168K), 0.0054620 secs]
[GC 82377K->34745K(134144K), 0.0023340 secs]
[GC 81337K->34745K(133120K), 0.0065100 secs]
[GC 80313K->34777K(132096K), 0.0034970 secs]
[GC 79321K->34721K(131072K), 0.0032840 secs]
[GC 78241K->34761K(130048K), 0.0029670 secs]
[GC 77257K->34761K(129024K), 0.0029240 secs]
[GC 76233K->34809K(128000K), 0.0024620 secs]
[GC 75257K->34777K(126976K), 0.0057780 secs]
[GC 74201K->34785K(125952K), 0.0028050 secs]
[GC 73185K->34801K(125440K), 0.0025760 secs]
[GC 72689K->34809K(124928K), 0.0024710 secs]
[GC 72185K->34809K(124416K), 0.0079890 secs]
[GC 71673K->34777K(123904K), 0.0029020 secs]
[GC 71129K->34849K(123392K), 0.0081240 secs]
[GC 70689K->34849K(122880K), 0.0033180 secs]
[GC 70177K->34841K(122368K), 0.0027180 secs]
[GC 69657K->34897K(121856K), 0.0064560 secs]
[GC 69201K->34881K(121344K), 0.0028000 secs]
[GC 68673K->34849K(120832K), 0.0047800 secs]
[GC 68129K->34857K(120320K), 0.0061510 secs]
[GC 67625K->34921K(119808K), 0.0036600 secs]
[GC 67177K->34921K(119296K), 0.0026410 secs]
[GC 66665K->34897K(118784K), 0.0028470 secs]
[GC 66129K->34897K(118272K), 0.0027950 secs]
[GC 65617K->34937K(117760K), 0.0026110 secs]
[GC 65145K->34937K(117248K), 0.0024870 secs]
[GC 64633K->34905K(116736K), 0.0027130 secs]
[GC 64089K->34881K(116224K), 0.0028900 secs]
[GC 63553K->34913K(115712K), 0.0026060 secs]
[GC 63073K->34945K(115200K), 0.0058020 secs]
[GC 62592K->34929K(114688K), 0.0026140 secs]
[GC 62065K->34961K(114176K), 0.0028360 secs]
[GC 61585K->34937K(113664K), 0.0051090 secs]
[GC 61049K->34969K(119296K), 0.0068360 secs]
[GC 66713K->34937K(125952K), 0.0031140 secs]
[GC 73337K->34985K(125440K), 0.0025960 secs]
[GC 72873K->34953K(124928K), 0.0035140 secs]
[GC 72329K->34961K(124416K), 0.0023560 secs]
[GC 71825K->35009K(123904K), 0.0024790 secs]
[GC 71361K->34985K(123392K), 0.0030400 secs]
[GC 70825K->34985K(122880K), 0.0021490 secs]
[GC 70313K->34961K(122368K), 0.0037860 secs]
[GC 69777K->34993K(121856K), 0.0028740 secs]
[GC 69297K->35049K(121344K), 0.0027100 secs]
[GC 68841K->35017K(120832K), 0.0030830 secs]
[GC 68297K->34993K(120320K), 0.0039750 secs]
[GC 67761K->35033K(119808K), 0.0022520 secs]
[GC 67289K->35033K(119296K), 0.0039970 secs]
[GC 66777K->35049K(118784K), 0.0025760 secs]
[GC 66281K->35081K(118272K), 0.0024600 secs]
[GC 65801K->35097K(117760K), 0.0026030 secs]
[GC 65305K->35097K(117248K), 0.0030670 secs]
[GC 64793K->35113K(116736K), 0.0023360 secs]
[GC 64297K->35049K(116224K), 0.0065030 secs]
[GC 63721K->35113K(115712K), 0.0024650 secs]
[GC 63273K->35121K(115200K), 0.0036280 secs]
[GC 62769K->35137K(114688K), 0.0025980 secs]
[GC 62271K->35105K(114176K), 0.0040500 secs]
[GC 61729K->35145K(113664K), 0.0037310 secs]
[GC 61257K->35145K(113152K), 0.0036600 secs]
[GC 60745K->35121K(112640K), 0.0051510 secs]
[GC 60209K->35153K(112128K), 0.0032520 secs]
[GC 59729K->35161K(111616K), 0.0031250 secs]
[GC 59225K->35129K(111616K), 0.0034630 secs]
[GC 59193K->35137K(116736K), 0.0086790 secs]
[GC 64321K->35137K(122880K), 0.0028290 secs]
[GC 70465K->35105K(122368K), 0.0026600 secs]
[GC 69921K->35137K(121856K), 0.0037940 secs]
[GC 69441K->35169K(121344K), 0.0038310 secs]
[GC 68961K->35185K(120832K), 0.0043020 secs]
[GC 68465K->35153K(120320K), 0.0036650 secs]
[GC 67921K->35129K(119808K), 0.0029310 secs]
[GC 67385K->35129K(119296K), 0.0033570 secs]
[GC 66873K->35161K(118784K), 0.0060730 secs]
[GC 66393K->35169K(118272K), 0.0024810 secs]
[GC 65889K->35169K(117760K), 0.0025130 secs]
[GC 65377K->35177K(117248K), 0.0026500 secs]
[GC 64873K->35177K(116736K), 0.0030260 secs]
[GC 64361K->35217K(116224K), 0.0068130 secs]
[GC 63889K->35217K(115712K), 0.0024930 secs]
[GC 63377K->35185K(121344K), 0.0073290 secs]
[GC 68977K->35233K(128512K), 0.0052760 secs]
[GC 76193K->35169K(127488K), 0.0024510 secs]
[GC 75105K->35209K(126464K), 0.0035200 secs]
[GC 74121K->35241K(125440K), 0.0036890 secs]
[GC 73129K->35249K(124928K), 0.0050120 secs]
[GC 72625K->35249K(124416K), 0.0074830 secs]
[GC 72113K->35249K(123904K), 0.0024150 secs]
[GC 71601K->35217K(123392K), 0.0027390 secs]
[GC 71057K->35225K(122880K), 0.0025960 secs]
[GC 70553K->35193K(122368K), 0.0041820 secs]
[GC 70009K->35225K(121856K), 0.0055130 secs]
[GC 69529K->35281K(121344K), 0.0024650 secs]
[GC 69073K->35185K(128512K), 0.0080260 secs]
[GC 76145K->35289K(127488K), 0.0028250 secs]
[GC 75225K->35257K(126464K), 0.0050370 secs]
[GC 74169K->35265K(125440K), 0.0028430 secs]
[GC 73153K->35297K(124928K), 0.0025220 secs]
[GC 72673K->35305K(124416K), 0.0028540 secs]
[GC 72169K->35305K(123904K), 0.0026190 secs]
[GC 71657K->35281K(123392K), 0.0058310 secs]
[GC 71121K->35313K(122880K), 0.0022760 secs]
[GC 70641K->35329K(122368K), 0.0038480 secs]
[GC 70145K->35329K(121856K), 0.0078290 secs]
[GC 69633K->35337K(121344K), 0.0035920 secs]
[GC 69129K->35337K(120832K), 0.0037950 secs]
[GC 68617K->35361K(120320K), 0.0037340 secs]
[GC 68129K->35377K(119808K), 0.0031210 secs]
[GC 67633K->35361K(119296K), 0.0030050 secs]
[GC 67105K->35393K(118784K), 0.0040670 secs]
[GC 66625K->35369K(118272K), 0.0042950 secs]
[GC 66089K->35409K(117760K), 0.0020570 secs]
[GC 65617K->35385K(117248K), 0.0067810 secs]
[GC 65081K->35401K(116736K), 0.0035130 secs]
[GC 64585K->35417K(116224K), 0.0065500 secs]
[GC 64089K->35449K(115712K), 0.0032510 secs]
[GC 63609K->35457K(115200K), 0.0046430 secs]
[GC 63105K->35457K(114688K), 0.0030090 secs]
[GC 62593K->35425K(114176K), 0.0039890 secs]
[GC 62049K->35473K(113664K), 0.0035100 secs]
[GC 61585K->35473K(113152K), 0.0034490 secs]
[GC 61073K->35457K(112640K), 0.0031080 secs]
[GC 60545K->35457K(112128K), 0.0022910 secs]
[GC 60033K->35497K(111616K), 0.0026370 secs]
[GC 59561K->35465K(111616K), 0.0026710 secs]
[GC 59529K->35513K(116736K), 0.0065340 secs]
[GC 64697K->35513K(122880K), 0.0068230 secs]
[GC 70841K->35481K(130048K), 0.0037050 secs]
[GC 77977K->35521K(138752K), 0.0054240 secs]
[GC 86721K->35521K(148992K), 0.0045090 secs]
[GC 96961K->35489K(147456K), 0.0027240 secs]
[GC 95393K->35505K(145920K), 0.0028920 secs]
[GC 93873K->35537K(144384K), 0.0063680 secs]
[GC 92369K->35513K(142848K), 0.0033310 secs]
[GC 90809K->35545K(141312K), 0.0026810 secs]
[GC 89305K->35545K(139776K), 0.0021850 secs]
[GC 87769K->35521K(138240K), 0.0026770 secs]
[GC 86209K->35457K(137216K), 0.0031020 secs]
[GC 85121K->35553K(136192K), 0.0024780 secs]
[GC 84193K->35521K(135168K), 0.0045590 secs]
[GC 83137K->35569K(134144K), 0.0029110 secs]
[GC 82161K->35569K(133120K), 0.0024190 secs]
[GC 81137K->35569K(132096K), 0.0041330 secs]
[GC 80113K->35577K(131072K), 0.0070470 secs]
[GC 79097K->35593K(130048K), 0.0074310 secs]
[GC 78089K->35561K(129024K), 0.0026700 secs]
[GC 77033K->35601K(128000K), 0.0045190 secs]
[GC 76049K->35601K(126976K), 0.0027870 secs]
[GC 75025K->35609K(125952K), 0.0048780 secs]
[GC 74009K->35545K(125440K), 0.0028240 secs]
[GC 73433K->35585K(124928K), 0.0025760 secs]
[GC 72961K->35617K(124416K), 0.0024630 secs]
[GC 72481K->35521K(123904K), 0.0022460 secs]
[GC 71873K->35585K(123392K), 0.0058200 secs]
[GC 71425K->35633K(122880K), 0.0039810 secs]
[GC 70961K->35617K(122368K), 0.0023400 secs]
[GC 70433K->35649K(121856K), 0.0058640 secs]
[GC 69953K->35585K(121344K), 0.0038050 secs]
[GC 69377K->35593K(120832K), 0.0048250 secs]
[GC 68873K->35593K(120320K), 0.0050340 secs]
[GC 68361K->35665K(119808K), 0.0023720 secs]
[GC 67921K->35601K(119296K), 0.0034310 secs]
[GC 67345K->35673K(118784K), 0.0059690 secs]
[GC 66905K->35673K(118272K), 0.0085820 secs]
[GC 66393K->35641K(117760K), 0.0055960 secs]
[GC 65849K->35673K(117248K), 0.0074710 secs]
[GC 65369K->35649K(116736K), 0.0030650 secs]
[GC 64831K->35681K(116224K), 0.0060700 secs]
[GC 64353K->35649K(115712K), 0.0058730 secs]
[GC 63808K->35625K(115200K), 0.0025090 secs]
[GC 63273K->35673K(114688K), 0.0023970 secs]
[GC 62807K->35673K(114176K), 0.0043390 secs]
[GC 62297K->35649K(113664K), 0.0058850 secs]
[GC 61761K->35681K(113152K), 0.0024250 secs]
[GC 61281K->35681K(112640K), 0.0054070 secs]
[GC 60769K->35689K(112128K), 0.0043550 secs]
[GC 60265K->35721K(111616K), 0.0027930 secs]
[GC 59785K->35721K(111616K), 0.0027030 secs]
[GC 59785K->35689K(111616K), 0.0047950 secs]
[GC 59753K->35697K(111616K), 0.0023610 secs]
[GC 59761K->35697K(111616K), 0.0077790 secs]
[GC 59761K->35705K(111616K), 0.0052360 secs]
[GC 59769K->35673K(116736K), 0.0091610 secs]
[GC 64857K->35713K(122880K), 0.0051470 secs]
[GC 71041K->35745K(122368K), 0.0024930 secs]
[GC 70561K->35745K(121856K), 0.0023740 secs]
[GC 70049K->35761K(121344K), 0.0049100 secs]
[GC 69553K->35729K(128512K), 0.0118110 secs]
[GC 76689K->35697K(127488K), 0.0033200 secs]
[GC 75633K->35737K(126464K), 0.0049620 secs]
[GC 74649K->35713K(125440K), 0.0051050 secs]
[GC 73601K->35745K(124928K), 0.0044120 secs]
[GC 73121K->35745K(124416K), 0.0029470 secs]
[GC 72609K->35785K(123904K), 0.0024600 secs]
[GC 72137K->35753K(123392K), 0.0037920 secs]
[GC 71593K->35769K(122880K), 0.0074110 secs]
[GC 71097K->35737K(122368K), 0.0059430 secs]
[GC 70553K->35817K(121856K), 0.0030580 secs]
[GC 70121K->35785K(121344K), 0.0025690 secs]
[GC 69577K->35833K(120832K), 0.0023440 secs]
[GC 69113K->35833K(120320K), 0.0037240 secs]
[GC 68601K->35809K(119808K), 0.0032100 secs]
[GC 68065K->35841K(119296K), 0.0024110 secs]
[GC 67585K->35857K(118784K), 0.0024460 secs]
[GC 67089K->35857K(118272K), 0.0025030 secs]
[GC 66576K->35825K(117760K), 0.0038760 secs]
[GC 66033K->35825K(117248K), 0.0095480 secs]
[GC 65521K->35801K(116736K), 0.0029200 secs]
[GC 64985K->35865K(116224K), 0.0031200 secs]
[GC 64537K->35833K(115712K), 0.0029520 secs]
[GC 63993K->35841K(115200K), 0.0040770 secs]
[GC 63489K->35857K(114688K), 0.0033730 secs]
[GC 62993K->35857K(114176K), 0.0027230 secs]
[GC 62481K->35873K(113664K), 0.0023550 secs]
[GC 61985K->35841K(113152K), 0.0059600 secs]
[GC 61439K->35881K(112640K), 0.0078550 secs]
[GC 60969K->35881K(112128K), 0.0033000 secs]
[GC 60457K->35929K(111616K), 0.0044170 secs]
[GC 59993K->35929K(116736K), 0.0068170 secs]
[GC 65113K->35929K(122880K), 0.0040220 secs]
[GC 71257K->35905K(122368K), 0.0024910 secs]
[GC 70721K->35905K(121856K), 0.0023470 secs]
[GC 70209K->35913K(121344K), 0.0063720 secs]
[GC 69705K->35945K(120832K), 0.0046870 secs]
[GC 69225K->35913K(120320K), 0.0042350 secs]
[GC 68681K->35961K(119808K), 0.0029490 secs]
[GC 68217K->35961K(119296K), 0.0023130 secs]
[GC 67705K->35905K(118784K), 0.0030700 secs]
[GC 67137K->35937K(118272K), 0.0047890 secs]
[GC 66657K->35977K(117760K), 0.0038210 secs]
[GC 66185K->35977K(117248K), 0.0028520 secs]
[GC 65673K->35961K(116736K), 0.0036450 secs]
[GC 65145K->35961K(116224K), 0.0023460 secs]
[GC 64633K->35961K(115712K), 0.0028490 secs]
[GC 64121K->35977K(115200K), 0.0030640 secs]
[GC 63625K->35945K(114688K), 0.0041690 secs]
[GC 63081K->35945K(114176K), 0.0029030 secs]
[GC 62569K->35985K(113664K), 0.0035910 secs]
[GC 62097K->36017K(113152K), 0.0023080 secs]
[GC 61617K->35993K(112640K), 0.0050120 secs]
[GC 61081K->35969K(112128K), 0.0035350 secs]
[GC 60545K->35969K(111616K), 0.0028160 secs]
[GC 60033K->36041K(116736K), 0.0057850 secs]
[GC 65225K->36041K(116224K), 0.0029240 secs]
[GC 64713K->36041K(115712K), 0.0038200 secs]
[GC 64201K->36017K(115200K), 0.0024480 secs]
[GC 63665K->36017K(114688K), 0.0037340 secs]
[GC 63153K->36057K(114176K), 0.0053040 secs]
[GC 62681K->36025K(113664K), 0.0031890 secs]
[GC 62137K->36057K(119296K), 0.0061140 secs]
[GC 67801K->36081K(118784K), 0.0020990 secs]
[GC 67313K->36081K(125440K), 0.0069100 secs]
[GC 73969K->36089K(133120K), 0.0036130 secs]
[GC 81657K->36057K(132096K), 0.0029970 secs]
[GC 80601K->36065K(131072K), 0.0049600 secs]
[GC 79585K->36073K(130048K), 0.0034720 secs]
[GC 78569K->36121K(129024K), 0.0029200 secs]
[GC 77593K->36097K(128000K), 0.0073480 secs]
[GC 76545K->36129K(126976K), 0.0023370 secs]
[GC 75553K->36137K(125952K), 0.0028960 secs]
[GC 74537K->36105K(125440K), 0.0023740 secs]
[GC 73993K->36105K(124928K), 0.0025710 secs]
[GC 73481K->36161K(124416K), 0.0024750 secs]
[GC 73025K->36097K(123904K), 0.0023220 secs]
[GC 72448K->36137K(123392K), 0.0023750 secs]
[GC 71977K->36105K(122880K), 0.0066640 secs]
[GC 71433K->36113K(122368K), 0.0028050 secs]
[GC 70929K->36113K(121856K), 0.0025200 secs]
[GC 70417K->36121K(121344K), 0.0031630 secs]
[GC 69913K->36121K(120832K), 0.0044950 secs]
[GC 69401K->36161K(120320K), 0.0045440 secs]
[GC 68929K->36161K(119808K), 0.0036090 secs]
[GC 68417K->36161K(119296K), 0.0027460 secs]
[GC 67905K->36201K(118784K), 0.0043290 secs]
[GC 67433K->36169K(118272K), 0.0048150 secs]
[GC 66889K->36177K(124416K), 0.0075310 secs]
[GC 73041K->36145K(132096K), 0.0037150 secs]
[GC 80689K->36209K(131072K), 0.0026330 secs]
[GC 79729K->36209K(130048K), 0.0026050 secs]
[GC 78705K->36217K(129024K), 0.0055190 secs]
[GC 77689K->36185K(128000K), 0.0026300 secs]
[GC 76633K->36153K(126976K), 0.0071580 secs]
[GC 75577K->36225K(125952K), 0.0027620 secs]
[GC 74625K->36193K(125440K), 0.0022470 secs]
[GC 74081K->36193K(124928K), 0.0025340 secs]
[GC 73565K->36249K(124416K), 0.0070100 secs]
[GC 73113K->36249K(123904K), 0.0027270 secs]
[GC 72601K->36273K(123392K), 0.0027990 secs]
[GC 72113K->36241K(122880K), 0.0025000 secs]
[GC 71569K->36297K(122368K), 0.0036610 secs]
[GC 71113K->36265K(121856K), 0.0024250 secs]
[GC 70569K->36241K(121344K), 0.0028390 secs]
[GC 70033K->36273K(120832K), 0.0036960 secs]
[GC 69553K->36249K(120320K), 0.0046910 secs]
[GC 69017K->36281K(119808K), 0.0023700 secs]
[GC 68537K->36289K(119296K), 0.0023840 secs]
[GC 68033K->36257K(118784K), 0.0069220 secs]
[GC 67489K->36265K(125440K), 0.0059950 secs]
[GC 74153K->36329K(124928K), 0.0035200 secs]
[GC 73705K->36329K(132608K), 0.0068370 secs]
[GC 81385K->36273K(131584K), 0.0039160 secs]
[GC 80305K->36273K(130560K), 0.0033860 secs]
[GC 79281K->36305K(129536K), 0.0029560 secs]
[GC 78289K->36281K(128512K), 0.0044910 secs]
[GC 77241K->36313K(127488K), 0.0031580 secs]
[GC 76249K->36257K(126464K), 0.0045410 secs]
[GC 75169K->36353K(125440K), 0.0039010 secs]
[GC 74241K->36329K(124928K), 0.0028710 secs]
[GC 73705K->36337K(124416K), 0.0038050 secs]
[GC 73201K->36305K(123904K), 0.0024950 secs]
[GC 72657K->36321K(123392K), 0.0033160 secs]
[GC 72161K->36353K(122880K), 0.0031980 secs]
[GC 71681K->36361K(122368K), 0.0029490 secs]
[GC 71177K->36393K(121856K), 0.0026710 secs]
[GC 70697K->36369K(121344K), 0.0039590 secs]
[GC 70161K->36401K(120832K), 0.0023720 secs]
[GC 69681K->36385K(120320K), 0.0029400 secs]
[GC 69153K->36385K(119808K), 0.0029150 secs]
[GC 68641K->36385K(119296K), 0.0030130 secs]
[GC 68129K->36425K(118784K), 0.0067810 secs]
[GC 67657K->36361K(118272K), 0.0023060 secs]
[GC 67081K->36401K(117760K), 0.0025840 secs]
[GC 66609K->36369K(117248K), 0.0026840 secs]
[GC 66065K->36433K(116736K), 0.0023820 secs]
[GC 65617K->36409K(116224K), 0.0031370 secs]
[GC 65081K->36409K(115712K), 0.0034590 secs]
[GC 64569K->36449K(115200K), 0.0024660 secs]
[GC 64097K->36417K(114688K), 0.0034860 secs]
[GC 63553K->36385K(114176K), 0.0026720 secs]
[GC 63009K->36457K(113664K), 0.0032450 secs]
[GC 62569K->36393K(113152K), 0.0041900 secs]
[GC 61993K->36433K(112640K), 0.0031310 secs]
[GC 61521K->36473K(112128K), 0.0035460 secs]
[GC 61049K->36473K(111616K), 0.0026630 secs]
[GC 60537K->36441K(111616K), 0.0035250 secs]
[GC 60505K->36449K(116736K), 0.0035290 secs]
[GC 65633K->36449K(116224K), 0.0033870 secs]
[GC 65121K->36481K(115712K), 0.0021670 secs]
[GC 64641K->36489K(121344K), 0.0074440 secs]
[GC 70281K->36489K(128512K), 0.0035420 secs]
[GC 77449K->36497K(127488K), 0.0026260 secs]
[GC 76433K->36497K(126464K), 0.0027670 secs]
[GC 75409K->36473K(125440K), 0.0034020 secs]
[GC 74361K->36505K(124928K), 0.0055640 secs]
[GC 73881K->36481K(124416K), 0.0034670 secs]
[GC 73345K->36521K(123904K), 0.0031370 secs]
[GC 72873K->36545K(123392K), 0.0024220 secs]
[GC 72385K->36513K(122880K), 0.0044650 secs]
[GC 71841K->36553K(122368K), 0.0039420 secs]
[GC 71369K->36529K(121856K), 0.0026030 secs]
[GC 70833K->36529K(121344K), 0.0026710 secs]
[GC 70321K->36577K(120832K), 0.0026350 secs]
[GC 69857K->36513K(120320K), 0.0039120 secs]
[GC 69281K->36553K(119808K), 0.0074480 secs]
[GC 68809K->36537K(119296K), 0.0023440 secs]
[GC 68281K->36609K(118784K), 0.0026480 secs]
[GC 67841K->36609K(118272K), 0.0025380 secs]
[GC 67329K->36617K(117760K), 0.0025180 secs]
[GC 66825K->36617K(117248K), 0.0025930 secs]
[GC 66313K->36585K(116736K), 0.0024620 secs]
[GC 65769K->36601K(116224K), 0.0066010 secs]
[GC 65273K->36601K(115712K), 0.0025230 secs]
[GC 64761K->36609K(115200K), 0.0043630 secs]
[GC 64257K->36577K(114688K), 0.0031160 secs]
[GC 63713K->36609K(114176K), 0.0021760 secs]
[GC 63232K->36657K(113664K), 0.0062860 secs]
[GC 62769K->36657K(113152K), 0.0034930 secs]
[GC 62257K->36665K(112640K), 0.0028570 secs]
[GC 61753K->36665K(112128K), 0.0025820 secs]
[GC 61241K->36601K(111616K), 0.0029170 secs]
[GC 60665K->36673K(111616K), 0.0051150 secs]
[GC 60737K->36689K(111616K), 0.0025540 secs]
[GC 60753K->36697K(111616K), 0.0037660 secs]
[GC 60761K->36729K(111616K), 0.0022310 secs]
[GC 60793K->36729K(111616K), 0.0020500 secs]
[GC 60793K->36673K(111616K), 0.0038700 secs]
[GC 60737K->36713K(111616K), 0.0026650 secs]
[GC 60777K->36753K(111616K), 0.0025530 secs]
[GC 60817K->36769K(116736K), 0.0070380 secs]
[GC 65953K->36737K(116224K), 0.0029550 secs]
[GC 65409K->36785K(115712K), 0.0034810 secs]
[GC 64943K->36785K(115200K), 0.0028260 secs]
[GC 64433K->36793K(114688K), 0.0039820 secs]
[GC 63929K->36729K(120320K), 0.0066400 secs]
[GC 69497K->36817K(119808K), 0.0033010 secs]
[GC 69073K->36825K(126464K), 0.0058900 secs]
[GC 75737K->36761K(134656K), 0.0081830 secs]
[GC 83865K->36761K(144384K), 0.0072180 secs]
[GC 93593K->36809K(142848K), 0.0025890 secs]
[GC 92105K->36841K(141312K), 0.0040940 secs]
[GC 90601K->36841K(139776K), 0.0065690 secs]
[GC 89065K->36849K(138240K), 0.0031700 secs]
[GC 87537K->36857K(137216K), 0.0027310 secs]
[GC 86521K->36857K(136192K), 0.0022610 secs]
[GC 85497K->36825K(135168K), 0.0029370 secs]
[GC 84441K->36865K(134144K), 0.0059670 secs]
[GC 83457K->36865K(133120K), 0.0090020 secs]
[GC 82433K->36833K(132096K), 0.0022060 secs]
[GC 81377K->36841K(131072K), 0.0043550 secs]
[GC 80361K->36841K(130048K), 0.0045460 secs]
[GC 79337K->36881K(129024K), 0.0051000 secs]
[GC 78353K->36849K(128000K), 0.0023750 secs]
[GC 77297K->36857K(126976K), 0.0062700 secs]
[GC 76281K->36857K(125952K), 0.0040310 secs]
[GC 75257K->36825K(125440K), 0.0030090 secs]
[GC 74713K->36865K(124928K), 0.0021530 secs]
[GC 74241K->36897K(124416K), 0.0024130 secs]
[GC 73761K->36873K(123904K), 0.0034610 secs]
[GC 73225K->36873K(123392K), 0.0025810 secs]
[GC 72713K->36889K(122880K), 0.0033250 secs]
[GC 72217K->36889K(122368K), 0.0028980 secs]
[GC 71705K->36929K(121856K), 0.0069970 secs]
[GC 71233K->36897K(121344K), 0.0074690 secs]
[GC 70689K->36945K(120832K), 0.0045280 secs]
[GC 70225K->36913K(120320K), 0.0030520 secs]
[GC 69681K->36945K(119808K), 0.0024660 secs]
[GC 69201K->36953K(119296K), 0.0035180 secs]
[GC 68697K->36921K(118784K), 0.0022320 secs]
[GC 68153K->36897K(118272K), 0.0044370 secs]
[GC 67617K->36961K(117760K), 0.0022510 secs]
[GC 67169K->36873K(117248K), 0.0025010 secs]
[GC 66569K->36937K(116736K), 0.0024570 secs]
[GC 66121K->36953K(116224K), 0.0060890 secs]
[GC 65625K->36993K(115712K), 0.0025430 secs]
[GC 65153K->36961K(115200K), 0.0081130 secs]
[GC 64609K->36929K(114688K), 0.0035420 secs]
[GC 64065K->36937K(114176K), 0.0029800 secs]
[GC 63561K->36937K(113664K), 0.0028150 secs]
[GC 63049K->36977K(113152K), 0.0026970 secs]
[GC 62577K->36913K(112640K), 0.0050260 secs]
[GC 62001K->36977K(112128K), 0.0033340 secs]
[GC 61553K->36993K(117248K), 0.0069020 secs]
[GC 66689K->36993K(116736K), 0.0025340 secs]
[GC 66177K->37041K(116224K), 0.0036920 secs]
[GC 65713K->37041K(115712K), 0.0041330 secs]
[GC 65200K->37057K(115200K), 0.0024610 secs]
[GC 64705K->37057K(114688K), 0.0031550 secs]
[GC 64193K->37025K(114176K), 0.0023810 secs]
[GC 63649K->37073K(113664K), 0.0048580 secs]
[GC 63185K->37041K(113152K), 0.0035460 secs]
[GC 62641K->37017K(112640K), 0.0068370 secs]
[GC 62105K->37057K(112128K), 0.0021480 secs]
[GC 61633K->37033K(111616K), 0.0040310 secs]
[GC 61097K->37081K(111616K), 0.0048150 secs]
[GC 61145K->37129K(111616K), 0.0044700 secs]
[GC 61193K->37113K(111616K), 0.0025830 secs]
[GC 61177K->37089K(111616K), 0.0027470 secs]
[GC 61153K->37161K(111616K), 0.0035220 secs]
[GC 61225K->37129K(116736K), 0.0072010 secs]
[GC 66313K->37137K(116224K), 0.0022260 secs]
[GC 65809K->37185K(115712K), 0.0037550 secs]
[GC 65345K->37169K(121344K), 0.0065210 secs]
[GC 70961K->37169K(120832K), 0.0022300 secs]
[GC 70449K->37185K(120320K), 0.0022540 secs]
[GC 69953K->37185K(119808K), 0.0024810 secs]
[GC 69441K->37225K(119296K), 0.0026450 secs]
[GC 68969K->37193K(118784K), 0.0080790 secs]
[GC 68425K->37241K(118272K), 0.0025020 secs]
[GC 67959K->37209K(117760K), 0.0028920 secs]
[GC 67417K->37257K(117248K), 0.0020860 secs]
[GC 66953K->37225K(116736K), 0.0061870 secs]
[GC 66409K->37233K(116224K), 0.0026200 secs]
[GC 65905K->37201K(115712K), 0.0043410 secs]
[GC 65361K->37273K(115200K), 0.0027200 secs]
[GC 64921K->37241K(114688K), 0.0021750 secs]
[GC 64377K->37281K(114176K), 0.0035090 secs]
[GC 63905K->37281K(113664K), 0.0034860 secs]
[GC 63390K->37217K(113152K), 0.0028220 secs]
[GC 62817K->37257K(112640K), 0.0021300 secs]
[GC 62345K->37225K(112128K), 0.0080300 secs]
[GC 61801K->37305K(111616K), 0.0028650 secs]
[GC 61369K->37305K(111616K), 0.0030420 secs]
[GC 61369K->37321K(111616K), 0.0027300 secs]
[GC 61385K->37337K(111616K), 0.0022590 secs]
[GC 61401K->37273K(111616K), 0.0029070 secs]
[GC 61337K->37273K(111616K), 0.0043660 secs]
[GC 61337K->37353K(111616K), 0.0027600 secs]
[GC 61417K->37353K(116736K), 0.0080750 secs]
[GC 66537K->37321K(122880K), 0.0033960 secs]
[GC 72649K->37297K(122368K), 0.0030650 secs]
[GC 72113K->37361K(121856K), 0.0026360 secs]
[GC 71665K->37337K(121344K), 0.0022670 secs]
[GC 71129K->37337K(120832K), 0.0038990 secs]
[GC 70617K->37281K(120320K), 0.0051520 secs]
[GC 70049K->37345K(119808K), 0.0025380 secs]
[GC 69601K->37353K(119296K), 0.0037850 secs]
[GC 69097K->37353K(118784K), 0.0036840 secs]
[GC 68585K->37409K(118272K), 0.0025190 secs]
[GC 68129K->37345K(117760K), 0.0028860 secs]
[GC 67553K->37425K(117248K), 0.0070790 secs]
[GC 67120K->37425K(116736K), 0.0026770 secs]
[GC 66609K->37401K(122880K), 0.0058510 secs]
[GC 72729K->37401K(122368K), 0.0027730 secs]
[GC 72217K->37433K(121856K), 0.0022230 secs]
[GC 71737K->37441K(121344K), 0.0045760 secs]
[GC 71233K->37385K(128512K), 0.0078620 secs]
[GC 78345K->37441K(127488K), 0.0026170 secs]
[GC 77377K->37441K(126464K), 0.0034800 secs]
[GC 76353K->37481K(125440K), 0.0021860 secs]
[GC 75369K->37417K(124928K), 0.0041290 secs]
[GC 74793K->37497K(124416K), 0.0035290 secs]
[GC 74361K->37497K(123904K), 0.0028780 secs]
[GC 73849K->37513K(123392K), 0.0022700 secs]
[GC 73353K->37513K(122880K), 0.0024050 secs]
[GC 72841K->37513K(122368K), 0.0046850 secs]
[GC 72329K->37521K(121856K), 0.0026160 secs]
[GC 71825K->37521K(121344K), 0.0023740 secs]
[GC 71313K->37505K(120832K), 0.0025300 secs]
[GC 70785K->37473K(120320K), 0.0037350 secs]
[GC 70241K->37473K(119808K), 0.0043190 secs]
[GC 69729K->37481K(119296K), 0.0030460 secs]
[GC 69225K->37513K(118784K), 0.0039390 secs]
[GC 68745K->37521K(118272K), 0.0031880 secs]
[GC 68241K->37457K(117760K), 0.0043820 secs]
[GC 67665K->37529K(117248K), 0.0035150 secs]
[GC 67225K->37529K(116736K), 0.0028170 secs]
[GC 66713K->37569K(116224K), 0.0020630 secs]
[GC 66241K->37569K(115712K), 0.0058100 secs]
[GC 65725K->37553K(115200K), 0.0026590 secs]
[GC 65201K->37585K(114688K), 0.0024130 secs]
[GC 64721K->37553K(114176K), 0.0083610 secs]
[GC 64177K->37561K(113664K), 0.0022480 secs]
[GC 63669K->37561K(113152K), 0.0048030 secs]
[GC 63161K->37593K(112640K), 0.0020950 secs]
[GC 62681K->37561K(112128K), 0.0046250 secs]
[GC 62137K->37569K(111616K), 0.0023960 secs]
[GC 61633K->37601K(111616K), 0.0031980 secs]
[GC 61665K->37577K(111616K), 0.0022340 secs]
[GC 61641K->37609K(111616K), 0.0027540 secs]
[GC 61673K->37593K(111616K), 0.0024610 secs]
[GC 61657K->37641K(111616K), 0.0040140 secs]
[GC 61705K->37609K(111616K), 0.0023070 secs]
[GC 61673K->37585K(111616K), 0.0035890 secs]
[GC 61647K->37649K(111616K), 0.0033380 secs]
[GC 61713K->37665K(111616K), 0.0020130 secs]
[GC 61729K->37633K(111616K), 0.0034100 secs]
[GC 61697K->37681K(111616K), 0.0077390 secs]
[GC 61742K->37649K(111616K), 0.0064680 secs]
[GC 61713K->37705K(111616K), 0.0024000 secs]
[GC 61769K->37641K(111616K), 0.0063010 secs]
[GC 61705K->37681K(116736K), 0.0080230 secs]
[GC 66865K->37681K(116224K), 0.0023030 secs]
[GC 66353K->37721K(115712K), 0.0023180 secs]
[GC 65881K->37689K(115200K), 0.0023970 secs]
[GC 65337K->37697K(114688K), 0.0057440 secs]
[GC 64833K->37729K(114176K), 0.0060550 secs]
[GC 64353K->37705K(113664K), 0.0025260 secs]
[GC 63813K->37705K(113152K), 0.0025470 secs]
[GC 63305K->37713K(112640K), 0.0041990 secs]
[GC 62801K->37745K(112128K), 0.0029690 secs]
[GC 62321K->37721K(111616K), 0.0049360 secs]
[GC 61785K->37721K(111616K), 0.0043730 secs]
[GC 61785K->37729K(111616K), 0.0021820 secs]
[GC 61793K->37761K(111616K), 0.0043030 secs]
[GC 61825K->37769K(111616K), 0.0059770 secs]
[GC 61833K->37737K(111616K), 0.0024360 secs]
[GC 61801K->37769K(111616K), 0.0025240 secs]
[GC 61833K->37777K(111616K), 0.0031510 secs]
[GC 61841K->37745K(111616K), 0.0069130 secs]
[GC 61809K->37785K(111616K), 0.0060740 secs]
[GC 61849K->37785K(111616K), 0.0024720 secs]
[GC 61849K->37761K(111616K), 0.0032920 secs]
[GC 61825K->37793K(111616K), 0.0026320 secs]
[GC 61857K->37729K(111616K), 0.0023800 secs]
[GC 61793K->37737K(111616K), 0.0064910 secs]
[GC 61801K->37801K(111616K), 0.0038840 secs]
[GC 61865K->37777K(111616K), 0.0022620 secs]
[GC 61841K->37777K(111616K), 0.0022740 secs]
[GC 61841K->37777K(111616K), 0.0043800 secs]
[GC 61841K->37785K(111616K), 0.0037810 secs]
[GC 61849K->37785K(111616K), 0.0033000 secs]
[GC 61849K->37761K(111616K), 0.0033360 secs]
[GC 61825K->37825K(111616K), 0.0032300 secs]
[GC 61889K->37833K(111616K), 0.0045830 secs]
[GC 61897K->37833K(111616K), 0.0024640 secs]
[GC 61897K->37817K(111616K), 0.0022110 secs]
[GC 61881K->37849K(111616K), 0.0031910 secs]
[GC 61913K->37865K(111616K), 0.0056090 secs]
[GC 61929K->37801K(111616K), 0.0031120 secs]
[GC 61865K->37865K(111616K), 0.0029520 secs]
[GC 61929K->37873K(111616K), 0.0024330 secs]
[GC 61937K->37873K(111616K), 0.0032870 secs]
[GC 61937K->37881K(111616K), 0.0046150 secs]
[GC 61945K->37881K(111616K), 0.0030610 secs]
[GC 61945K->37857K(111616K), 0.0038120 secs]
[GC 61921K->37889K(111616K), 0.0024110 secs]
[GC 61953K->37865K(111616K), 0.0021900 secs]
[GC 61929K->37865K(111616K), 0.0023020 secs]
[GC 61929K->37913K(111616K), 0.0023980 secs]
[GC 61977K->37913K(111616K), 0.0068160 secs]
[GC 61977K->37913K(111616K), 0.0041850 secs]
[GC 61975K->37913K(111616K), 0.0024500 secs]
[GC 61977K->37897K(111616K), 0.0064020 secs]
[GC 61961K->37865K(111616K), 0.0024930 secs]
[GC 61929K->37929K(111616K), 0.0044930 secs]
[GC 61993K->37937K(116736K), 0.0082320 secs]
[GC 67121K->37937K(122880K), 0.0032910 secs]
[GC 73265K->37913K(122368K), 0.0021980 secs]
[GC 72729K->37913K(121856K), 0.0026170 secs]
[GC 72217K->37945K(121344K), 0.0024730 secs]
[GC 71737K->37921K(120832K), 0.0030660 secs]
[GC 71201K->37921K(120320K), 0.0058660 secs]
[GC 70689K->37929K(119808K), 0.0030000 secs]
[GC 70185K->37961K(119296K), 0.0023490 secs]
[GC 69705K->37905K(118784K), 0.0022910 secs]
[GC 69137K->37905K(118272K), 0.0024050 secs]
[GC 68625K->37969K(117760K), 0.0047490 secs]
[GC 68177K->37985K(117248K), 0.0051360 secs]
[GC 67681K->37953K(116736K), 0.0037860 secs]
[GC 67137K->37961K(116224K), 0.0021660 secs]
[GC 66633K->37993K(115712K), 0.0052220 secs]
[GC 66153K->38009K(115200K), 0.0022380 secs]
[GC 65657K->38009K(114688K), 0.0022340 secs]
[GC 65145K->38017K(114176K), 0.0037400 secs]
[GC 64641K->37985K(113664K), 0.0041990 secs]
[GC 64095K->37993K(113152K), 0.0023250 secs]
[GC 63591K->37961K(112640K), 0.0038590 secs]
[GC 63049K->38001K(112128K), 0.0038230 secs]
[GC 62577K->38001K(111616K), 0.0023930 secs]
[GC 62065K->38041K(111616K), 0.0025400 secs]
[GC 62105K->38049K(111616K), 0.0025600 secs]
[GC 62113K->37985K(111616K), 0.0046670 secs]
[GC 62049K->37993K(111616K), 0.0030810 secs]
[GC 62057K->38057K(111616K), 0.0034500 secs]
[GC 62121K->38033K(111616K), 0.0032450 secs]
[GC 62097K->38073K(111616K), 0.0041460 secs]
[GC 62137K->38041K(111616K), 0.0022110 secs]
[GC 62104K->38049K(111616K), 0.0023140 secs]
[GC 62113K->38081K(111616K), 0.0028960 secs]
[GC 62145K->38081K(116736K), 0.0066710 secs]
[GC 67262K->38097K(122880K), 0.0083940 secs]
[GC 73425K->38097K(130048K), 0.0025190 secs]
[GC 80593K->38065K(129024K), 0.0041240 secs]
[GC 79537K->38065K(128000K), 0.0029420 secs]
[GC 78513K->38073K(126976K), 0.0021020 secs]
[GC 77497K->38041K(125952K), 0.0051690 secs]
[GC 76441K->38105K(125440K), 0.0037910 secs]
[GC 75993K->38081K(124928K), 0.0036710 secs]
[GC 75457K->38049K(124416K), 0.0029310 secs]
[GC 74913K->38121K(123904K), 0.0024200 secs]
[GC 74473K->38057K(123392K), 0.0030290 secs]
[GC 73897K->38137K(122880K), 0.0021280 secs]
[GC 73465K->38105K(122368K), 0.0025190 secs]
[GC 72921K->38145K(121856K), 0.0029110 secs]
[GC 72449K->38145K(121344K), 0.0023390 secs]
[GC 71937K->38113K(120832K), 0.0025890 secs]
[GC 71393K->38121K(120320K), 0.0061980 secs]
[GC 70889K->38153K(119808K), 0.0023590 secs]
[GC 70409K->38137K(119296K), 0.0023760 secs]
[GC 69881K->38177K(118784K), 0.0025640 secs]
[GC 69409K->38193K(118272K), 0.0067570 secs]
[GC 68913K->38129K(117760K), 0.0024740 secs]
[GC 68337K->38201K(123904K), 0.0076590 secs]
[GC 74553K->38169K(123392K), 0.0030620 secs]
[GC 74009K->38217K(122880K), 0.0035160 secs]
[GC 73545K->38185K(130048K), 0.0073300 secs]
[GC 80681K->38185K(129024K), 0.0038880 secs]
[GC 79657K->38217K(128000K), 0.0023720 secs]
[GC 78665K->38193K(126976K), 0.0070480 secs]
[GC 77617K->38169K(125952K), 0.0051570 secs]
[GC 76569K->38241K(133632K), 0.0076940 secs]
[GC 84321K->38217K(132608K), 0.0025860 secs]
[GC 83273K->38249K(131584K), 0.0038080 secs]
[GC 82281K->38217K(130560K), 0.0025320 secs]
[GC 81225K->38257K(129536K), 0.0027720 secs]
[GC 80241K->38225K(128512K), 0.0028760 secs]
[GC 79185K->38281K(127488K), 0.0036710 secs]
[GC 78214K->38249K(126464K), 0.0031050 secs]
[GC 77161K->38225K(125440K), 0.0021960 secs]
[GC 76113K->38257K(124928K), 0.0023200 secs]
[GC 75633K->38273K(124416K), 0.0024300 secs]
[GC 75137K->38241K(123904K), 0.0038210 secs]
[GC 74593K->38281K(123392K), 0.0040510 secs]
[GC 74121K->38313K(122880K), 0.0031650 secs]
[GC 73641K->38329K(122368K), 0.0066750 secs]
[GC 73145K->38329K(121856K), 0.0045240 secs]
[GC 72633K->38305K(121344K), 0.0022940 secs]
[GC 72097K->38305K(120832K), 0.0028080 secs]
[GC 71585K->38345K(120320K), 0.0044110 secs]
[GC 71113K->38345K(119808K), 0.0024070 secs]
[GC 70601K->38321K(119296K), 0.0028450 secs]
[GC 70065K->38289K(118784K), 0.0025790 secs]
[GC 69521K->38361K(118272K), 0.0038070 secs]
[GC 69081K->38329K(117760K), 0.0022350 secs]
[GC 68537K->38345K(117248K), 0.0045660 secs]
[GC 68041K->38385K(116736K), 0.0028630 secs]
[GC 67569K->38353K(122880K), 0.0065030 secs]
[GC 73681K->38409K(122368K), 0.0022240 secs]
[GC 73225K->38417K(121856K), 0.0027830 secs]
[GC 72721K->38417K(121344K), 0.0060310 secs]
[GC 72209K->38425K(120832K), 0.0024050 secs]
[GC 71705K->38393K(120320K), 0.0021560 secs]
[GC 71158K->38401K(119808K), 0.0064830 secs]
[GC 70657K->38401K(126464K), 0.0064700 secs]
[GC 77313K->38401K(134656K), 0.0061840 secs]
[GC 85505K->38449K(144384K), 0.0069490 secs]
[GC 95281K->38417K(142848K), 0.0026800 secs]
[GC 93713K->38457K(141312K), 0.0032750 secs]
[GC 92217K->38425K(139776K), 0.0021780 secs]
[GC 90649K->38425K(138240K), 0.0022860 secs]
[GC 89113K->38401K(137216K), 0.0046840 secs]
[GC 88065K->38441K(136192K), 0.0041920 secs]
[GC 87081K->38473K(135168K), 0.0057140 secs]
[GC 86089K->38441K(134144K), 0.0027270 secs]
[GC 85033K->38489K(133120K), 0.0026530 secs]
[GC 84057K->38457K(132096K), 0.0022660 secs]
[GC 83001K->38457K(131072K), 0.0025440 secs]
[GC 81977K->38489K(130048K), 0.0077950 secs]
[GC 80985K->38465K(129024K), 0.0022700 secs]
[GC 79937K->38497K(128000K), 0.0022590 secs]
[GC 78943K->38473K(126976K), 0.0025320 secs]
[GC 77897K->38473K(125952K), 0.0029690 secs]
[GC 76873K->38481K(125440K), 0.0025240 secs]
[GC 76369K->38529K(124928K), 0.0030240 secs]
[GC 75905K->38473K(124416K), 0.0047820 secs]
[GC 75337K->38545K(123904K), 0.0036590 secs]
